 Entering Gaussian System, Link 0=g09
 Initial command:
 /usr/local/apps/g09/l1.exe "/wrk/irikura/Gau-30036.inp" -scrdir="/wrk/irikura/"
 Entering Link 1 = /usr/local/apps/g09/l1.exe PID=     30038.
  
 Copyright (c) 1988,1990,1992,1993,1995,1998,2003,2009,2013,
            Gaussian, Inc.  All Rights Reserved.
  
 This is part of the Gaussian(R) 09 program.  It is based on
 the Gaussian(R) 03 system (copyright 2003, Gaussian, Inc.),
 the Gaussian(R) 98 system (copyright 1998, Gaussian, Inc.),
 the Gaussian(R) 94 system (copyright 1995, Gaussian, Inc.),
 the Gaussian 92(TM) system (copyright 1992, Gaussian, Inc.),
 the Gaussian 90(TM) system (copyright 1990, Gaussian, Inc.),
 the Gaussian 88(TM) system (copyright 1988, Gaussian, Inc.),
 the Gaussian 86(TM) system (copyright 1986, Carnegie Mellon
 University), and the Gaussian 82(TM) system (copyright 1983,
 Carnegie Mellon University). Gaussian is a federally registered
 trademark of Gaussian, Inc.
  
 This software contains proprietary and confidential information,
 including trade secrets, belonging to Gaussian, Inc.
  
 This software is provided under written license and may be
 used, copied, transmitted, or stored only in accord with that
 written license.
  
 The following legend is applicable only to US Government
 contracts under FAR:
  
                    RESTRICTED RIGHTS LEGEND
  
 Use, reproduction and disclosure by the US Government is
 subject to restrictions as set forth in subparagraphs (a)
 and (c) of the Commercial Computer Software - Restricted
 Rights clause in FAR 52.227-19.
  
 Gaussian, Inc.
 340 Quinnipiac St., Bldg. 40, Wallingford CT 06492
  
  
 ---------------------------------------------------------------
 Warning -- This program may not be used in any manner that
 competes with the business of Gaussian, Inc. or will provide
 assistance to any competitor of Gaussian, Inc.  The licensee
 of this program is prohibited from giving any competitor of
 Gaussian, Inc. access to this program.  By using this program,
 the user acknowledges that Gaussian, Inc. is engaged in the
 business of creating and licensing software in the field of
 computational chemistry and represents and warrants to the
 licensee that it is not a competitor of Gaussian, Inc. and that
 it will not use this program in any manner prohibited above.
 ---------------------------------------------------------------
  

 Cite this work as:
 Gaussian 09, Revision D.01,
 M. J. Frisch, G. W. Trucks, H. B. Schlegel, G. E. Scuseria, 
 M. A. Robb, J. R. Cheeseman, G. Scalmani, V. Barone, B. Mennucci, 
 G. A. Petersson, H. Nakatsuji, M. Caricato, X. Li, H. P. Hratchian, 
 A. F. Izmaylov, J. Bloino, G. Zheng, J. L. Sonnenberg, M. Hada, 
 M. Ehara, K. Toyota, R. Fukuda, J. Hasegawa, M. Ishida, T. Nakajima, 
 Y. Honda, O. Kitao, H. Nakai, T. Vreven, J. A. Montgomery, Jr., 
 J. E. Peralta, F. Ogliaro, M. Bearpark, J. J. Heyd, E. Brothers, 
 K. N. Kudin, V. N. Staroverov, T. Keith, R. Kobayashi, J. Normand, 
 K. Raghavachari, A. Rendell, J. C. Burant, S. S. Iyengar, J. Tomasi, 
 M. Cossi, N. Rega, J. M. Millam, M. Klene, J. E. Knox, J. B. Cross, 
 V. Bakken, C. Adamo, J. Jaramillo, R. Gomperts, R. E. Stratmann, 
 O. Yazyev, A. J. Austin, R. Cammi, C. Pomelli, J. W. Ochterski, 
 R. L. Martin, K. Morokuma, V. G. Zakrzewski, G. A. Voth, 
 P. Salvador, J. J. Dannenberg, S. Dapprich, A. D. Daniels, 
 O. Farkas, J. B. Foresman, J. V. Ortiz, J. Cioslowski, 
 and D. J. Fox, Gaussian, Inc., Wallingford CT, 2013.
 
 ******************************************
 Gaussian 09:  ES64L-G09RevD.01 24-Apr-2013
                19-May-2017 
 ******************************************
 %chk=Li.chk
 %nprocs=2
 Will use up to    2 processors via shared memory.
 %mem=1000mw
 --------------------------------------------------------
 # CCSD(T,maxcyc=100,full)/GEN gfinput geom=check scf=xqc
 --------------------------------------------------------
 1/29=2,38=1/1;
 2/12=2,40=1/2;
 3/5=7,11=9,14=-4,16=1,24=10,25=1,30=1/1,2,3;
 4//1;
 5/5=2,8=3,13=1,38=5/2,8;
 8/6=4,9=120000,10=90/1,4;
 9/5=7,6=100,14=2/13;
 6/7=2,8=2,9=2,10=2/1;
 99/5=1,9=1/99;
 -----------------------------------------------
 BEB step 6: CCSD(T) for neutral Li; active core
 -----------------------------------------------
 Structure from the checkpoint file:  "Li.chk"
 Charge =  0 Multiplicity = 2
 No Z-Matrix found in file; cartesian coordinates used.
  Li                                                0.000000000000      0.000000000000      0.000000000000
 Recover connectivity data from disk.
                          Input orientation:                          
 ---------------------------------------------------------------------
 Center     Atomic      Atomic             Coordinates (Angstroms)
 Number     Number       Type             X           Y           Z
 ---------------------------------------------------------------------
      1          3           0        0.000000    0.000000    0.000000
 ---------------------------------------------------------------------
 Stoichiometry    Li(2)
 Framework group  OH[O(Li)]
 Deg. of freedom     0
 Full point group                 OH      NOp  48
 Largest Abelian subgroup         D2H     NOp   8
 Largest concise Abelian subgroup C1      NOp   1
                         Standard orientation:                         
 ---------------------------------------------------------------------
 Center     Atomic      Atomic             Coordinates (Angstroms)
 Number     Number       Type             X           Y           Z
 ---------------------------------------------------------------------
      1          3           0        0.000000    0.000000    0.000000
 ---------------------------------------------------------------------
 General basis read from cards:  (5D, 7F)
 AO basis set in the form of general basis input (Overlap normalization):
      1 0
 S   8 1.00       0.000000000000
      0.5988000000D+04  0.1746665620D-03
      0.8989000000D+03  0.1348687098D-02
      0.2059000000D+03  0.6961571010D-02
      0.5924000000D+02  0.2742024687D-01
      0.1987000000D+02  0.8698793269D-01
      0.7406000000D+01  0.2118377189D+00
      0.2930000000D+01  0.3948138846D+00
      0.1189000000D+01  0.4034615581D+00
 S   7 1.00       0.000000000000
      0.2059000000D+03  0.6657355503D-04
      0.5924000000D+02 -0.3177819442D-03
      0.1987000000D+02 -0.8127802512D-03
      0.7406000000D+01 -0.1693763873D-01
      0.2930000000D+01 -0.5309571794D-01
      0.1189000000D+01 -0.3079847608D+00
      0.4798000000D+00 -0.6765232842D+00
 S   1 1.00       0.000000000000
      0.7509000000D-01  0.1000000000D+01
 S   1 1.00       0.000000000000
      0.2832000000D-01  0.1000000000D+01
 S   1 1.00       0.000000000000
      0.1974000000D+01  0.1000000000D+01
 S   1 1.00       0.000000000000
      0.6830000000D+00  0.1000000000D+01
 P   3 1.00       0.000000000000
      0.3266000000D+01  0.3554468856D-01
      0.6511000000D+00  0.1957964548D+00
      0.1696000000D+00  0.8639954123D+00
 P   1 1.00       0.000000000000
      0.5578000000D-01  0.1000000000D+01
 P   1 1.00       0.000000000000
      0.2050000000D-01  0.1000000000D+01
 P   1 1.00       0.000000000000
      0.7320000000D+01  0.1000000000D+01
 P   1 1.00       0.000000000000
      0.1875000000D+01  0.1000000000D+01
 D   1 1.00       0.000000000000
      0.1874000000D+00  0.1000000000D+01
 D   1 1.00       0.000000000000
      0.8010000000D-01  0.1000000000D+01
 D   1 1.00       0.000000000000
      0.4912000000D+01  0.1000000000D+01
 F   1 1.00       0.000000000000
      0.1829000000D+00  0.1000000000D+01
 ****

 There are    15 symmetry adapted cartesian basis functions of AG  symmetry.
 There are     3 symmetry adapted cartesian basis functions of B1G symmetry.
 There are     3 symmetry adapted cartesian basis functions of B2G symmetry.
 There are     3 symmetry adapted cartesian basis functions of B3G symmetry.
 There are     1 symmetry adapted cartesian basis functions of AU  symmetry.
 There are     8 symmetry adapted cartesian basis functions of B1U symmetry.
 There are     8 symmetry adapted cartesian basis functions of B2U symmetry.
 There are     8 symmetry adapted cartesian basis functions of B3U symmetry.
 There are    12 symmetry adapted basis functions of AG  symmetry.
 There are     3 symmetry adapted basis functions of B1G symmetry.
 There are     3 symmetry adapted basis functions of B2G symmetry.
 There are     3 symmetry adapted basis functions of B3G symmetry.
 There are     1 symmetry adapted basis functions of AU  symmetry.
 There are     7 symmetry adapted basis functions of B1U symmetry.
 There are     7 symmetry adapted basis functions of B2U symmetry.
 There are     7 symmetry adapted basis functions of B3U symmetry.
    43 basis functions,    68 primitive gaussians,    49 cartesian basis functions
     2 alpha electrons        1 beta electrons
       nuclear repulsion energy         0.0000000000 Hartrees.
 NAtoms=    1 NActive=    1 NUniq=    1 SFac= 1.00D+00 NAtFMM=   60 NAOKFM=F Big=F
 Integral buffers will be    131072 words long.
 Raffenetti 2 integral format.
 Two-electron integral symmetry is turned on.
 One-electron integrals computed using PRISM.
 NBasis=    43 RedAO= T EigKep=  3.99D-03  NBF=    12     3     3     3     1     7     7     7
 NBsUse=    43 1.00D-06 EigRej= -1.00D+00 NBFU=    12     3     3     3     1     7     7     7
 ExpMin= 2.05D-02 ExpMax= 5.99D+03 ExpMxC= 5.92D+01 IAcc=3 IRadAn=         5 AccDes= 0.00D+00
 Harris functional with IExCor=  205 and IRadAn=       5 diagonalized for initial guess.
 HarFok:  IExCor=  205 AccDes= 0.00D+00 IRadAn=         5 IDoV= 1 UseB2=F ITyADJ=14
 ICtDFT=  3500011 ScaDFX=  1.000000  1.000000  1.000000  1.000000
 FoFCou: FMM=F IPFlag=           0 FMFlag=      100000 FMFlg1=           0
         NFxFlg=           0 DoJE=T BraDBF=F KetDBF=T FulRan=T
         wScrn=  0.000000 ICntrl=     500 IOpCl=  0 I1Cent=   200000004 NGrid=           0
         NMat0=    1 NMatS0=      1 NMatT0=    0 NMatD0=    1 NMtDS0=    0 NMtDT0=    0
 Petite list used in FoFCou.
 Initial guess orbital symmetries:
 Alpha Orbitals:
       Occupied  (A1G) (A1G)
       Virtual   (T1U) (T1U) (T1U) (T1U) (T1U) (T1U) (A1G) (T2G)
                 (T2G) (T2G) (EG) (EG) (T1U) (T1U) (T1U) (T2G)
                 (T2G) (T2G) (EG) (EG) (T2U) (T2U) (T2U) (A2U)
                 (T1U) (T1U) (T1U) (A1G) (T1U) (T1U) (T1U) (A1G)
                 (T2G) (T2G) (T2G) (EG) (EG) (A1G) (T1U) (T1U)
                 (T1U)
 Beta  Orbitals:
       Occupied  (A1G)
       Virtual   (A1G) (T1U) (T1U) (T1U) (T1U) (T1U) (T1U) (A1G)
                 (T2G) (T2G) (T2G) (EG) (EG) (T1U) (T1U) (T1U)
                 (T2G) (T2G) (T2G) (EG) (EG) (T2U) (T2U) (T2U)
                 (A2U) (T1U) (T1U) (T1U) (A1G) (T1U) (T1U) (T1U)
                 (A1G) (T2G) (T2G) (T2G) (EG) (EG) (A1G) (T1U)
                 (T1U) (T1U)
 The electronic state of the initial guess is 2-A1G.
 Initial guess <Sx>= 0.0000 <Sy>= 0.0000 <Sz>= 0.5000 <S**2>= 0.7500 S= 0.5000
 Keep R1 and R2 ints in memory in symmetry-blocked form, NReq=2424960.
 Requested convergence on RMS density matrix=1.00D-08 within  64 cycles.
 Requested convergence on MAX density matrix=1.00D-06.
 Requested convergence on             energy=1.00D-06.
 No special actions if energy rises.
 SCF Done:  E(UHF) =  -7.43270294119     A.U. after    9 cycles
            NFock=  9  Conv=0.32D-09     -V/T= 2.0000
 <Sx>= 0.0000 <Sy>= 0.0000 <Sz>= 0.5000 <S**2>= 0.7500 S= 0.5000
 <L.S>= 0.000000000000E+00
 Annihilation of the first spin contaminant:
 S**2 before annihilation     0.7500,   after     0.7500
 QCSCF skips out because SCF is already converged.
 Range of M.O.s used for correlation:     1    43
 NBasis=    43 NAE=     2 NBE=     1 NFC=     0 NFV=     0
 NROrb=     43 NOA=     2 NOB=     1 NVA=    41 NVB=    42

 **** Warning!!: The largest alpha MO coefficient is  0.14177073D+02


 **** Warning!!: The largest beta MO coefficient is  0.14166859D+02

 Semi-Direct transformation.
 ModeAB=           2 MOrb=             2 LenV=    1048317554
 LASXX=        10264 LTotXX=       10264 LenRXX=       10264
 LTotAB=       11549 MaxLAS=      105350 LenRXY=      105350
 NonZer=      114380 LenScr=      785920 LnRSAI=           0
 LnScr1=           0 LExtra=           0 Total=       901534
 MaxDsk=          -1 SrtSym=           F ITran=            4
 JobTyp=1 Pass  1:  I=   1 to   2.
 (rs|ai) integrals will be sorted in core.
 ModeAB=           2 MOrb=             1 LenV=    1048317554
 LASXX=         5211 LTotXX=        5211 LenRXX=        5211
 LTotAB=        5239 MaxLAS=       52675 LenRXY=       52675
 NonZer=       57190 LenScr=      785920 LnRSAI=           0
 LnScr1=           0 LExtra=           0 Total=       843806
 MaxDsk=          -1 SrtSym=           F ITran=            4
 JobTyp=2 Pass  1:  I=   1 to   1.
 (rs|ai) integrals will be sorted in core.
 Spin components of T(2) and E(2):
     alpha-alpha T2 =       0.7802033568D-04 E2=     -0.4466121359D-03
     alpha-beta  T2 =       0.2596671457D-02 E2=     -0.3672205317D-01
     beta-beta   T2 =       0.0000000000D+00 E2=      0.0000000000D+00
 ANorm=    0.1001336453D+01
 E2 =    -0.3716866531D-01 EUMP2 =    -0.74698716064994D+01
 (S**2,0)=  0.75002D+00           (S**2,1)=  0.75000D+00
 E(PUHF)=      -0.74327201034D+01        E(PMP2)=      -0.74698774078D+01
 Keep R2 and R3 ints in memory in symmetry-blocked form, NReq=2396236.
 Iterations= 100 Convergence= 0.100D-06
 Iteration Nr.   1
 **********************
 DD1Dir will call FoFMem   1 times, MxPair=         6
 NAB=     2 NAA=     1 NBB=     0.
 E(PMP3)=      -0.74737171651D+01
 MP4(R+Q)=  0.99414724D-04
 E3=       -0.38439249D-02        EUMP3=      -0.74737155314D+01
 E4(DQ)=   -0.43559158D-03        UMP4(DQ)=   -0.74741511230D+01
 E4(SDQ)=  -0.44556589D-03        UMP4(SDQ)=  -0.74741610973D+01
 DE(Corr)= -0.40913141E-01 E(Corr)=     -7.4736160822    
 NORM(A)=   0.10017423D+01
 Iteration Nr.   2
 **********************
 DD1Dir will call FoFMem   1 times, MxPair=         6
 NAB=     2 NAA=     1 NBB=     0.
 DE(Corr)= -0.41478579E-01 E(CORR)=     -7.4741815203     Delta=-5.65D-04
 NORM(A)=   0.10017816D+01
 Iteration Nr.   3
 **********************
 DD1Dir will call FoFMem   1 times, MxPair=         6
 NAB=     2 NAA=     1 NBB=     0.
 DE(Corr)= -0.41519529E-01 E(CORR)=     -7.4742224705     Delta=-4.10D-05
 NORM(A)=   0.10017914D+01
 Iteration Nr.   4
 **********************
 DD1Dir will call FoFMem   1 times, MxPair=         6
 NAB=     2 NAA=     1 NBB=     0.
 DE(Corr)= -0.41522747E-01 E(CORR)=     -7.4742256886     Delta=-3.22D-06
 NORM(A)=   0.10017934D+01
 Iteration Nr.   5
 **********************
 DD1Dir will call FoFMem   1 times, MxPair=         6
 NAB=     2 NAA=     1 NBB=     0.
 DE(Corr)= -0.41522860E-01 E(CORR)=     -7.4742258007     Delta=-1.12D-07
 NORM(A)=   0.10017937D+01
 Iteration Nr.   6
 **********************
 DD1Dir will call FoFMem   1 times, MxPair=         6
 NAB=     2 NAA=     1 NBB=     0.
 DE(Corr)= -0.41522872E-01 E(CORR)=     -7.4742258133     Delta=-1.25D-08
 NORM(A)=   0.10017937D+01
 Largest amplitude= 1.86D-02
 Time for triples=        0.35 seconds.
 T4(CCSD)= -0.22151485D-04
 T5(CCSD)=  0.12561115D-06
 CCSD(T)= -0.74742478391D+01

 S**2, projected HF & approx projected MPn energies after annihilation of
 unwanted spin states (see manual for definitions):

 spins       (S**2,0) (S**2,1)    PUHF        PMP2        PMP3        PMP4
 annihilated
 s+1         0.75000  0.75000   -7.432720   -7.469877   -7.473717

 Discarding MO integrals.

 **********************************************************************

            Population analysis using the SCF density.

 **********************************************************************

 Orbital symmetries:
 Alpha Orbitals:
       Occupied  (A1G) (A1G)
       Virtual   (T1U) (T1U) (T1U) (T1U) (T1U) (T1U) (A1G) (EG)
                 (T2G) (T2G) (T2G) (EG) (T1U) (T1U) (T1U) (EG)
                 (T2G) (T2G) (T2G) (EG) (?A) (?A) (?A) (?A) (?A)
                 (A2U) (?A) (A1G) (T1U) (T1U) (T1U) (A1G) (EG)
                 (T2G) (T2G) (T2G) (EG) (A1G) (T1U) (T1U) (T1U)
 Beta  Orbitals:
       Occupied  (A1G)
       Virtual   (A1G) (T1U) (T1U) (T1U) (T1U) (T1U) (T1U) (A1G)
                 (T2G) (EG) (T2G) (T2G) (EG) (T1U) (T1U) (T1U)
                 (EG) (EG) (T2G) (T2G) (T2G) (?A) (?A) (?A) (?A)
                 (?A) (?A) (A2U) (A1G) (T1U) (T1U) (T1U) (A1G)
                 (EG) (EG) (T2G) (T2G) (T2G) (A1G) (T1U) (T1U)
                 (T1U)
 The electronic state is 2-A1G.
 Alpha  occ. eigenvalues --   -2.48659  -0.19635
 Alpha virt. eigenvalues --    0.02150   0.02150   0.02150   0.11019   0.11019
 Alpha virt. eigenvalues --    0.11019   0.12166   0.21917   0.21917   0.21917
 Alpha virt. eigenvalues --    0.21917   0.21917   0.43759   0.43759   0.43759
 Alpha virt. eigenvalues --    0.72167   0.72167   0.72167   0.72167   0.72167
 Alpha virt. eigenvalues --    0.74420   0.74420   0.74420   0.74420   0.74420
 Alpha virt. eigenvalues --    0.74420   0.74420   0.95930   3.41520   3.41520
 Alpha virt. eigenvalues --    3.41520   3.57545  14.85247  14.85247  14.85247
 Alpha virt. eigenvalues --   14.85247  14.85247  15.71621  18.21897  18.21897
 Alpha virt. eigenvalues --   18.21897
  Beta  occ. eigenvalues --   -2.46867
  Beta virt. eigenvalues --    0.02002   0.04131   0.04131   0.04131   0.14374
  Beta virt. eigenvalues --    0.14374   0.14374   0.16560   0.23725   0.23725
  Beta virt. eigenvalues --    0.23725   0.23725   0.23725   0.45346   0.45346
  Beta virt. eigenvalues --    0.45346   0.73852   0.73852   0.73852   0.73852
  Beta virt. eigenvalues --    0.73852   0.75912   0.75912   0.75912   0.75912
  Beta virt. eigenvalues --    0.75912   0.75912   0.75912   0.98393   3.41936
  Beta virt. eigenvalues --    3.41936   3.41936   3.58632  14.85409  14.85409
  Beta virt. eigenvalues --   14.85409  14.85409  14.85409  15.72625  18.22603
  Beta virt. eigenvalues --   18.22603  18.22603
          Condensed to atoms (all electrons):
               1
     1  Li   3.000000
          Atomic-Atomic Spin Densities.
               1
     1  Li   1.000000
 Mulliken charges and spin densities:
               1          2
     1  Li   0.000000   1.000000
 Sum of Mulliken charges =   0.00000   1.00000
 Mulliken charges and spin densities with hydrogens summed into heavy atoms:
               1          2
     1  Li   0.000000   1.000000
 Electronic spatial extent (au):  <R**2>=             18.5954
 Charge=              0.0000 electrons
 Dipole moment (field-independent basis, Debye):
    X=              0.0000    Y=              0.0000    Z=              0.0000  Tot=              0.0000
 Quadrupole moment (field-independent basis, Debye-Ang):
   XX=             -8.3371   YY=             -8.3371   ZZ=             -8.3371
   XY=              0.0000   XZ=              0.0000   YZ=              0.0000
 Traceless Quadrupole moment (field-independent basis, Debye-Ang):
   XX=              0.0000   YY=              0.0000   ZZ=              0.0000
   XY=              0.0000   XZ=              0.0000   YZ=              0.0000
 Octapole moment (field-independent basis, Debye-Ang**2):
  XXX=              0.0000  YYY=              0.0000  ZZZ=              0.0000  XYY=              0.0000
  XXY=              0.0000  XXZ=              0.0000  XZZ=              0.0000  YZZ=              0.0000
  YYZ=              0.0000  XYZ=              0.0000
 Hexadecapole moment (field-independent basis, Debye-Ang**3):
 XXXX=            -42.1906 YYYY=            -42.1906 ZZZZ=            -42.1906 XXXY=              0.0000
 XXXZ=              0.0000 YYYX=              0.0000 YYYZ=              0.0000 ZZZX=              0.0000
 ZZZY=              0.0000 XXYY=            -14.0635 XXZZ=            -14.0635 YYZZ=            -14.0635
 XXYZ=              0.0000 YYXZ=              0.0000 ZZXY=              0.0000
 N-N= 0.000000000000D+00 E-N=-1.714659777504D+01  KE= 7.432802503585D+00
 Symmetry AG   KE= 7.432802503585D+00
 Symmetry B1G  KE= 2.177218935629D-62
 Symmetry B2G  KE= 2.035898574708D-62
 Symmetry B3G  KE= 2.113394124443D-62
 Symmetry AU   KE= 0.000000000000D+00
 Symmetry B1U  KE= 0.000000000000D+00
 Symmetry B2U  KE= 0.000000000000D+00
 Symmetry B3U  KE= 0.000000000000D+00
 1\1\GINC-GAMBA\SP\UCCSD(T)-Full\Gen\Li1(2)\IRIKURA\19-May-2017\0\\# CC
 SD(T,maxcyc=100,full)/GEN gfinput geom=check scf=xqc\\BEB step 6: CCSD
 (T) for neutral Li; active core\\0,2\Li,0.,0.,0.\\Version=ES64L-G09Rev
 D.01\State=2-A1G\HF=-7.4327029\MP2=-7.4698716\MP3=-7.4737155\MP4D=-7.4
 742505\MP4DQ=-7.4741511\PUHF=-7.4327201\PMP2-0=-7.4698774\PMP3-0=-7.47
 37172\MP4SDQ=-7.4741611\CCSD=-7.4742258\CCSD(T)=-7.4742478\S2=0.750015
 \S2-1=0.749995\S2A=0.75\RMSD=3.207e-10\PG=OH [O(Li1)]\\@


 IBM COMPATIBILITY IS LIKE PREGNANCY. YOU ARE OR
 OR YOU ARE NOT. -- ADAM OSBORNE
 Job cpu time:       0 days  0 hours  0 minutes  4.2 seconds.
 File lengths (MBytes):  RWF=     13 Int=      0 D2E=      0 Chk=      1 Scr=      1
 Normal termination of Gaussian 09 at Fri May 19 15:32:07 2017.
