 Entering Gaussian System, Link 0=g09
 Initial command:
 /usr/local/apps/g09/l1.exe "/wrk/irikura/Gau-29943.inp" -scrdir="/wrk/irikura/"
 Entering Link 1 = /usr/local/apps/g09/l1.exe PID=     29945.
  
 Copyright (c) 1988,1990,1992,1993,1995,1998,2003,2009,2013,
            Gaussian, Inc.  All Rights Reserved.
  
 This is part of the Gaussian(R) 09 program.  It is based on
 the Gaussian(R) 03 system (copyright 2003, Gaussian, Inc.),
 the Gaussian(R) 98 system (copyright 1998, Gaussian, Inc.),
 the Gaussian(R) 94 system (copyright 1995, Gaussian, Inc.),
 the Gaussian 92(TM) system (copyright 1992, Gaussian, Inc.),
 the Gaussian 90(TM) system (copyright 1990, Gaussian, Inc.),
 the Gaussian 88(TM) system (copyright 1988, Gaussian, Inc.),
 the Gaussian 86(TM) system (copyright 1986, Carnegie Mellon
 University), and the Gaussian 82(TM) system (copyright 1983,
 Carnegie Mellon University). Gaussian is a federally registered
 trademark of Gaussian, Inc.
  
 This software contains proprietary and confidential information,
 including trade secrets, belonging to Gaussian, Inc.
  
 This software is provided under written license and may be
 used, copied, transmitted, or stored only in accord with that
 written license.
  
 The following legend is applicable only to US Government
 contracts under FAR:
  
                    RESTRICTED RIGHTS LEGEND
  
 Use, reproduction and disclosure by the US Government is
 subject to restrictions as set forth in subparagraphs (a)
 and (c) of the Commercial Computer Software - Restricted
 Rights clause in FAR 52.227-19.
  
 Gaussian, Inc.
 340 Quinnipiac St., Bldg. 40, Wallingford CT 06492
  
  
 ---------------------------------------------------------------
 Warning -- This program may not be used in any manner that
 competes with the business of Gaussian, Inc. or will provide
 assistance to any competitor of Gaussian, Inc.  The licensee
 of this program is prohibited from giving any competitor of
 Gaussian, Inc. access to this program.  By using this program,
 the user acknowledges that Gaussian, Inc. is engaged in the
 business of creating and licensing software in the field of
 computational chemistry and represents and warrants to the
 licensee that it is not a competitor of Gaussian, Inc. and that
 it will not use this program in any manner prohibited above.
 ---------------------------------------------------------------
  

 Cite this work as:
 Gaussian 09, Revision D.01,
 M. J. Frisch, G. W. Trucks, H. B. Schlegel, G. E. Scuseria, 
 M. A. Robb, J. R. Cheeseman, G. Scalmani, V. Barone, B. Mennucci, 
 G. A. Petersson, H. Nakatsuji, M. Caricato, X. Li, H. P. Hratchian, 
 A. F. Izmaylov, J. Bloino, G. Zheng, J. L. Sonnenberg, M. Hada, 
 M. Ehara, K. Toyota, R. Fukuda, J. Hasegawa, M. Ishida, T. Nakajima, 
 Y. Honda, O. Kitao, H. Nakai, T. Vreven, J. A. Montgomery, Jr., 
 J. E. Peralta, F. Ogliaro, M. Bearpark, J. J. Heyd, E. Brothers, 
 K. N. Kudin, V. N. Staroverov, T. Keith, R. Kobayashi, J. Normand, 
 K. Raghavachari, A. Rendell, J. C. Burant, S. S. Iyengar, J. Tomasi, 
 M. Cossi, N. Rega, J. M. Millam, M. Klene, J. E. Knox, J. B. Cross, 
 V. Bakken, C. Adamo, J. Jaramillo, R. Gomperts, R. E. Stratmann, 
 O. Yazyev, A. J. Austin, R. Cammi, C. Pomelli, J. W. Ochterski, 
 R. L. Martin, K. Morokuma, V. G. Zakrzewski, G. A. Voth, 
 P. Salvador, J. J. Dannenberg, S. Dapprich, A. D. Daniels, 
 O. Farkas, J. B. Foresman, J. V. Ortiz, J. Cioslowski, 
 and D. J. Fox, Gaussian, Inc., Wallingford CT, 2013.
 
 ******************************************
 Gaussian 09:  ES64L-G09RevD.01 24-Apr-2013
                19-May-2017 
 ******************************************
 %chk=Li.chk
 %nprocs=2
 Will use up to    2 processors via shared memory.
 %mem=1000mw
 ---------------------------------------
 # B3LYP/GEN gfinput OPT FREQ scf=xqc 6D
 ---------------------------------------
 1/14=-1,18=20,19=15,26=3,38=1/1,3;
 2/9=110,12=2,17=6,18=5,40=1/2;
 3/5=7,8=2,11=2,16=1,24=10,25=1,30=1,71=1,74=-5/1,2,3;
 4//1;
 5/5=2,8=3,13=1,38=5/2,8;
 6/7=2,8=2,9=2,10=2,28=1/1;
 7//1,2,3,16;
 1/14=-1,18=20,19=15,26=3/3(2);
 2/9=110/2;
 99//99;
 2/9=110/2;
 3/5=7,6=1,8=2,11=2,16=1,25=1,30=1,71=1,74=-5,82=7/1,2,3;
 4/5=5,16=3,69=1/1;
 5/5=2,8=3,13=1,38=5/2,8;
 7//1,2,3,16;
 1/14=-1,18=20,19=15,26=3/3(-5);
 2/9=110/2;
 6/7=2,8=2,9=2,10=2,19=2,28=1/1;
 99/9=1/99;
 ---------------------------------
 BEB step 1: geom and freqs for Li
 ---------------------------------
 Symbolic Z-matrix:
 Charge =  0 Multiplicity = 2
 Li
 

 GradGradGradGradGradGradGradGradGradGradGradGradGradGradGradGradGradGrad
 Berny optimization.
 Initialization pass.
 No Z-matrix variables, so optimization will use Cartesian coordinates.
 Trust Radius=1.00D-01 FncErr=1.00D-07 GrdErr=1.00D-06
 Number of steps in this run=     20 maximum allowed number of steps=    100.
 GradGradGradGradGradGradGradGradGradGradGradGradGradGradGradGradGradGrad

                          Input orientation:                          
 ---------------------------------------------------------------------
 Center     Atomic      Atomic             Coordinates (Angstroms)
 Number     Number       Type             X           Y           Z
 ---------------------------------------------------------------------
      1          3           0        0.000000    0.000000    0.000000
 ---------------------------------------------------------------------
 Stoichiometry    Li(2)
 Framework group  OH[O(Li)]
 Deg. of freedom     0
 Full point group                 OH      NOp  48
 Largest Abelian subgroup         D2H     NOp   8
 Largest concise Abelian subgroup C1      NOp   1
                         Standard orientation:                         
 ---------------------------------------------------------------------
 Center     Atomic      Atomic             Coordinates (Angstroms)
 Number     Number       Type             X           Y           Z
 ---------------------------------------------------------------------
      1          3           0        0.000000    0.000000    0.000000
 ---------------------------------------------------------------------
 General basis read from cards:  (6D, 7F)
 AO basis set in the form of general basis input (Overlap normalization):
      1 0
 S   6 1.00       0.000000000000
      0.6424189150D+03  0.2142607810D-02
      0.9679851530D+02  0.1620887150D-01
      0.2209112120D+02  0.7731557250D-01
      0.6201070250D+01  0.2457860520D+00
      0.1935117680D+01  0.4701890040D+00
      0.6367357890D+00  0.3454708450D+00
 SP   3 1.00       0.000000000000
      0.2324918408D+01 -0.3509174574D-01  0.8941508043D-02
      0.6324303556D+00 -0.1912328431D+00  0.1410094640D+00
      0.7905343475D-01  0.1083987795D+01  0.9453636953D+00
 SP   1 1.00       0.000000000000
      0.3596197175D-01  0.1000000000D+01  0.1000000000D+01
 D   1 1.00       0.000000000000
      0.2000000000D+00  0.1000000000D+01
 ****

 There are     6 symmetry adapted cartesian basis functions of AG  symmetry.
 There are     1 symmetry adapted cartesian basis functions of B1G symmetry.
 There are     1 symmetry adapted cartesian basis functions of B2G symmetry.
 There are     1 symmetry adapted cartesian basis functions of B3G symmetry.
 There are     0 symmetry adapted cartesian basis functions of AU  symmetry.
 There are     2 symmetry adapted cartesian basis functions of B1U symmetry.
 There are     2 symmetry adapted cartesian basis functions of B2U symmetry.
 There are     2 symmetry adapted cartesian basis functions of B3U symmetry.
 There are     6 symmetry adapted basis functions of AG  symmetry.
 There are     1 symmetry adapted basis functions of B1G symmetry.
 There are     1 symmetry adapted basis functions of B2G symmetry.
 There are     1 symmetry adapted basis functions of B3G symmetry.
 There are     0 symmetry adapted basis functions of AU  symmetry.
 There are     2 symmetry adapted basis functions of B1U symmetry.
 There are     2 symmetry adapted basis functions of B2U symmetry.
 There are     2 symmetry adapted basis functions of B3U symmetry.
    15 basis functions,    28 primitive gaussians,    15 cartesian basis functions
     2 alpha electrons        1 beta electrons
       nuclear repulsion energy         0.0000000000 Hartrees.
 NAtoms=    1 NActive=    1 NUniq=    1 SFac= 1.00D+00 NAtFMM=   60 NAOKFM=F Big=F
 Integral buffers will be    131072 words long.
 Raffenetti 2 integral format.
 Two-electron integral symmetry is turned on.
 One-electron integrals computed using PRISM.
 NBasis=    15 RedAO= T EigKep=  2.02D-02  NBF=     6     1     1     1     0     2     2     2
 NBsUse=    15 1.00D-06 EigRej= -1.00D+00 NBFU=     6     1     1     1     0     2     2     2
 ExpMin= 3.60D-02 ExpMax= 6.42D+02 ExpMxC= 9.68D+01 IAcc=3 IRadAn=         5 AccDes= 0.00D+00
 Harris functional with IExCor=  402 and IRadAn=       5 diagonalized for initial guess.
 HarFok:  IExCor=  402 AccDes= 0.00D+00 IRadAn=         5 IDoV= 1 UseB2=F ITyADJ=14
 ICtDFT=  3500011 ScaDFX=  1.000000  1.000000  1.000000  1.000000
 FoFCou: FMM=F IPFlag=           0 FMFlag=      100000 FMFlg1=           0
         NFxFlg=           0 DoJE=T BraDBF=F KetDBF=T FulRan=T
         wScrn=  0.000000 ICntrl=     500 IOpCl=  0 I1Cent=   200000004 NGrid=           0
         NMat0=    1 NMatS0=      1 NMatT0=    0 NMatD0=    1 NMtDS0=    0 NMtDT0=    0
 Petite list used in FoFCou.
 Initial guess orbital symmetries:
 Alpha Orbitals:
       Occupied  (A1G) (A1G)
       Virtual   (T1U) (T1U) (T1U) (T1U) (T1U) (T1U) (A1G) (T2G)
                 (T2G) (T2G) (EG) (EG) (A1G)
 Beta  Orbitals:
       Occupied  (A1G)
       Virtual   (A1G) (T1U) (T1U) (T1U) (T1U) (T1U) (T1U) (A1G)
                 (T2G) (T2G) (T2G) (EG) (EG) (A1G)
 The electronic state of the initial guess is 2-A1G.
 Initial guess <Sx>= 0.0000 <Sy>= 0.0000 <Sz>= 0.5000 <S**2>= 0.7500 S= 0.5000
 Keep R1 and R2 ints in memory in symmetry-blocked form, NReq=875697.
 Requested convergence on RMS density matrix=1.00D-08 within  64 cycles.
 Requested convergence on MAX density matrix=1.00D-06.
 Requested convergence on             energy=1.00D-06.
 No special actions if energy rises.
 SCF Done:  E(UB3LYP) =  -7.49098466519     A.U. after    6 cycles
            NFock=  6  Conv=0.16D-09     -V/T= 2.0089
 <Sx>= 0.0000 <Sy>= 0.0000 <Sz>= 0.5000 <S**2>= 0.7500 S= 0.5000
 <L.S>= 0.000000000000E+00
 Annihilation of the first spin contaminant:
 S**2 before annihilation     0.7500,   after     0.7500
 QCSCF skips out because SCF is already converged.

 **********************************************************************

            Population analysis using the SCF density.

 **********************************************************************

 Orbital symmetries:
 Alpha Orbitals:
       Occupied  (A1G) (A1G)
       Virtual   (T1U) (T1U) (T1U) (T1U) (T1U) (T1U) (A1G) (T2G)
                 (T2G) (T2G) (EG) (EG) (A1G)
 Beta  Orbitals:
       Occupied  (A1G)
       Virtual   (A1G) (T1U) (T1U) (T1U) (T1U) (T1U) (T1U) (A1G)
                 (T2G) (T2G) (T2G) (EG) (EG) (A1G)
 The electronic state is 2-A1G.
 Alpha  occ. eigenvalues --   -2.02839  -0.13337
 Alpha virt. eigenvalues --   -0.02526  -0.02526  -0.02526   0.11074   0.11074
 Alpha virt. eigenvalues --    0.11074   0.12138   0.42607   0.42607   0.42607
 Alpha virt. eigenvalues --    0.42607   0.42607   1.08155
  Beta  occ. eigenvalues --   -2.02003
  Beta virt. eigenvalues --   -0.05294   0.01207   0.01207   0.01207   0.12518
  Beta virt. eigenvalues --    0.12518   0.12518   0.13868   0.46871   0.46871
  Beta virt. eigenvalues --    0.46871   0.46871   0.46871   1.10741
          Condensed to atoms (all electrons):
               1
     1  Li   3.000000
          Atomic-Atomic Spin Densities.
               1
     1  Li   1.000000
 Mulliken charges and spin densities:
               1          2
     1  Li   0.000000   1.000000
 Sum of Mulliken charges =   0.00000   1.00000
 Mulliken charges and spin densities with hydrogens summed into heavy atoms:
               1          2
     1  Li   0.000000   1.000000
 Electronic spatial extent (au):  <R**2>=             17.2057
 Charge=              0.0000 electrons
 Dipole moment (field-independent basis, Debye):
    X=              0.0000    Y=              0.0000    Z=              0.0000  Tot=              0.0000
 Quadrupole moment (field-independent basis, Debye-Ang):
   XX=             -7.7141   YY=             -7.7141   ZZ=             -7.7141
   XY=              0.0000   XZ=              0.0000   YZ=              0.0000
 Traceless Quadrupole moment (field-independent basis, Debye-Ang):
   XX=              0.0000   YY=              0.0000   ZZ=              0.0000
   XY=              0.0000   XZ=              0.0000   YZ=              0.0000
 Octapole moment (field-independent basis, Debye-Ang**2):
  XXX=              0.0000  YYY=              0.0000  ZZZ=              0.0000  XYY=              0.0000
  XXY=              0.0000  XXZ=              0.0000  XZZ=              0.0000  YZZ=              0.0000
  YYZ=              0.0000  XYZ=              0.0000
 Hexadecapole moment (field-independent basis, Debye-Ang**3):
 XXXX=            -34.2753 YYYY=            -34.2753 ZZZZ=            -34.2753 XXXY=              0.0000
 XXXZ=              0.0000 YYYX=              0.0000 YYYZ=              0.0000 ZZZX=              0.0000
 ZZZY=              0.0000 XXYY=            -11.4251 XXZZ=            -11.4251 YYZZ=            -11.4251
 XXYZ=              0.0000 YYXZ=              0.0000 ZZXY=              0.0000
 N-N= 0.000000000000D+00 E-N=-1.715086875215D+01  KE= 7.425205786969D+00
 Symmetry AG   KE= 7.425205786969D+00
 Symmetry B1G  KE= 8.365259486616D-36
 Symmetry B2G  KE= 3.683211266495D-36
 Symmetry B3G  KE= 3.683211266495D-36
 Symmetry AU   KE= 0.000000000000D+00
 Symmetry B1U  KE= 0.000000000000D+00
 Symmetry B2U  KE= 0.000000000000D+00
 Symmetry B3U  KE= 0.000000000000D+00
                          Isotropic Fermi Contact Couplings
        Atom                 a.u.       MegaHertz       Gauss      10(-4) cm-1
     1  Li(7)              0.21490     373.33286     133.21445     124.53044
 --------------------------------------------------------
       Center         ----  Spin Dipole Couplings  ----
                      3XX-RR        3YY-RR        3ZZ-RR
 --------------------------------------------------------
     1   Atom        0.000000      0.000000      0.000000
 --------------------------------------------------------
                        XY            XZ            YZ
 --------------------------------------------------------
     1   Atom        0.000000      0.000000      0.000000
 --------------------------------------------------------


 ---------------------------------------------------------------------------------
              Anisotropic Spin Dipole Couplings in Principal Axis System
 ---------------------------------------------------------------------------------

       Atom             a.u.   MegaHertz   Gauss  10(-4) cm-1        Axes

              Baa     0.0000     0.000     0.000     0.000  1.0000  0.0000  0.0000
     1 Li(7)  Bbb     0.0000     0.000     0.000     0.000  0.0000  1.0000  0.0000
              Bcc     0.0000     0.000     0.000     0.000  0.0000  0.0000  1.0000
 

 ---------------------------------------------------------------------------------

 Calling FoFJK, ICntrl=      2127 FMM=F ISym2X=1 I1Cent= 0 IOpClX= 1 NMat=1 NMatS=1 NMatT=0.
 ***** Axes restored to original set *****
 -------------------------------------------------------------------
 Center     Atomic                   Forces (Hartrees/Bohr)
 Number     Number              X              Y              Z
 -------------------------------------------------------------------
      1        3           0.000000000    0.000000000    0.000000000
 -------------------------------------------------------------------
 Cartesian Forces:  Max     0.000000000 RMS     0.000000000

 GradGradGradGradGradGradGradGradGradGradGradGradGradGradGradGradGradGrad
 Berny optimization.
 Search for a local minimum.
 Step number   1 out of a maximum of   20
 All quantities printed in internal units (Hartrees-Bohrs-Radians)
 Mixed Optimization -- En-DIIS/RFO-DIIS
 Second derivative matrix not updated -- first step.
 The second derivative matrix:
                          X1        Y1        Z1
           X1           0.00000
           Y1           0.00000   0.00000
           Z1           0.00000   0.00000   0.00000
 ITU=  0
     Eigenvalues --- 
 RFO step:  Lambda=-5.96046448D-09 EMin= 0.00000000D+00
 ClnCor:  largest displacement from symmetrization is 0.00D+00 for atom     0.
 Linear search not attempted -- first point.
 ClnCor:  largest displacement from symmetrization is 0.00D+00 for atom     0.
 TrRot=  0.000000  0.000000  0.000000  0.000000  0.000000  0.000000
 Variable       Old X    -DE/DX   Delta X   Delta X   Delta X     New X
                                 (Linear)    (Quad)   (Total)
    X1        0.00000   0.00000   0.00000   0.00000   0.00000   0.00000
    Y1        0.00000   0.00000   0.00000   0.00000   0.00000   0.00000
    Z1        0.00000   0.00000   0.00000   0.00000   0.00000   0.00000
         Item               Value     Threshold  Converged?
 Maximum Force            0.000000     0.000450     YES
 RMS     Force            0.000000     0.000300     YES
 Maximum Displacement     0.000000     0.001800     YES
 RMS     Displacement     0.000000     0.001200     YES
 Predicted change in Energy= 0.000000D+00
 Optimization completed.
    -- Stationary point found.
 GradGradGradGradGradGradGradGradGradGradGradGradGradGradGradGradGradGrad

                          Input orientation:                          
 ---------------------------------------------------------------------
 Center     Atomic      Atomic             Coordinates (Angstroms)
 Number     Number       Type             X           Y           Z
 ---------------------------------------------------------------------
      1          3           0        0.000000    0.000000    0.000000
 ---------------------------------------------------------------------
 Stoichiometry    Li(2)
 Framework group  OH[O(Li)]
 Deg. of freedom     0
 Full point group                 OH      NOp  48
 Largest Abelian subgroup         D2H     NOp   8
 Largest concise Abelian subgroup C1      NOp   1
                         Standard orientation:                         
 ---------------------------------------------------------------------
 Center     Atomic      Atomic             Coordinates (Angstroms)
 Number     Number       Type             X           Y           Z
 ---------------------------------------------------------------------
      1          3           0        0.000000    0.000000    0.000000
 ---------------------------------------------------------------------
 1\1\GINC-GAMBA\FOpt\UB3LYP\Gen\Li1(2)\IRIKURA\19-May-2017\0\\# B3LYP/G
 EN gfinput OPT FREQ scf=xqc 6D\\BEB step 1: geom and freqs for Li\\0,2
 \Li,0.,0.,0.\\Version=ES64L-G09RevD.01\State=2-A1G\HF=-7.4909847\S2=0.
 750003\S2-1=0.\S2A=0.75\RMSD=1.616e-10\RMSF=0.000e+00\Dipole=0.,0.,0.\
 Quadrupole=0.,0.,0.,0.,0.,0.\PG=OH [O(Li1)]\\@


 UNLESS WE CHANGE DIRECTIONS, WE WILL WIND UP WHERE WE ARE HEADED.
     -- CONFUCIUS
 Job cpu time:       0 days  0 hours  0 minutes  3.0 seconds.
 File lengths (MBytes):  RWF=      5 Int=      0 D2E=      0 Chk=      1 Scr=      1
 Normal termination of Gaussian 09 at Fri May 19 15:31:59 2017.
 Link1:  Proceeding to internal job step number  2.
 ------------------------------------------------------------------
 #N Geom=AllCheck Guess=TCheck SCRF=Check GenChk UB3LYP/ChkBas Freq
 ------------------------------------------------------------------
 1/10=4,29=7,30=1,38=1,40=1/1,3;
 2/12=2,40=1/2;
 3/5=7,6=2,8=2,11=2,14=-4,16=1,24=10,25=1,30=1,67=1,70=2,71=2,74=-5,82=7,116=2,140=1/1,2,3;
 4/5=101/1;
 5/5=2,8=3,13=1,98=1/2,8;
 8/6=4,10=90,11=11/1;
 11/6=1,8=1,9=11,15=111,16=1/1,2,10;
 10/6=1/2;
 6/7=2,8=2,9=2,10=2,18=1,28=1/1;
 7/8=1,10=1,25=1/1,2,3,16;
 1/10=4,30=1/3;
 99//99;
 Structure from the checkpoint file:  "Li.chk"
 ---------------------------------
 BEB step 1: geom and freqs for Li
 ---------------------------------
 Charge =  0 Multiplicity = 2
 No Z-Matrix found in file; cartesian coordinates used.
  Li                                                0.000000000000      0.000000000000      0.000000000000
 Recover connectivity data from disk.

 GradGradGradGradGradGradGradGradGradGradGradGradGradGradGradGradGradGrad
 Berny optimization.
 Initialization pass.
 Trust Radius=3.00D-01 FncErr=1.00D-07 GrdErr=1.00D-07
 Number of steps in this run=      2 maximum allowed number of steps=      2.
 GradGradGradGradGradGradGradGradGradGradGradGradGradGradGradGradGradGrad

                          Input orientation:                          
 ---------------------------------------------------------------------
 Center     Atomic      Atomic             Coordinates (Angstroms)
 Number     Number       Type             X           Y           Z
 ---------------------------------------------------------------------
      1          3           0        0.000000    0.000000    0.000000
 ---------------------------------------------------------------------
 Stoichiometry    Li(2)
 Framework group  OH[O(Li)]
 Deg. of freedom     0
 Full point group                 OH      NOp  48
 Largest Abelian subgroup         D2H     NOp   8
 Largest concise Abelian subgroup C1      NOp   1
                         Standard orientation:                         
 ---------------------------------------------------------------------
 Center     Atomic      Atomic             Coordinates (Angstroms)
 Number     Number       Type             X           Y           Z
 ---------------------------------------------------------------------
      1          3           0        0.000000    0.000000    0.000000
 ---------------------------------------------------------------------
 Basis read from chk: "Li.chk" (6D, 7F)
 AO basis set in the form of general basis input (Overlap normalization):
      1 0
 S   6 1.00       0.000000000000
      0.6424189150D+03  0.2142607810D-02
      0.9679851530D+02  0.1620887150D-01
      0.2209112120D+02  0.7731557250D-01
      0.6201070250D+01  0.2457860520D+00
      0.1935117680D+01  0.4701890040D+00
      0.6367357890D+00  0.3454708450D+00
 SP   3 1.00       0.000000000000
      0.2324918408D+01 -0.3509174574D-01  0.8941508043D-02
      0.6324303556D+00 -0.1912328431D+00  0.1410094640D+00
      0.7905343475D-01  0.1083987795D+01  0.9453636953D+00
 SP   1 1.00       0.000000000000
      0.3596197175D-01  0.1000000000D+01  0.1000000000D+01
 D   1 1.00       0.000000000000
      0.2000000000D+00  0.1000000000D+01
 ****

 There are     6 symmetry adapted cartesian basis functions of AG  symmetry.
 There are     1 symmetry adapted cartesian basis functions of B1G symmetry.
 There are     1 symmetry adapted cartesian basis functions of B2G symmetry.
 There are     1 symmetry adapted cartesian basis functions of B3G symmetry.
 There are     0 symmetry adapted cartesian basis functions of AU  symmetry.
 There are     2 symmetry adapted cartesian basis functions of B1U symmetry.
 There are     2 symmetry adapted cartesian basis functions of B2U symmetry.
 There are     2 symmetry adapted cartesian basis functions of B3U symmetry.
 There are     6 symmetry adapted basis functions of AG  symmetry.
 There are     1 symmetry adapted basis functions of B1G symmetry.
 There are     1 symmetry adapted basis functions of B2G symmetry.
 There are     1 symmetry adapted basis functions of B3G symmetry.
 There are     0 symmetry adapted basis functions of AU  symmetry.
 There are     2 symmetry adapted basis functions of B1U symmetry.
 There are     2 symmetry adapted basis functions of B2U symmetry.
 There are     2 symmetry adapted basis functions of B3U symmetry.
    15 basis functions,    28 primitive gaussians,    15 cartesian basis functions
     2 alpha electrons        1 beta electrons
       nuclear repulsion energy         0.0000000000 Hartrees.
 NAtoms=    1 NActive=    1 NUniq=    1 SFac= 1.00D+00 NAtFMM=   60 NAOKFM=F Big=F
 Integral buffers will be    131072 words long.
 Raffenetti 2 integral format.
 Two-electron integral symmetry is turned on.
 One-electron integrals computed using PRISM.
 NBasis=    15 RedAO= T EigKep=  2.02D-02  NBF=     6     1     1     1     0     2     2     2
 NBsUse=    15 1.00D-06 EigRej= -1.00D+00 NBFU=     6     1     1     1     0     2     2     2
 Initial guess from the checkpoint file:  "Li.chk"
 B after Tr=     0.000000    0.000000    0.000000
         Rot=    1.000000    0.000000    0.000000    0.000000 Ang=   0.00 deg.
 Initial guess orbital symmetries:
 Alpha Orbitals:
       Occupied  (A1G) (A1G)
       Virtual   (T1U) (T1U) (T1U) (T1U) (T1U) (T1U) (A1G) (T2G)
                 (T2G) (T2G) (EG) (EG) (A1G)
 Beta  Orbitals:
       Occupied  (A1G)
       Virtual   (A1G) (T1U) (T1U) (T1U) (T1U) (T1U) (T1U) (A1G)
                 (T2G) (T2G) (T2G) (EG) (EG) (A1G)
 Initial guess <Sx>= 0.0000 <Sy>= 0.0000 <Sz>= 0.5000 <S**2>= 0.7500 S= 0.5000
 Keep R1 and R2 ints in memory in symmetry-blocked form, NReq=875697.
 Requested convergence on RMS density matrix=1.00D-08 within  64 cycles.
 Requested convergence on MAX density matrix=1.00D-06.
 Requested convergence on             energy=1.00D-06.
 No special actions if energy rises.
 Skip diagonalization as Alpha Fock matrix is already diagonal.
 Skip diagonalization as Beta Fock matrix is already diagonal.
 SCF Done:  E(UB3LYP) =  -7.49098466519     A.U. after    1 cycles
            NFock=  1  Conv=0.00D+00     -V/T= 2.0089
 <Sx>= 0.0000 <Sy>= 0.0000 <Sz>= 0.5000 <S**2>= 0.7500 S= 0.5000
 <L.S>= 0.000000000000E+00
 Annihilation of the first spin contaminant:
 S**2 before annihilation     0.7500,   after     0.7500
 QCSCF skips out because SCF is already converged.
 DoSCS=F DFT=T ScalE2(SS,OS)=  1.000000  1.000000
 Range of M.O.s used for correlation:     1    15
 NBasis=    15 NAE=     2 NBE=     1 NFC=     0 NFV=     0
 NROrb=     15 NOA=     2 NOB=     1 NVA=    13 NVB=    14
 Symmetrizing basis deriv contribution to polar:
 IMax=3 JMax=2 DiffMx= 0.00D+00
 G2DrvN: will do     2 centers at a time, making    1 passes.
 Calling FoFCou, ICntrl=  3107 FMM=F I1Cent=   0 AccDes= 0.00D+00.
 End of G2Drv F.D. properties file   721 does not exist.
 End of G2Drv F.D. properties file   722 does not exist.
 End of G2Drv F.D. properties file   788 does not exist.
          IDoAtm=1
          Differentiating once with respect to electric field.
                with respect to dipole field.
          Differentiating once with respect to nuclear coordinates.
 Keep R1 and R2 ints in memory in symmetry-blocked form, NReq=867108.
 CalDSu exits because no D1Ps are significant.
          There are     6 degrees of freedom in the 1st order CPHF.  IDoFFX=6 NUNeed=     3.
      3 vectors produced by pass  0 Test12= 6.67D-16 1.67D-08 XBig12= 4.55D+02 2.13D+01.
 AX will form     3 AO Fock derivatives at one time.
      3 vectors produced by pass  1 Test12= 6.67D-16 1.67D-08 XBig12= 6.03D-02 1.66D-01.
      3 vectors produced by pass  2 Test12= 6.67D-16 1.67D-08 XBig12= 6.59D-04 2.52D-02.
      3 vectors produced by pass  3 Test12= 6.67D-16 1.67D-08 XBig12= 9.95D-08 2.08D-04.
      3 vectors produced by pass  4 Test12= 6.67D-16 1.67D-08 XBig12= 8.76D-13 6.27D-07.
 InvSVY:  IOpt=1 It=  1 EMax= 4.79D-18
 Solved reduced A of dimension    15 with     3 vectors.
 Isotropic polarizability for W=    0.000000      130.87 Bohr**3.
 End of Minotr F.D. properties file   721 does not exist.
 End of Minotr F.D. properties file   722 does not exist.
 End of Minotr F.D. properties file   788 does not exist.

 **********************************************************************

            Population analysis using the SCF density.

 **********************************************************************

 Orbital symmetries:
 Alpha Orbitals:
       Occupied  (A1G) (A1G)
       Virtual   (T1U) (T1U) (T1U) (T1U) (T1U) (T1U) (A1G) (EG)
                 (T2G) (T2G) (EG) (T2G) (A1G)
 Beta  Orbitals:
       Occupied  (A1G)
       Virtual   (A1G) (T1U) (T1U) (T1U) (T1U) (T1U) (T1U) (A1G)
                 (T2G) (T2G) (T2G) (EG) (EG) (A1G)
 The electronic state is 2-A1G.
 Alpha  occ. eigenvalues --   -2.02839  -0.13337
 Alpha virt. eigenvalues --   -0.02526  -0.02526  -0.02526   0.11074   0.11074
 Alpha virt. eigenvalues --    0.11074   0.12138   0.42607   0.42607   0.42607
 Alpha virt. eigenvalues --    0.42607   0.42607   1.08155
  Beta  occ. eigenvalues --   -2.02003
  Beta virt. eigenvalues --   -0.05294   0.01207   0.01207   0.01207   0.12518
  Beta virt. eigenvalues --    0.12518   0.12518   0.13868   0.46871   0.46871
  Beta virt. eigenvalues --    0.46871   0.46871   0.46871   1.10741
          Condensed to atoms (all electrons):
               1
     1  Li   3.000000
          Atomic-Atomic Spin Densities.
               1
     1  Li   1.000000
 Mulliken charges and spin densities:
               1          2
     1  Li   0.000000   1.000000
 Sum of Mulliken charges =   0.00000   1.00000
 Mulliken charges and spin densities with hydrogens summed into heavy atoms:
               1          2
     1  Li   0.000000   1.000000
 APT charges:
               1
     1  Li   0.000000
 Sum of APT charges =   0.00000
 APT charges with hydrogens summed into heavy atoms:
               1
     1  Li   0.000000
 Electronic spatial extent (au):  <R**2>=             17.2057
 Charge=              0.0000 electrons
 Dipole moment (field-independent basis, Debye):
    X=              0.0000    Y=              0.0000    Z=              0.0000  Tot=              0.0000
 Quadrupole moment (field-independent basis, Debye-Ang):
   XX=             -7.7141   YY=             -7.7141   ZZ=             -7.7141
   XY=              0.0000   XZ=              0.0000   YZ=              0.0000
 Traceless Quadrupole moment (field-independent basis, Debye-Ang):
   XX=              0.0000   YY=              0.0000   ZZ=              0.0000
   XY=              0.0000   XZ=              0.0000   YZ=              0.0000
 Octapole moment (field-independent basis, Debye-Ang**2):
  XXX=              0.0000  YYY=              0.0000  ZZZ=              0.0000  XYY=              0.0000
  XXY=              0.0000  XXZ=              0.0000  XZZ=              0.0000  YZZ=              0.0000
  YYZ=              0.0000  XYZ=              0.0000
 Hexadecapole moment (field-independent basis, Debye-Ang**3):
 XXXX=            -34.2753 YYYY=            -34.2753 ZZZZ=            -34.2753 XXXY=              0.0000
 XXXZ=              0.0000 YYYX=              0.0000 YYYZ=              0.0000 ZZZX=              0.0000
 ZZZY=              0.0000 XXYY=            -11.4251 XXZZ=            -11.4251 YYZZ=            -11.4251
 XXYZ=              0.0000 YYXZ=              0.0000 ZZXY=              0.0000
 N-N= 0.000000000000D+00 E-N=-1.715086875215D+01  KE= 7.425205786969D+00
 Symmetry AG   KE= 7.425205786969D+00
 Symmetry B1G  KE= 8.365259486567D-36
 Symmetry B2G  KE= 3.683211266473D-36
 Symmetry B3G  KE= 3.683211266473D-36
 Symmetry AU   KE= 0.000000000000D+00
 Symmetry B1U  KE= 0.000000000000D+00
 Symmetry B2U  KE= 0.000000000000D+00
 Symmetry B3U  KE= 0.000000000000D+00
  Exact polarizability: 130.873   0.000 130.873   0.000   0.000 130.873
 Approx polarizability:  98.805   0.000  98.805   0.000   0.000  98.805
                          Isotropic Fermi Contact Couplings
        Atom                 a.u.       MegaHertz       Gauss      10(-4) cm-1
     1  Li(7)              0.21490     373.33286     133.21445     124.53044
 --------------------------------------------------------
       Center         ----  Spin Dipole Couplings  ----
                      3XX-RR        3YY-RR        3ZZ-RR
 --------------------------------------------------------
     1   Atom        0.000000      0.000000      0.000000
 --------------------------------------------------------
                        XY            XZ            YZ
 --------------------------------------------------------
     1   Atom        0.000000      0.000000      0.000000
 --------------------------------------------------------


 ---------------------------------------------------------------------------------
              Anisotropic Spin Dipole Couplings in Principal Axis System
 ---------------------------------------------------------------------------------

       Atom             a.u.   MegaHertz   Gauss  10(-4) cm-1        Axes

              Baa     0.0000     0.000     0.000     0.000  1.0000  0.0000  0.0000
     1 Li(7)  Bbb     0.0000     0.000     0.000     0.000  0.0000  1.0000  0.0000
              Bcc     0.0000     0.000     0.000     0.000  0.0000  0.0000  1.0000
 

 ---------------------------------------------------------------------------------

 Calling FoFJK, ICntrl=    100127 FMM=F ISym2X=1 I1Cent= 0 IOpClX= 1 NMat=1 NMatS=1 NMatT=0.
 Full mass-weighted force constant matrix:
 Low frequencies ---    0.0003    0.0003    0.0003
 Diagonal vibrational polarizability:
        0.0000000       0.0000000       0.0000000
 Harmonic frequencies (cm**-1), IR intensities (KM/Mole), Raman scattering
 activities (A**4/AMU), depolarization ratios for plane and unpolarized
 incident light, reduced masses (AMU), force constants (mDyne/A),
 and normal coordinates:

 -------------------
 - Thermochemistry -
 -------------------
 Temperature   298.150 Kelvin.  Pressure   1.00000 Atm.
 Atom     1 has atomic number  3 and mass   7.01600
 Molecular mass:     7.01600 amu.
 Zero-point vibrational energy          0.0 (Joules/Mol)
                                    0.00000 (Kcal/Mol)
 Vibrational temperatures: 
          (Kelvin)
 
 Zero-point correction=                           0.000000 (Hartree/Particle)
 Thermal correction to Energy=                    0.001416
 Thermal correction to Enthalpy=                  0.002360
 Thermal correction to Gibbs Free Energy=        -0.013402
 Sum of electronic and zero-point Energies=             -7.490985
 Sum of electronic and thermal Energies=                -7.489568
 Sum of electronic and thermal Enthalpies=              -7.488624
 Sum of electronic and thermal Free Energies=           -7.504387
 
                     E (Thermal)             CV                S
                      KCal/Mol        Cal/Mol-Kelvin    Cal/Mol-Kelvin
 Total                    0.889              2.981             33.176
 Electronic               0.000              0.000              1.377
 Translational            0.889              2.981             31.798
 Rotational               0.000              0.000              0.000
 Vibrational              0.000              0.000              0.000
                       Q            Log10(Q)             Ln(Q)
 Total Bot       0.146090D+07          6.164620         14.194562
 Total V=0       0.146090D+07          6.164620         14.194562
 Vib (Bot)       0.100000D+01          0.000000          0.000000
 Vib (V=0)       0.100000D+01          0.000000          0.000000
 Electronic      0.200000D+01          0.301030          0.693147
 Translational   0.730449D+06          5.863590         13.501415
 Rotational      0.100000D+01          0.000000          0.000000
 ***** Axes restored to original set *****
 -------------------------------------------------------------------
 Center     Atomic                   Forces (Hartrees/Bohr)
 Number     Number              X              Y              Z
 -------------------------------------------------------------------
      1        3           0.000000000    0.000000000    0.000000000
 -------------------------------------------------------------------
 Cartesian Forces:  Max     0.000000000 RMS     0.000000000

 GradGradGradGradGradGradGradGradGradGradGradGradGradGradGradGradGradGrad
 Berny optimization.
 Search for a local minimum.
 Step number   1 out of a maximum of    2
 All quantities printed in internal units (Hartrees-Bohrs-Radians)
 Second derivative matrix not updated -- analytic derivatives used.
 The second derivative matrix:
                          X1        Y1        Z1
           X1           0.00000
           Y1           0.00000   0.00000
           Z1           0.00000   0.00000   0.00000
 ITU=  0
     Eigenvalues --- 
 Angle between quadratic step and forces=  90.00 degrees.
 ClnCor:  largest displacement from symmetrization is 0.00D+00 for atom     0.
 Linear search not attempted -- first point.
 ClnCor:  largest displacement from symmetrization is 0.00D+00 for atom     0.
 TrRot=  0.000000  0.000000  0.000000  0.000000  0.000000  0.000000
 Variable       Old X    -DE/DX   Delta X   Delta X   Delta X     New X
                                 (Linear)    (Quad)   (Total)
    X1        0.00000   0.00000   0.00000   0.00000   0.00000   0.00000
    Y1        0.00000   0.00000   0.00000   0.00000   0.00000   0.00000
    Z1        0.00000   0.00000   0.00000   0.00000   0.00000   0.00000
         Item               Value     Threshold  Converged?
 Maximum Force            0.000000     0.000450     YES
 RMS     Force            0.000000     0.000300     YES
 Maximum Displacement     0.000000     0.001800     YES
 RMS     Displacement     0.000000     0.001200     YES
 Predicted change in Energy= 0.000000D+00
 Optimization completed.
    -- Stationary point found.
 GradGradGradGradGradGradGradGradGradGradGradGradGradGradGradGradGradGrad

 1\1\GINC-GAMBA\Freq\UB3LYP\Gen\Li1(2)\IRIKURA\19-May-2017\0\\#N Geom=A
 llCheck Guess=TCheck SCRF=Check GenChk UB3LYP/ChkBas Freq\\BEB step 1:
  geom and freqs for Li\\0,2\Li,0.,0.,0.\\Version=ES64L-G09RevD.01\Stat
 e=2-A1G\HF=-7.4909847\S2=0.750003\S2-1=0.\S2A=0.75\RMSD=0.000e+00\RMSF
 =0.000e+00\Thermal=0.0014163\Dipole=0.,0.,0.\DipoleDeriv=0.,0.,0.,0.,0
 .,0.,0.,0.,0.\Polar=130.8728381,0.,130.8728381,0.,0.,130.8728381\PG=OH
  [O(Li1)]\NImag=0\\0.,0.,0.,0.,0.,0.\\0.,0.,0.\\\@


 "WOULD YOU TELL ME PLEASE, WHICH WAY I OUGHT TO WALK FROM HERE?"
 "THAT DEPENDS A GREAT DEAL ON WHERE YOU WANT TO GO," SAID THE CAT.
 "I DON'T MUCH CARE WHERE -- ", SAID ALICE.
 "THEN IT DOESN'T MATTER WHICH WAY YOU WALK," SAID THE CAT.

                                      -- LEWIS CARROLL
 Job cpu time:       0 days  0 hours  0 minutes  4.0 seconds.
 File lengths (MBytes):  RWF=      5 Int=      0 D2E=      0 Chk=      1 Scr=      1
 Normal termination of Gaussian 09 at Fri May 19 15:32:02 2017.
