 Entering Gaussian System, Link 0=g09
 Initial command:
 /usr/local/apps/g09/l1.exe "/wrk/irikura/Gau-27215.inp" -scrdir="/wrk/irikura/"
 Entering Link 1 = /usr/local/apps/g09/l1.exe PID=     27217.
  
 Copyright (c) 1988,1990,1992,1993,1995,1998,2003,2009,2013,
            Gaussian, Inc.  All Rights Reserved.
  
 This is part of the Gaussian(R) 09 program.  It is based on
 the Gaussian(R) 03 system (copyright 2003, Gaussian, Inc.),
 the Gaussian(R) 98 system (copyright 1998, Gaussian, Inc.),
 the Gaussian(R) 94 system (copyright 1995, Gaussian, Inc.),
 the Gaussian 92(TM) system (copyright 1992, Gaussian, Inc.),
 the Gaussian 90(TM) system (copyright 1990, Gaussian, Inc.),
 the Gaussian 88(TM) system (copyright 1988, Gaussian, Inc.),
 the Gaussian 86(TM) system (copyright 1986, Carnegie Mellon
 University), and the Gaussian 82(TM) system (copyright 1983,
 Carnegie Mellon University). Gaussian is a federally registered
 trademark of Gaussian, Inc.
  
 This software contains proprietary and confidential information,
 including trade secrets, belonging to Gaussian, Inc.
  
 This software is provided under written license and may be
 used, copied, transmitted, or stored only in accord with that
 written license.
  
 The following legend is applicable only to US Government
 contracts under FAR:
  
                    RESTRICTED RIGHTS LEGEND
  
 Use, reproduction and disclosure by the US Government is
 subject to restrictions as set forth in subparagraphs (a)
 and (c) of the Commercial Computer Software - Restricted
 Rights clause in FAR 52.227-19.
  
 Gaussian, Inc.
 340 Quinnipiac St., Bldg. 40, Wallingford CT 06492
  
  
 ---------------------------------------------------------------
 Warning -- This program may not be used in any manner that
 competes with the business of Gaussian, Inc. or will provide
 assistance to any competitor of Gaussian, Inc.  The licensee
 of this program is prohibited from giving any competitor of
 Gaussian, Inc. access to this program.  By using this program,
 the user acknowledges that Gaussian, Inc. is engaged in the
 business of creating and licensing software in the field of
 computational chemistry and represents and warrants to the
 licensee that it is not a competitor of Gaussian, Inc. and that
 it will not use this program in any manner prohibited above.
 ---------------------------------------------------------------
  

 Cite this work as:
 Gaussian 09, Revision D.01,
 M. J. Frisch, G. W. Trucks, H. B. Schlegel, G. E. Scuseria, 
 M. A. Robb, J. R. Cheeseman, G. Scalmani, V. Barone, B. Mennucci, 
 G. A. Petersson, H. Nakatsuji, M. Caricato, X. Li, H. P. Hratchian, 
 A. F. Izmaylov, J. Bloino, G. Zheng, J. L. Sonnenberg, M. Hada, 
 M. Ehara, K. Toyota, R. Fukuda, J. Hasegawa, M. Ishida, T. Nakajima, 
 Y. Honda, O. Kitao, H. Nakai, T. Vreven, J. A. Montgomery, Jr., 
 J. E. Peralta, F. Ogliaro, M. Bearpark, J. J. Heyd, E. Brothers, 
 K. N. Kudin, V. N. Staroverov, T. Keith, R. Kobayashi, J. Normand, 
 K. Raghavachari, A. Rendell, J. C. Burant, S. S. Iyengar, J. Tomasi, 
 M. Cossi, N. Rega, J. M. Millam, M. Klene, J. E. Knox, J. B. Cross, 
 V. Bakken, C. Adamo, J. Jaramillo, R. Gomperts, R. E. Stratmann, 
 O. Yazyev, A. J. Austin, R. Cammi, C. Pomelli, J. W. Ochterski, 
 R. L. Martin, K. Morokuma, V. G. Zakrzewski, G. A. Voth, 
 P. Salvador, J. J. Dannenberg, S. Dapprich, A. D. Daniels, 
 O. Farkas, J. B. Foresman, J. V. Ortiz, J. Cioslowski, 
 and D. J. Fox, Gaussian, Inc., Wallingford CT, 2013.
 
 ******************************************
 Gaussian 09:  ES64L-G09RevD.01 24-Apr-2013
                17-May-2017 
 ******************************************
 %chk=ch2.chk
 %nprocs=4
 Will use up to    4 processors via shared memory.
 %mem=1000mw
 ---------------------------------------------------
 # CCSD(T,maxcyc=100)/GEN gfinput geom=check scf=xqc
 ---------------------------------------------------
 1/29=2,38=1/1;
 2/12=2,40=1/2;
 3/5=7,11=9,14=-4,16=1,24=10,25=1,30=1/1,2,3;
 4//1;
 5/5=2,8=3,13=1,38=5/2,8;
 8/6=4,9=120000,10=1/1,4;
 9/5=7,6=100,14=2/13;
 6/7=2,8=2,9=2,10=2/1;
 99/5=1,9=1/99;
 -------------------------------------------------
 BEB step 10: low-spin CCSD(T) for dication of ch2
 -------------------------------------------------
 Structure from the checkpoint file:  "ch2.chk"
 Charge =  2 Multiplicity = 1
 Redundant internal coordinates found in file.
 C,0,0.,0.,0.0661340759
 H,0,0.,-0.9932409277,-0.3639822479
 H,0,0.,0.9932409277,-0.3639822479
 Recover connectivity data from disk.
                          Input orientation:                          
 ---------------------------------------------------------------------
 Center     Atomic      Atomic             Coordinates (Angstroms)
 Number     Number       Type             X           Y           Z
 ---------------------------------------------------------------------
      1          6           0        0.000000    0.000000    0.066134
      2          1           0        0.000000   -0.993241   -0.363982
      3          1           0        0.000000    0.993241   -0.363982
 ---------------------------------------------------------------------
                    Distance matrix (angstroms):
                    1          2          3
     1  C    0.000000
     2  H    1.082371   0.000000
     3  H    1.082371   1.986482   0.000000
 Stoichiometry    CH2(2+)
 Framework group  C2V[C2(C),SGV(H2)]
 Deg. of freedom     2
 Full point group                 C2V     NOp   4
 Largest Abelian subgroup         C2V     NOp   4
 Largest concise Abelian subgroup C2      NOp   2
                         Standard orientation:                         
 ---------------------------------------------------------------------
 Center     Atomic      Atomic             Coordinates (Angstroms)
 Number     Number       Type             X           Y           Z
 ---------------------------------------------------------------------
      1          6           0        0.000000    0.000000    0.107529
      2          1           0        0.000000    0.993241   -0.322587
      3          1           0        0.000000   -0.993241   -0.322587
 ---------------------------------------------------------------------
 Rotational constants (GHZ):   1582.9318105    254.1515972    218.9909540
 General basis read from cards:  (5D, 7F)
 AO basis set in the form of general basis input (Overlap normalization):
      1 0
 S   7 1.00       0.000000000000
      0.8236000000D+04  0.5419783203D-03
      0.1235000000D+04  0.4192873817D-02
      0.2808000000D+03  0.2152216205D-01
      0.7927000000D+02  0.8353432195D-01
      0.2559000000D+02  0.2395828457D+00
      0.8997000000D+01  0.4428528419D+00
      0.3319000000D+01  0.3517995618D+00
 S   6 1.00       0.000000000000
      0.2808000000D+03 -0.5949224937D-04
      0.7927000000D+02 -0.1148158310D-02
      0.2559000000D+02 -0.1001913745D-01
      0.8997000000D+01 -0.6121949230D-01
      0.3319000000D+01 -0.1732698541D+00
      0.3643000000D+00  0.1072915192D+01
 S   1 1.00       0.000000000000
      0.9059000000D+00  0.1000000000D+01
 S   1 1.00       0.000000000000
      0.1285000000D+00  0.1000000000D+01
 P   3 1.00       0.000000000000
      0.1871000000D+02  0.3942638716D-01
      0.4133000000D+01  0.2440889849D+00
      0.1200000000D+01  0.8154920089D+00
 P   1 1.00       0.000000000000
      0.3827000000D+00  0.1000000000D+01
 P   1 1.00       0.000000000000
      0.1209000000D+00  0.1000000000D+01
 D   1 1.00       0.000000000000
      0.1097000000D+01  0.1000000000D+01
 D   1 1.00       0.000000000000
      0.3180000000D+00  0.1000000000D+01
 F   1 1.00       0.000000000000
      0.7610000000D+00  0.1000000000D+01
 ****
      2 0
 S   3 1.00       0.000000000000
      0.3387000000D+02  0.2549486323D-01
      0.5095000000D+01  0.1903627659D+00
      0.1159000000D+01  0.8521620222D+00
 S   1 1.00       0.000000000000
      0.3258000000D+00  0.1000000000D+01
 S   1 1.00       0.000000000000
      0.1027000000D+00  0.1000000000D+01
 P   1 1.00       0.000000000000
      0.1407000000D+01  0.1000000000D+01
 P   1 1.00       0.000000000000
      0.3880000000D+00  0.1000000000D+01
 D   1 1.00       0.000000000000
      0.1057000000D+01  0.1000000000D+01
 ****
      3 0
 S   3 1.00       0.000000000000
      0.3387000000D+02  0.2549486323D-01
      0.5095000000D+01  0.1903627659D+00
      0.1159000000D+01  0.8521620222D+00
 S   1 1.00       0.000000000000
      0.3258000000D+00  0.1000000000D+01
 S   1 1.00       0.000000000000
      0.1027000000D+00  0.1000000000D+01
 P   1 1.00       0.000000000000
      0.1407000000D+01  0.1000000000D+01
 P   1 1.00       0.000000000000
      0.3880000000D+00  0.1000000000D+01
 D   1 1.00       0.000000000000
      0.1057000000D+01  0.1000000000D+01
 ****

 There are    27 symmetry adapted cartesian basis functions of A1  symmetry.
 There are     7 symmetry adapted cartesian basis functions of A2  symmetry.
 There are    12 symmetry adapted cartesian basis functions of B1  symmetry.
 There are    19 symmetry adapted cartesian basis functions of B2  symmetry.
 There are    23 symmetry adapted basis functions of A1  symmetry.
 There are     7 symmetry adapted basis functions of A2  symmetry.
 There are    11 symmetry adapted basis functions of B1  symmetry.
 There are    17 symmetry adapted basis functions of B2  symmetry.
    58 basis functions,    86 primitive gaussians,    65 cartesian basis functions
     3 alpha electrons        3 beta electrons
       nuclear repulsion energy         6.1332544348 Hartrees.
 NAtoms=    3 NActive=    3 NUniq=    2 SFac= 2.25D+00 NAtFMM=   60 NAOKFM=F Big=F
 Integral buffers will be    131072 words long.
 Raffenetti 1 integral format.
 Two-electron integral symmetry is turned on.
 One-electron integrals computed using PRISM.
 NBasis=    58 RedAO= T EigKep=  2.61D-03  NBF=    23     7    11    17
 NBsUse=    58 1.00D-06 EigRej= -1.00D+00 NBFU=    23     7    11    17
 ExpMin= 1.03D-01 ExpMax= 8.24D+03 ExpMxC= 2.81D+02 IAcc=1 IRadAn=         1 AccDes= 0.00D+00
 Harris functional with IExCor=  205 and IRadAn=       1 diagonalized for initial guess.
 HarFok:  IExCor=  205 AccDes= 0.00D+00 IRadAn=         1 IDoV= 1 UseB2=F ITyADJ=14
 ICtDFT=  3500011 ScaDFX=  1.000000  1.000000  1.000000  1.000000
 FoFCou: FMM=F IPFlag=           0 FMFlag=      100000 FMFlg1=           0
         NFxFlg=           0 DoJE=T BraDBF=F KetDBF=T FulRan=T
         wScrn=  0.000000 ICntrl=     500 IOpCl=  0 I1Cent=   200000004 NGrid=           0
         NMat0=    1 NMatS0=      1 NMatT0=    0 NMatD0=    1 NMtDS0=    0 NMtDT0=    0
 Petite list used in FoFCou.
 Initial guess orbital symmetries:
       Occupied  (A1) (A1) (B2)
       Virtual   (A1) (B1) (A1) (B2) (A1) (B2) (B1) (A1) (A1) (B2)
                 (A2) (A1) (B1) (B2) (A1) (B1) (B2) (A2) (A1) (B2)
                 (A1) (B1) (A1) (B2) (A1) (B2) (A2) (B1) (A1) (B2)
                 (B1) (A1) (A2) (A1) (B1) (B2) (A1) (B2) (A2) (B1)
                 (A1) (B2) (B2) (A1) (A2) (B1) (A1) (B2) (A2) (B1)
                 (A1) (A1) (B2) (B2) (A1)
 The electronic state of the initial guess is 1-A1.
 Keep R1 ints in memory in symmetry-blocked form, NReq=3449881.
 Requested convergence on RMS density matrix=1.00D-08 within  64 cycles.
 Requested convergence on MAX density matrix=1.00D-06.
 Requested convergence on             energy=1.00D-06.
 No special actions if energy rises.
 SCF Done:  E(RHF) =  -37.7695301201     A.U. after    8 cycles
            NFock=  8  Conv=0.55D-08     -V/T= 1.9949
 QCSCF skips out because SCF is already converged.
 ExpMin= 1.03D-01 ExpMax= 8.24D+03 ExpMxC= 2.81D+02 IAcc=3 IRadAn=         5 AccDes= 0.00D+00
 HarFok:  IExCor=  205 AccDes= 0.00D+00 IRadAn=         5 IDoV=-2 UseB2=F ITyADJ=14
 ICtDFT= 12500011 ScaDFX=  1.000000  1.000000  1.000000  1.000000
 Range of M.O.s used for correlation:     2    58
 NBasis=    58 NAE=     3 NBE=     3 NFC=     1 NFV=     0
 NROrb=     57 NOA=     2 NOB=     2 NVA=    55 NVB=    55

 **** Warning!!: The largest alpha MO coefficient is  0.10274892D+02

 Semi-Direct transformation.
 ModeAB=           4 MOrb=             2 LenV=    1048305795
 LASXX=        46128 LTotXX=       46128 LenRXX=       95291
 LTotAB=       49163 MaxLAS=      173394 LenRXY=           0
 NonZer=      141419 LenScr=      785920 LnRSAI=      173394
 LnScr1=      785920 LExtra=           0 Total=      1840525
 MaxDsk=          -1 SrtSym=           T ITran=            4
 JobTyp=0 Pass  1:  I=   1 to   2.
 (rs|ai) integrals will be sorted in core.
 Spin components of T(2) and E(2):
     alpha-alpha T2 =       0.7461392596D-03 E2=     -0.2545048165D-02
     alpha-beta  T2 =       0.2249963017D-01 E2=     -0.7446712487D-01
     beta-beta   T2 =       0.7461392596D-03 E2=     -0.2545048165D-02
 ANorm=    0.1011924853D+01
 E2 =    -0.7955722120D-01 EUMP2 =    -0.37849087341270D+02
 Keep R2 and R3 ints in memory in symmetry-blocked form, NReq=3411002.
 Iterations= 100 Convergence= 0.100D-06
 Iteration Nr.   1
 **********************
 DD1Dir will call FoFMem   1 times, MxPair=         6
 NAB=     3 NAA=     0 NBB=     0.
 MP4(R+Q)=  0.11919141D-02
 E3=       -0.14844745D-01        EUMP3=      -0.37863932087D+02
 E4(DQ)=   -0.32916905D-02        UMP4(DQ)=   -0.37867223777D+02
 E4(SDQ)=  -0.34612396D-02        UMP4(SDQ)=  -0.37867393326D+02
 DE(Corr)= -0.93205329E-01 E(Corr)=     -37.862735449    
 NORM(A)=   0.10192335D+01
 Iteration Nr.   2
 **********************
 DD1Dir will call FoFMem   1 times, MxPair=         6
 NAB=     3 NAA=     0 NBB=     0.
 DE(Corr)= -0.97857579E-01 E(CORR)=     -37.867387699     Delta=-4.65D-03
 NORM(A)=   0.10216283D+01
 Iteration Nr.   3
 **********************
 DD1Dir will call FoFMem   1 times, MxPair=         6
 NAB=     3 NAA=     0 NBB=     0.
 DE(Corr)= -0.99109998E-01 E(CORR)=     -37.868640118     Delta=-1.25D-03
 NORM(A)=   0.10220825D+01
 Iteration Nr.   4
 **********************
 DD1Dir will call FoFMem   1 times, MxPair=         6
 NAB=     3 NAA=     0 NBB=     0.
 DE(Corr)= -0.99312764E-01 E(CORR)=     -37.868842884     Delta=-2.03D-04
 NORM(A)=   0.10221470D+01
 Iteration Nr.   5
 **********************
 DD1Dir will call FoFMem   1 times, MxPair=         6
 NAB=     3 NAA=     0 NBB=     0.
 DE(Corr)= -0.99326579E-01 E(CORR)=     -37.868856699     Delta=-1.38D-05
 NORM(A)=   0.10221518D+01
 Iteration Nr.   6
 **********************
 DD1Dir will call FoFMem   1 times, MxPair=         6
 NAB=     3 NAA=     0 NBB=     0.
 DE(Corr)= -0.99326441E-01 E(CORR)=     -37.868856561     Delta= 1.37D-07
 NORM(A)=   0.10221527D+01
 Iteration Nr.   7
 **********************
 DD1Dir will call FoFMem   1 times, MxPair=         6
 NAB=     3 NAA=     0 NBB=     0.
 DE(Corr)= -0.99326654E-01 E(CORR)=     -37.868856774     Delta=-2.12D-07
 NORM(A)=   0.10221531D+01
 Iteration Nr.   8
 **********************
 DD1Dir will call FoFMem   1 times, MxPair=         6
 NAB=     3 NAA=     0 NBB=     0.
 DE(Corr)= -0.99326862E-01 E(CORR)=     -37.868856982     Delta=-2.09D-07
 NORM(A)=   0.10221530D+01
 Iteration Nr.   9
 **********************
 DD1Dir will call FoFMem   1 times, MxPair=         6
 NAB=     3 NAA=     0 NBB=     0.
 DE(Corr)= -0.99326813E-01 E(CORR)=     -37.868856934     Delta= 4.90D-08
 NORM(A)=   0.10221529D+01
 Largest amplitude= 7.64D-02
 Time for triples=        0.54 seconds.
 T4(CCSD)= -0.13139140D-02
 T5(CCSD)=  0.17250170D-04
 CCSD(T)= -0.37870153597D+02
 Discarding MO integrals.

 **********************************************************************

            Population analysis using the SCF density.

 **********************************************************************

 Orbital symmetries:
       Occupied  (A1) (A1) (B2)
       Virtual   (A1) (B1) (A1) (B2) (A1) (B2) (A1) (B1) (A1) (A2)
                 (B2) (A1) (B1) (B2) (A1) (B1) (B2) (A2) (A1) (B2)
                 (A1) (B1) (A1) (B2) (A1) (B2) (B1) (A2) (A1) (B2)
                 (B1) (A1) (A1) (A2) (B1) (B2) (A1) (B2) (A2) (B1)
                 (A1) (B2) (B2) (A2) (A1) (B1) (A1) (B2) (A2) (B1)
                 (A1) (A1) (B2) (B2) (A1)
 The electronic state is 1-A1.
 Alpha  occ. eigenvalues --  -12.31406  -1.69817  -1.45587
 Alpha virt. eigenvalues --   -0.76679  -0.72340  -0.37246  -0.30911  -0.21338
 Alpha virt. eigenvalues --   -0.16122  -0.15008  -0.14451   0.03056   0.03219
 Alpha virt. eigenvalues --    0.03786   0.11163   0.11881   0.33414   0.40216
 Alpha virt. eigenvalues --    0.49731   0.55545   0.65223   0.74369   0.84486
 Alpha virt. eigenvalues --    1.08500   1.48579   1.51042   1.63036   1.67262
 Alpha virt. eigenvalues --    1.99572   2.03749   2.05283   2.05941   2.24333
 Alpha virt. eigenvalues --    2.25123   2.29781   2.37343   2.38679   2.43295
 Alpha virt. eigenvalues --    2.51560   2.79263   2.85669   3.01756   3.13726
 Alpha virt. eigenvalues --    3.20277   3.21086   3.41751   3.44953   3.45668
 Alpha virt. eigenvalues --    3.53311   4.06536   4.32028   4.37600   4.44262
 Alpha virt. eigenvalues --    4.55498   4.71558   5.02248   5.18440  10.48561
          Condensed to atoms (all electrons):
               1          2          3
     1  C    4.270468   0.326071   0.326071
     2  H    0.326071   0.214641  -0.002018
     3  H    0.326071  -0.002018   0.214641
 Mulliken charges:
               1
     1  C    1.077389
     2  H    0.461306
     3  H    0.461306
 Sum of Mulliken charges =   2.00000
 Mulliken charges with hydrogens summed into heavy atoms:
               1
     1  C    2.000000
 Electronic spatial extent (au):  <R**2>=             11.9785
 Charge=              2.0000 electrons
 Dipole moment (field-independent basis, Debye):
    X=              0.0000    Y=              0.0000    Z=              0.0417  Tot=              0.0417
 Quadrupole moment (field-independent basis, Debye-Ang):
   XX=             -3.1297   YY=              0.0749   ZZ=             -2.2468
   XY=              0.0000   XZ=              0.0000   YZ=              0.0000
 Traceless Quadrupole moment (field-independent basis, Debye-Ang):
   XX=             -1.3625   YY=              1.8421   ZZ=             -0.4796
   XY=              0.0000   XZ=              0.0000   YZ=              0.0000
 Octapole moment (field-independent basis, Debye-Ang**2):
  XXX=              0.0000  YYY=              0.0000  ZZZ=              0.1252  XYY=              0.0000
  XXY=              0.0000  XXZ=              0.1154  XZZ=              0.0000  YZZ=              0.0000
  YYZ=             -2.0354  XYZ=              0.0000
 Hexadecapole moment (field-independent basis, Debye-Ang**3):
 XXXX=             -1.8058 YYYY=             -1.0632 ZZZZ=             -1.9741 XXXY=              0.0000
 XXXZ=              0.0000 YYYX=              0.0000 YYYZ=              0.0000 ZZZX=              0.0000
 ZZZY=              0.0000 XXYY=             -1.5339 XXZZ=             -0.6443 YYZZ=             -0.8345
 XXYZ=              0.0000 YYXZ=              0.0000 ZZXY=              0.0000
 N-N= 6.133254434788D+00 E-N=-9.483164439708D+01  KE= 3.796229098922D+01
 Symmetry A1   KE= 3.536190030905D+01
 Symmetry A2   KE= 1.060268821877D-34
 Symmetry B1   KE= 1.324587740650D-32
 Symmetry B2   KE= 2.600390680165D+00
 1\1\GINC-GAMBA\SP\RCCSD(T)-FC\Gen\C1H2(2+)\IRIKURA\17-May-2017\0\\# CC
 SD(T,maxcyc=100)/GEN gfinput geom=check scf=xqc\\BEB step 10: low-spin
  CCSD(T) for dication of ch2\\2,1\C,0,0.,0.,0.0661340759\H,0,0.,-0.993
 2409277,-0.3639822479\H,0,0.,0.9932409277,-0.3639822479\\Version=ES64L
 -G09RevD.01\State=1-A1\HF=-37.7695301\MP2=-37.8490873\MP3=-37.8639321\
 MP4D=-37.8684157\MP4DQ=-37.8672238\MP4SDQ=-37.8673933\CCSD=-37.8688569
 \CCSD(T)=-37.8701536\RMSD=5.467e-09\PG=C02V [C2(C1),SGV(H2)]\\@


 CHRISTMAS IS ON TOP OF A STEEP HILL.
 THE CLOSER YOU GET, THE STEEPER THE HILL IS.
          -- LINUS, OF PEANUTS
 Job cpu time:       0 days  0 hours  0 minutes  8.9 seconds.
 File lengths (MBytes):  RWF=     21 Int=      0 D2E=      0 Chk=      1 Scr=      1
 Normal termination of Gaussian 09 at Wed May 17 12:52:51 2017.
