 Entering Gaussian System, Link 0=g09
 Initial command:
 /usr/local/apps/g09/l1.exe "/wrk/irikura/Gau-30356.inp" -scrdir="/wrk/irikura/"
 Entering Link 1 = /usr/local/apps/g09/l1.exe PID=     30358.
  
 Copyright (c) 1988,1990,1992,1993,1995,1998,2003,2009,2013,
            Gaussian, Inc.  All Rights Reserved.
  
 This is part of the Gaussian(R) 09 program.  It is based on
 the Gaussian(R) 03 system (copyright 2003, Gaussian, Inc.),
 the Gaussian(R) 98 system (copyright 1998, Gaussian, Inc.),
 the Gaussian(R) 94 system (copyright 1995, Gaussian, Inc.),
 the Gaussian 92(TM) system (copyright 1992, Gaussian, Inc.),
 the Gaussian 90(TM) system (copyright 1990, Gaussian, Inc.),
 the Gaussian 88(TM) system (copyright 1988, Gaussian, Inc.),
 the Gaussian 86(TM) system (copyright 1986, Carnegie Mellon
 University), and the Gaussian 82(TM) system (copyright 1983,
 Carnegie Mellon University). Gaussian is a federally registered
 trademark of Gaussian, Inc.
  
 This software contains proprietary and confidential information,
 including trade secrets, belonging to Gaussian, Inc.
  
 This software is provided under written license and may be
 used, copied, transmitted, or stored only in accord with that
 written license.
  
 The following legend is applicable only to US Government
 contracts under FAR:
  
                    RESTRICTED RIGHTS LEGEND
  
 Use, reproduction and disclosure by the US Government is
 subject to restrictions as set forth in subparagraphs (a)
 and (c) of the Commercial Computer Software - Restricted
 Rights clause in FAR 52.227-19.
  
 Gaussian, Inc.
 340 Quinnipiac St., Bldg. 40, Wallingford CT 06492
  
  
 ---------------------------------------------------------------
 Warning -- This program may not be used in any manner that
 competes with the business of Gaussian, Inc. or will provide
 assistance to any competitor of Gaussian, Inc.  The licensee
 of this program is prohibited from giving any competitor of
 Gaussian, Inc. access to this program.  By using this program,
 the user acknowledges that Gaussian, Inc. is engaged in the
 business of creating and licensing software in the field of
 computational chemistry and represents and warrants to the
 licensee that it is not a competitor of Gaussian, Inc. and that
 it will not use this program in any manner prohibited above.
 ---------------------------------------------------------------
  

 Cite this work as:
 Gaussian 09, Revision D.01,
 M. J. Frisch, G. W. Trucks, H. B. Schlegel, G. E. Scuseria, 
 M. A. Robb, J. R. Cheeseman, G. Scalmani, V. Barone, B. Mennucci, 
 G. A. Petersson, H. Nakatsuji, M. Caricato, X. Li, H. P. Hratchian, 
 A. F. Izmaylov, J. Bloino, G. Zheng, J. L. Sonnenberg, M. Hada, 
 M. Ehara, K. Toyota, R. Fukuda, J. Hasegawa, M. Ishida, T. Nakajima, 
 Y. Honda, O. Kitao, H. Nakai, T. Vreven, J. A. Montgomery, Jr., 
 J. E. Peralta, F. Ogliaro, M. Bearpark, J. J. Heyd, E. Brothers, 
 K. N. Kudin, V. N. Staroverov, T. Keith, R. Kobayashi, J. Normand, 
 K. Raghavachari, A. Rendell, J. C. Burant, S. S. Iyengar, J. Tomasi, 
 M. Cossi, N. Rega, J. M. Millam, M. Klene, J. E. Knox, J. B. Cross, 
 V. Bakken, C. Adamo, J. Jaramillo, R. Gomperts, R. E. Stratmann, 
 O. Yazyev, A. J. Austin, R. Cammi, C. Pomelli, J. W. Ochterski, 
 R. L. Martin, K. Morokuma, V. G. Zakrzewski, G. A. Voth, 
 P. Salvador, J. J. Dannenberg, S. Dapprich, A. D. Daniels, 
 O. Farkas, J. B. Foresman, J. V. Ortiz, J. Cioslowski, 
 and D. J. Fox, Gaussian, Inc., Wallingford CT, 2013.
 
 ******************************************
 Gaussian 09:  ES64L-G09RevD.01 24-Apr-2013
                17-May-2017 
 ******************************************
 %chk=h2o.chk
 %nprocs=4
 Will use up to    4 processors via shared memory.
 %mem=1000mw
 ---------------------------------------------------
 # CCSD(T,maxcyc=100)/GEN gfinput geom=check scf=xqc
 ---------------------------------------------------
 1/29=2,38=1/1;
 2/12=2,40=1/2;
 3/5=7,11=9,14=-4,16=1,24=10,25=1,30=1/1,2,3;
 4//1;
 5/5=2,8=3,13=1,38=5/2,8;
 8/6=4,9=120000,10=1/1,4;
 9/5=7,6=100,14=2/13;
 6/7=2,8=2,9=2,10=2/1;
 99/5=1,9=1/99;
 -------------------------------------------------
 BEB step 10: low-spin CCSD(T) for dication of h2o
 -------------------------------------------------
 Structure from the checkpoint file:  "h2o.chk"
 Charge =  2 Multiplicity = 1
 Redundant internal coordinates found in file.
 O,0,0.,0.,-0.1405046397
 H,0,0.,-0.7615598004,0.4580938899
 H,0,0.,0.7615598004,0.4580938899
 Recover connectivity data from disk.
                          Input orientation:                          
 ---------------------------------------------------------------------
 Center     Atomic      Atomic             Coordinates (Angstroms)
 Number     Number       Type             X           Y           Z
 ---------------------------------------------------------------------
      1          8           0        0.000000    0.000000   -0.140505
      2          1           0        0.000000   -0.761560    0.458094
      3          1           0        0.000000    0.761560    0.458094
 ---------------------------------------------------------------------
                    Distance matrix (angstroms):
                    1          2          3
     1  O    0.000000
     2  H    0.968656   0.000000
     3  H    0.968656   1.523120   0.000000
 Stoichiometry    H2O(2+)
 Framework group  C2V[C2(O),SGV(H2)]
 Deg. of freedom     2
 Full point group                 C2V     NOp   4
 Largest Abelian subgroup         C2V     NOp   4
 Largest concise Abelian subgroup C2      NOp   2
                         Standard orientation:                         
 ---------------------------------------------------------------------
 Center     Atomic      Atomic             Coordinates (Angstroms)
 Number     Number       Type             X           Y           Z
 ---------------------------------------------------------------------
      1          8           0        0.000000    0.000000    0.119720
      2          1           0        0.000000    0.761560   -0.478879
      3          1           0        0.000000   -0.761560   -0.478879
 ---------------------------------------------------------------------
 Rotational constants (GHZ):    787.9091958    432.3087586    279.1468894
 General basis read from cards:  (5D, 7F)
 AO basis set in the form of general basis input (Overlap normalization):
      1 0
 S   7 1.00       0.000000000000
      0.1533000000D+05  0.5198089434D-03
      0.2299000000D+04  0.4020256215D-02
      0.5224000000D+03  0.2071282673D-01
      0.1473000000D+03  0.8101055358D-01
      0.4755000000D+02  0.2359629851D+00
      0.1676000000D+02  0.4426534455D+00
      0.6207000000D+01  0.3570644227D+00
 S   6 1.00       0.000000000000
      0.5224000000D+03 -0.4421150084D-04
      0.1473000000D+03 -0.1225910413D-02
      0.4755000000D+02 -0.1055177248D-01
      0.1676000000D+02 -0.6744526326D-01
      0.6207000000D+01 -0.1711986073D+00
      0.6882000000D+00  0.1073298561D+01
 S   1 1.00       0.000000000000
      0.1752000000D+01  0.1000000000D+01
 S   1 1.00       0.000000000000
      0.2384000000D+00  0.1000000000D+01
 P   3 1.00       0.000000000000
      0.3446000000D+02  0.4116348957D-01
      0.7749000000D+01  0.2577628359D+00
      0.2280000000D+01  0.8024192744D+00
 P   1 1.00       0.000000000000
      0.7156000000D+00  0.1000000000D+01
 P   1 1.00       0.000000000000
      0.2140000000D+00  0.1000000000D+01
 D   1 1.00       0.000000000000
      0.2314000000D+01  0.1000000000D+01
 D   1 1.00       0.000000000000
      0.6450000000D+00  0.1000000000D+01
 F   1 1.00       0.000000000000
      0.1428000000D+01  0.1000000000D+01
 ****
      2 0
 S   3 1.00       0.000000000000
      0.3387000000D+02  0.2549486323D-01
      0.5095000000D+01  0.1903627659D+00
      0.1159000000D+01  0.8521620222D+00
 S   1 1.00       0.000000000000
      0.3258000000D+00  0.1000000000D+01
 S   1 1.00       0.000000000000
      0.1027000000D+00  0.1000000000D+01
 P   1 1.00       0.000000000000
      0.1407000000D+01  0.1000000000D+01
 P   1 1.00       0.000000000000
      0.3880000000D+00  0.1000000000D+01
 D   1 1.00       0.000000000000
      0.1057000000D+01  0.1000000000D+01
 ****
      3 0
 S   3 1.00       0.000000000000
      0.3387000000D+02  0.2549486323D-01
      0.5095000000D+01  0.1903627659D+00
      0.1159000000D+01  0.8521620222D+00
 S   1 1.00       0.000000000000
      0.3258000000D+00  0.1000000000D+01
 S   1 1.00       0.000000000000
      0.1027000000D+00  0.1000000000D+01
 P   1 1.00       0.000000000000
      0.1407000000D+01  0.1000000000D+01
 P   1 1.00       0.000000000000
      0.3880000000D+00  0.1000000000D+01
 D   1 1.00       0.000000000000
      0.1057000000D+01  0.1000000000D+01
 ****

 There are    27 symmetry adapted cartesian basis functions of A1  symmetry.
 There are     7 symmetry adapted cartesian basis functions of A2  symmetry.
 There are    12 symmetry adapted cartesian basis functions of B1  symmetry.
 There are    19 symmetry adapted cartesian basis functions of B2  symmetry.
 There are    23 symmetry adapted basis functions of A1  symmetry.
 There are     7 symmetry adapted basis functions of A2  symmetry.
 There are    11 symmetry adapted basis functions of B1  symmetry.
 There are    17 symmetry adapted basis functions of B2  symmetry.
    58 basis functions,    86 primitive gaussians,    65 cartesian basis functions
     4 alpha electrons        4 beta electrons
       nuclear repulsion energy         9.0882413160 Hartrees.
 NAtoms=    3 NActive=    3 NUniq=    2 SFac= 2.25D+00 NAtFMM=   60 NAOKFM=F Big=F
 Integral buffers will be    131072 words long.
 Raffenetti 1 integral format.
 Two-electron integral symmetry is turned on.
 One-electron integrals computed using PRISM.
 NBasis=    58 RedAO= T EigKep=  3.67D-03  NBF=    23     7    11    17
 NBsUse=    58 1.00D-06 EigRej= -1.00D+00 NBFU=    23     7    11    17
 ExpMin= 1.03D-01 ExpMax= 1.53D+04 ExpMxC= 5.22D+02 IAcc=1 IRadAn=         1 AccDes= 0.00D+00
 Harris functional with IExCor=  205 and IRadAn=       1 diagonalized for initial guess.
 HarFok:  IExCor=  205 AccDes= 0.00D+00 IRadAn=         1 IDoV= 1 UseB2=F ITyADJ=14
 ICtDFT=  3500011 ScaDFX=  1.000000  1.000000  1.000000  1.000000
 FoFCou: FMM=F IPFlag=           0 FMFlag=      100000 FMFlg1=           0
         NFxFlg=           0 DoJE=T BraDBF=F KetDBF=T FulRan=T
         wScrn=  0.000000 ICntrl=     500 IOpCl=  0 I1Cent=   200000004 NGrid=           0
         NMat0=    1 NMatS0=      1 NMatT0=    0 NMatD0=    1 NMtDS0=    0 NMtDT0=    0
 Petite list used in FoFCou.
 Initial guess orbital symmetries:
       Occupied  (A1) (A1) (B2) (A1)
       Virtual   (B1) (A1) (B2) (B2) (A1) (A1) (B1) (B2) (A1) (A2)
                 (B1) (A1) (B2) (B2) (A1) (B1) (A2) (B2) (A1) (A1)
                 (A1) (B2) (B1) (A1) (B1) (A2) (B2) (B2) (A1) (A2)
                 (B2) (A1) (B1) (A2) (A1) (B1) (B2) (B2) (A1) (A1)
                 (B2) (B1) (A1) (B1) (A2) (A1) (B1) (B2) (A1) (A2)
                 (A1) (B2) (B2) (A1)
 The electronic state of the initial guess is 1-A1.
 Keep R1 ints in memory in symmetry-blocked form, NReq=3449867.
 Requested convergence on RMS density matrix=1.00D-08 within  64 cycles.
 Requested convergence on MAX density matrix=1.00D-06.
 Requested convergence on             energy=1.00D-06.
 No special actions if energy rises.
 SCF Done:  E(RHF) =  -74.6249384587     A.U. after    8 cycles
            NFock=  8  Conv=0.97D-08     -V/T= 1.9952
 QCSCF skips out because SCF is already converged.
 ExpMin= 1.03D-01 ExpMax= 1.53D+04 ExpMxC= 5.22D+02 IAcc=3 IRadAn=         5 AccDes= 0.00D+00
 HarFok:  IExCor=  205 AccDes= 0.00D+00 IRadAn=         5 IDoV=-2 UseB2=F ITyADJ=14
 ICtDFT= 12500011 ScaDFX=  1.000000  1.000000  1.000000  1.000000
 Range of M.O.s used for correlation:     2    58
 NBasis=    58 NAE=     4 NBE=     4 NFC=     1 NFV=     0
 NROrb=     57 NOA=     3 NOB=     3 NVA=    54 NVB=    54
 Semi-Direct transformation.
 ModeAB=           4 MOrb=             3 LenV=    1048306273
 LASXX=        68438 LTotXX=       68438 LenRXX=      141458
 LTotAB=       73020 MaxLAS=      260091 LenRXY=           0
 NonZer=      209896 LenScr=      785920 LnRSAI=      260091
 LnScr1=      785920 LExtra=           0 Total=      1973389
 MaxDsk=          -1 SrtSym=           T ITran=            4
 JobTyp=0 Pass  1:  I=   1 to   3.
 (rs|ai) integrals will be sorted in core.
 Spin components of T(2) and E(2):
     alpha-alpha T2 =       0.2596319609D-02 E2=     -0.1381681290D-01
     alpha-beta  T2 =       0.2735432044D-01 E2=     -0.1361009199D+00
     beta-beta   T2 =       0.2596319609D-02 E2=     -0.1381681290D-01
 ANorm=    0.1016143179D+01
 E2 =    -0.1637345457D+00 EUMP2 =    -0.74788673004358D+02
 Keep R2 and R3 ints in memory in symmetry-blocked form, NReq=3411002.
 Iterations= 100 Convergence= 0.100D-06
 Iteration Nr.   1
 **********************
 DD1Dir will call FoFMem   1 times, MxPair=        12
 NAB=     6 NAA=     0 NBB=     0.
 MP4(R+Q)=  0.23569743D-02
 E3=       -0.19105126D-01        EUMP3=      -0.74807778130D+02
 E4(DQ)=   -0.30009473D-02        UMP4(DQ)=   -0.74810779077D+02
 E4(SDQ)=  -0.35042976D-02        UMP4(SDQ)=  -0.74811282428D+02
 DE(Corr)= -0.18047517     E(Corr)=     -74.805413624    
 NORM(A)=   0.10223212D+01
 Iteration Nr.   2
 **********************
 DD1Dir will call FoFMem   1 times, MxPair=        12
 NAB=     6 NAA=     0 NBB=     0.
 DE(Corr)= -0.18576831     E(CORR)=     -74.810706769     Delta=-5.29D-03
 NORM(A)=   0.10268648D+01
 Iteration Nr.   3
 **********************
 DD1Dir will call FoFMem   1 times, MxPair=        12
 NAB=     6 NAA=     0 NBB=     0.
 DE(Corr)= -0.18839548     E(CORR)=     -74.813333938     Delta=-2.63D-03
 NORM(A)=   0.10307373D+01
 Iteration Nr.   4
 **********************
 DD1Dir will call FoFMem   1 times, MxPair=        12
 NAB=     6 NAA=     0 NBB=     0.
 DE(Corr)= -0.18988984     E(CORR)=     -74.814828300     Delta=-1.49D-03
 NORM(A)=   0.10341322D+01
 Iteration Nr.   5
 **********************
 DD1Dir will call FoFMem   1 times, MxPair=        12
 NAB=     6 NAA=     0 NBB=     0.
 DE(Corr)= -0.19054952     E(CORR)=     -74.815487980     Delta=-6.60D-04
 NORM(A)=   0.10352831D+01
 Iteration Nr.   6
 **********************
 DD1Dir will call FoFMem   1 times, MxPair=        12
 NAB=     6 NAA=     0 NBB=     0.
 DE(Corr)= -0.19070855     E(CORR)=     -74.815647011     Delta=-1.59D-04
 NORM(A)=   0.10355352D+01
 Iteration Nr.   7
 **********************
 DD1Dir will call FoFMem   1 times, MxPair=        12
 NAB=     6 NAA=     0 NBB=     0.
 DE(Corr)= -0.19074077     E(CORR)=     -74.815679232     Delta=-3.22D-05
 NORM(A)=   0.10355731D+01
 Iteration Nr.   8
 **********************
 DD1Dir will call FoFMem   1 times, MxPair=        12
 NAB=     6 NAA=     0 NBB=     0.
 DE(Corr)= -0.19074827     E(CORR)=     -74.815686728     Delta=-7.50D-06
 NORM(A)=   0.10355824D+01
 Iteration Nr.   9
 **********************
 DD1Dir will call FoFMem   1 times, MxPair=        12
 NAB=     6 NAA=     0 NBB=     0.
 DE(Corr)= -0.19074921     E(CORR)=     -74.815687665     Delta=-9.38D-07
 NORM(A)=   0.10355843D+01
 Iteration Nr.  10
 **********************
 DD1Dir will call FoFMem   1 times, MxPair=        12
 NAB=     6 NAA=     0 NBB=     0.
 DE(Corr)= -0.19074843     E(CORR)=     -74.815686890     Delta= 7.76D-07
 NORM(A)=   0.10355817D+01
 Iteration Nr.  11
 **********************
 DD1Dir will call FoFMem   1 times, MxPair=        12
 NAB=     6 NAA=     0 NBB=     0.
 DE(Corr)= -0.19074733     E(CORR)=     -74.815685789     Delta= 1.10D-06
 NORM(A)=   0.10355784D+01
 Iteration Nr.  12
 **********************
 DD1Dir will call FoFMem   1 times, MxPair=        12
 NAB=     6 NAA=     0 NBB=     0.
 DE(Corr)= -0.19074651     E(CORR)=     -74.815684968     Delta= 8.21D-07
 NORM(A)=   0.10355743D+01
 Iteration Nr.  13
 **********************
 DD1Dir will call FoFMem   1 times, MxPair=        12
 NAB=     6 NAA=     0 NBB=     0.
 DE(Corr)= -0.19074562     E(CORR)=     -74.815684074     Delta= 8.93D-07
 NORM(A)=   0.10355713D+01
 Iteration Nr.  14
 **********************
 DD1Dir will call FoFMem   1 times, MxPair=        12
 NAB=     6 NAA=     0 NBB=     0.
 DE(Corr)= -0.19074505     E(CORR)=     -74.815683512     Delta= 5.62D-07
 NORM(A)=   0.10355701D+01
 Iteration Nr.  15
 **********************
 DD1Dir will call FoFMem   1 times, MxPair=        12
 NAB=     6 NAA=     0 NBB=     0.
 DE(Corr)= -0.19074489     E(CORR)=     -74.815683352     Delta= 1.60D-07
 NORM(A)=   0.10355699D+01
 Iteration Nr.  16
 **********************
 DD1Dir will call FoFMem   1 times, MxPair=        12
 NAB=     6 NAA=     0 NBB=     0.
 DE(Corr)= -0.19074487     E(CORR)=     -74.815683328     Delta= 2.42D-08
 NORM(A)=   0.10355697D+01
 Dominant configurations:
 ***********************
 Spin Case        I    J    A    B          Value
   ABAB           4    4    5    5      -0.158540D+00
 Largest amplitude= 1.59D-01
 Time for triples=        0.51 seconds.
 T4(CCSD)= -0.47476065D-02
 T5(CCSD)=  0.40127187D-04
 CCSD(T)= -0.74820390807D+02
 Discarding MO integrals.

 **********************************************************************

            Population analysis using the SCF density.

 **********************************************************************

 Orbital symmetries:
       Occupied  (A1) (A1) (B2) (A1)
       Virtual   (B1) (A1) (B2) (B2) (A1) (A1) (B1) (A1) (A2) (B2)
                 (B1) (A1) (B2) (B2) (A1) (B1) (A2) (B2) (A1) (A1)
                 (A1) (B2) (B1) (A1) (A2) (B1) (B2) (B2) (A1) (A2)
                 (B1) (B2) (A1) (A2) (A1) (B1) (B2) (B2) (A1) (A1)
                 (B2) (B1) (A1) (B1) (A2) (B1) (A1) (B2) (A1) (A2)
                 (A1) (B2) (B2) (A1)
 The electronic state is 1-A1.
 Alpha  occ. eigenvalues --  -21.79584  -2.38260  -1.75728  -1.64575
 Alpha virt. eigenvalues --   -0.94648  -0.48951  -0.41548  -0.15809  -0.12509
 Alpha virt. eigenvalues --   -0.06625  -0.00144   0.06795   0.10233   0.10313
 Alpha virt. eigenvalues --    0.20244   0.32040   0.49110   0.73815   0.74617
 Alpha virt. eigenvalues --    1.11467   1.13332   1.25054   1.27180   1.32804
 Alpha virt. eigenvalues --    1.71305   2.05368   2.46731   2.60865   2.69306
 Alpha virt. eigenvalues --    2.79222   2.80137   2.96823   3.05836   3.08653
 Alpha virt. eigenvalues --    3.14344   3.17788   3.23276   3.41732   3.46980
 Alpha virt. eigenvalues --    3.64272   3.69217   3.95305   4.13077   4.22971
 Alpha virt. eigenvalues --    4.45772   4.96699   5.49825   5.76783   5.77515
 Alpha virt. eigenvalues --    5.90812   5.92590   5.99769   6.07524   6.16089
 Alpha virt. eigenvalues --    6.39200   6.75476   7.20679  11.63775
          Condensed to atoms (all electrons):
               1          2          3
     1  O    6.404020   0.276727   0.276727
     2  H    0.276727   0.243150   0.001386
     3  H    0.276727   0.001386   0.243150
 Mulliken charges:
               1
     1  O    1.042526
     2  H    0.478737
     3  H    0.478737
 Sum of Mulliken charges =   2.00000
 Mulliken charges with hydrogens summed into heavy atoms:
               1
     1  O    2.000000
 Electronic spatial extent (au):  <R**2>=             10.6239
 Charge=              2.0000 electrons
 Dipole moment (field-independent basis, Debye):
    X=              0.0000    Y=              0.0000    Z=             -2.4074  Tot=              2.4074
 Quadrupole moment (field-independent basis, Debye-Ang):
   XX=             -2.9006   YY=             -0.3355   ZZ=             -2.7283
   XY=              0.0000   XZ=              0.0000   YZ=              0.0000
 Traceless Quadrupole moment (field-independent basis, Debye-Ang):
   XX=             -0.9125   YY=              1.6526   ZZ=             -0.7401
   XY=              0.0000   XZ=              0.0000   YZ=              0.0000
 Octapole moment (field-independent basis, Debye-Ang**2):
  XXX=              0.0000  YYY=              0.0000  ZZZ=             -1.5963  XYY=              0.0000
  XXY=              0.0000  XXZ=             -0.1536  XZZ=              0.0000  YZZ=              0.0000
  YYZ=             -2.2629  XYZ=              0.0000
 Hexadecapole moment (field-independent basis, Debye-Ang**3):
 XXXX=             -1.1476 YYYY=             -0.5971 ZZZZ=             -2.6147 XXXY=              0.0000
 XXXZ=              0.0000 YYYX=              0.0000 YYYZ=              0.0000 ZZZX=              0.0000
 ZZZY=              0.0000 XXYY=             -0.7248 XXZZ=             -0.6848 YYZZ=              0.0254
 XXYZ=              0.0000 YYXZ=              0.0000 ZZXY=              0.0000
 N-N= 9.088241315969D+00 E-N=-1.872468759198D+02  KE= 7.498347326520D+01
 Symmetry A1   KE= 7.017267356200D+01
 Symmetry A2   KE= 1.303184241228D-34
 Symmetry B1   KE= 2.902320458749D-32
 Symmetry B2   KE= 4.810799703194D+00
 1\1\GINC-GAMBA\SP\RCCSD(T)-FC\Gen\H2O1(2+)\IRIKURA\17-May-2017\0\\# CC
 SD(T,maxcyc=100)/GEN gfinput geom=check scf=xqc\\BEB step 10: low-spin
  CCSD(T) for dication of h2o\\2,1\O,0,0.,0.,-0.1405046397\H,0,0.,-0.76
 15598004,0.4580938899\H,0,0.,0.7615598004,0.4580938899\\Version=ES64L-
 G09RevD.01\State=1-A1\HF=-74.6249385\MP2=-74.788673\MP3=-74.8077781\MP
 4D=-74.8131361\MP4DQ=-74.8107791\MP4SDQ=-74.8112824\CCSD=-74.8156833\C
 CSD(T)=-74.8203908\RMSD=9.679e-09\PG=C02V [C2(O1),SGV(H2)]\\@


 The most important thing in communication is to hear what isn't being said.
 -- Peter F. Drucker
 Job cpu time:       0 days  0 hours  0 minutes 19.2 seconds.
 File lengths (MBytes):  RWF=     22 Int=      0 D2E=      0 Chk=      1 Scr=      1
 Normal termination of Gaussian 09 at Wed May 17 13:36:55 2017.
