 Entering Gaussian System, Link 0=g09
 Initial command:
 /usr/local/apps/g09/l1.exe "/wrk/irikura/Gau-32309.inp" -scrdir="/wrk/irikura/"
 Entering Link 1 = /usr/local/apps/g09/l1.exe PID=     32311.
  
 Copyright (c) 1988,1990,1992,1993,1995,1998,2003,2009,2013,
            Gaussian, Inc.  All Rights Reserved.
  
 This is part of the Gaussian(R) 09 program.  It is based on
 the Gaussian(R) 03 system (copyright 2003, Gaussian, Inc.),
 the Gaussian(R) 98 system (copyright 1998, Gaussian, Inc.),
 the Gaussian(R) 94 system (copyright 1995, Gaussian, Inc.),
 the Gaussian 92(TM) system (copyright 1992, Gaussian, Inc.),
 the Gaussian 90(TM) system (copyright 1990, Gaussian, Inc.),
 the Gaussian 88(TM) system (copyright 1988, Gaussian, Inc.),
 the Gaussian 86(TM) system (copyright 1986, Carnegie Mellon
 University), and the Gaussian 82(TM) system (copyright 1983,
 Carnegie Mellon University). Gaussian is a federally registered
 trademark of Gaussian, Inc.
  
 This software contains proprietary and confidential information,
 including trade secrets, belonging to Gaussian, Inc.
  
 This software is provided under written license and may be
 used, copied, transmitted, or stored only in accord with that
 written license.
  
 The following legend is applicable only to US Government
 contracts under FAR:
  
                    RESTRICTED RIGHTS LEGEND
  
 Use, reproduction and disclosure by the US Government is
 subject to restrictions as set forth in subparagraphs (a)
 and (c) of the Commercial Computer Software - Restricted
 Rights clause in FAR 52.227-19.
  
 Gaussian, Inc.
 340 Quinnipiac St., Bldg. 40, Wallingford CT 06492
  
  
 ---------------------------------------------------------------
 Warning -- This program may not be used in any manner that
 competes with the business of Gaussian, Inc. or will provide
 assistance to any competitor of Gaussian, Inc.  The licensee
 of this program is prohibited from giving any competitor of
 Gaussian, Inc. access to this program.  By using this program,
 the user acknowledges that Gaussian, Inc. is engaged in the
 business of creating and licensing software in the field of
 computational chemistry and represents and warrants to the
 licensee that it is not a competitor of Gaussian, Inc. and that
 it will not use this program in any manner prohibited above.
 ---------------------------------------------------------------
  

 Cite this work as:
 Gaussian 09, Revision D.01,
 M. J. Frisch, G. W. Trucks, H. B. Schlegel, G. E. Scuseria, 
 M. A. Robb, J. R. Cheeseman, G. Scalmani, V. Barone, B. Mennucci, 
 G. A. Petersson, H. Nakatsuji, M. Caricato, X. Li, H. P. Hratchian, 
 A. F. Izmaylov, J. Bloino, G. Zheng, J. L. Sonnenberg, M. Hada, 
 M. Ehara, K. Toyota, R. Fukuda, J. Hasegawa, M. Ishida, T. Nakajima, 
 Y. Honda, O. Kitao, H. Nakai, T. Vreven, J. A. Montgomery, Jr., 
 J. E. Peralta, F. Ogliaro, M. Bearpark, J. J. Heyd, E. Brothers, 
 K. N. Kudin, V. N. Staroverov, T. Keith, R. Kobayashi, J. Normand, 
 K. Raghavachari, A. Rendell, J. C. Burant, S. S. Iyengar, J. Tomasi, 
 M. Cossi, N. Rega, J. M. Millam, M. Klene, J. E. Knox, J. B. Cross, 
 V. Bakken, C. Adamo, J. Jaramillo, R. Gomperts, R. E. Stratmann, 
 O. Yazyev, A. J. Austin, R. Cammi, C. Pomelli, J. W. Ochterski, 
 R. L. Martin, K. Morokuma, V. G. Zakrzewski, G. A. Voth, 
 P. Salvador, J. J. Dannenberg, S. Dapprich, A. D. Daniels, 
 O. Farkas, J. B. Foresman, J. V. Ortiz, J. Cioslowski, 
 and D. J. Fox, Gaussian, Inc., Wallingford CT, 2013.
 
 ******************************************
 Gaussian 09:  ES64L-G09RevD.01 24-Apr-2013
                17-May-2017 
 ******************************************
 %chk=no2.chk
 %nprocs=6
 Will use up to    6 processors via shared memory.
 %mem=1000mw
 ---------------------------------------------------
 # CCSD(T,maxcyc=100)/GEN gfinput geom=check scf=xqc
 ---------------------------------------------------
 1/29=2,38=1/1;
 2/12=2,40=1/2;
 3/5=7,11=9,14=-4,16=1,24=10,25=1,30=1/1,2,3;
 4//1;
 5/5=2,8=3,13=1,38=5/2,8;
 8/6=4,9=120000,10=1/1,4;
 9/5=7,6=100,14=2/13;
 6/7=2,8=2,9=2,10=2/1;
 99/5=1,9=1/99;
 -------------------------------------------------
 BEB step 10: low-spin CCSD(T) for dication of no2
 -------------------------------------------------
 Structure from the checkpoint file:  "no2.chk"
 Charge =  2 Multiplicity = 2
 Redundant internal coordinates found in file.
 N,0,0.,0.,-0.3309564098
 O,0,0.,-1.1068398818,0.1406818249
 O,0,0.,1.1068398818,0.1406818249
 Recover connectivity data from disk.
                          Input orientation:                          
 ---------------------------------------------------------------------
 Center     Atomic      Atomic             Coordinates (Angstroms)
 Number     Number       Type             X           Y           Z
 ---------------------------------------------------------------------
      1          7           0        0.000000    0.000000   -0.330956
      2          8           0        0.000000   -1.106840    0.140682
      3          8           0        0.000000    1.106840    0.140682
 ---------------------------------------------------------------------
                    Distance matrix (angstroms):
                    1          2          3
     1  N    0.000000
     2  O    1.203136   0.000000
     3  O    1.203136   2.213680   0.000000
 Stoichiometry    NO2(2+,2)
 Framework group  C2V[C2(N),SGV(O2)]
 Deg. of freedom     2
 Full point group                 C2V     NOp   4
 Largest Abelian subgroup         C2V     NOp   4
 Largest concise Abelian subgroup C2      NOp   2
                         Standard orientation:                         
 ---------------------------------------------------------------------
 Center     Atomic      Atomic             Coordinates (Angstroms)
 Number     Number       Type             X           Y           Z
 ---------------------------------------------------------------------
      1          7           0        0.000000    0.000000    0.328096
      2          8           0        0.000000    1.106840   -0.143542
      3          8           0        0.000000   -1.106840   -0.143542
 ---------------------------------------------------------------------
 Rotational constants (GHZ):    233.2677521     12.8954254     12.2198898
 General basis read from cards:  (5D, 7F)
 AO basis set in the form of general basis input (Overlap normalization):
      1 0
 S   7 1.00       0.000000000000
      0.1142000000D+05  0.5345638595D-03
      0.1712000000D+04  0.4134356596D-02
      0.3893000000D+03  0.2123353578D-01
      0.1100000000D+03  0.8250062241D-01
      0.3557000000D+02  0.2381388709D+00
      0.1254000000D+02  0.4425515469D+00
      0.4644000000D+01  0.3537574220D+00
 S   6 1.00       0.000000000000
      0.3893000000D+03 -0.4898673501D-04
      0.1100000000D+03 -0.1195273230D-02
      0.3557000000D+02 -0.1034907144D-01
      0.1254000000D+02 -0.6486801896D-01
      0.4644000000D+01 -0.1715524774D+00
      0.5118000000D+00  0.1072895678D+01
 S   1 1.00       0.000000000000
      0.1293000000D+01  0.1000000000D+01
 S   1 1.00       0.000000000000
      0.1787000000D+00  0.1000000000D+01
 P   3 1.00       0.000000000000
      0.2663000000D+02  0.3980721230D-01
      0.5948000000D+01  0.2490026605D+00
      0.1742000000D+01  0.8104797267D+00
 P   1 1.00       0.000000000000
      0.5550000000D+00  0.1000000000D+01
 P   1 1.00       0.000000000000
      0.1725000000D+00  0.1000000000D+01
 D   1 1.00       0.000000000000
      0.1654000000D+01  0.1000000000D+01
 D   1 1.00       0.000000000000
      0.4690000000D+00  0.1000000000D+01
 F   1 1.00       0.000000000000
      0.1093000000D+01  0.1000000000D+01
 ****
      2 0
 S   7 1.00       0.000000000000
      0.1533000000D+05  0.5198089434D-03
      0.2299000000D+04  0.4020256215D-02
      0.5224000000D+03  0.2071282673D-01
      0.1473000000D+03  0.8101055358D-01
      0.4755000000D+02  0.2359629851D+00
      0.1676000000D+02  0.4426534455D+00
      0.6207000000D+01  0.3570644227D+00
 S   6 1.00       0.000000000000
      0.5224000000D+03 -0.4421150084D-04
      0.1473000000D+03 -0.1225910413D-02
      0.4755000000D+02 -0.1055177248D-01
      0.1676000000D+02 -0.6744526326D-01
      0.6207000000D+01 -0.1711986073D+00
      0.6882000000D+00  0.1073298561D+01
 S   1 1.00       0.000000000000
      0.1752000000D+01  0.1000000000D+01
 S   1 1.00       0.000000000000
      0.2384000000D+00  0.1000000000D+01
 P   3 1.00       0.000000000000
      0.3446000000D+02  0.4116348957D-01
      0.7749000000D+01  0.2577628359D+00
      0.2280000000D+01  0.8024192744D+00
 P   1 1.00       0.000000000000
      0.7156000000D+00  0.1000000000D+01
 P   1 1.00       0.000000000000
      0.2140000000D+00  0.1000000000D+01
 D   1 1.00       0.000000000000
      0.2314000000D+01  0.1000000000D+01
 D   1 1.00       0.000000000000
      0.6450000000D+00  0.1000000000D+01
 F   1 1.00       0.000000000000
      0.1428000000D+01  0.1000000000D+01
 ****
      3 0
 S   7 1.00       0.000000000000
      0.1533000000D+05  0.5198089434D-03
      0.2299000000D+04  0.4020256215D-02
      0.5224000000D+03  0.2071282673D-01
      0.1473000000D+03  0.8101055358D-01
      0.4755000000D+02  0.2359629851D+00
      0.1676000000D+02  0.4426534455D+00
      0.6207000000D+01  0.3570644227D+00
 S   6 1.00       0.000000000000
      0.5224000000D+03 -0.4421150084D-04
      0.1473000000D+03 -0.1225910413D-02
      0.4755000000D+02 -0.1055177248D-01
      0.1676000000D+02 -0.6744526326D-01
      0.6207000000D+01 -0.1711986073D+00
      0.6882000000D+00  0.1073298561D+01
 S   1 1.00       0.000000000000
      0.1752000000D+01  0.1000000000D+01
 S   1 1.00       0.000000000000
      0.2384000000D+00  0.1000000000D+01
 P   3 1.00       0.000000000000
      0.3446000000D+02  0.4116348957D-01
      0.7749000000D+01  0.2577628359D+00
      0.2280000000D+01  0.8024192744D+00
 P   1 1.00       0.000000000000
      0.7156000000D+00  0.1000000000D+01
 P   1 1.00       0.000000000000
      0.2140000000D+00  0.1000000000D+01
 D   1 1.00       0.000000000000
      0.2314000000D+01  0.1000000000D+01
 D   1 1.00       0.000000000000
      0.6450000000D+00  0.1000000000D+01
 F   1 1.00       0.000000000000
      0.1428000000D+01  0.1000000000D+01
 ****

 There are    40 symmetry adapted cartesian basis functions of A1  symmetry.
 There are    14 symmetry adapted cartesian basis functions of A2  symmetry.
 There are    19 symmetry adapted cartesian basis functions of B1  symmetry.
 There are    32 symmetry adapted cartesian basis functions of B2  symmetry.
 There are    33 symmetry adapted basis functions of A1  symmetry.
 There are    13 symmetry adapted basis functions of A2  symmetry.
 There are    17 symmetry adapted basis functions of B1  symmetry.
 There are    27 symmetry adapted basis functions of B2  symmetry.
    90 basis functions,   156 primitive gaussians,   105 cartesian basis functions
    11 alpha electrons       10 beta electrons
       nuclear repulsion energy        64.5602365158 Hartrees.
 NAtoms=    3 NActive=    3 NUniq=    2 SFac= 2.25D+00 NAtFMM=   60 NAOKFM=F Big=F
 Integral buffers will be    131072 words long.
 Raffenetti 2 integral format.
 Two-electron integral symmetry is turned on.
 One-electron integrals computed using PRISM.
 NBasis=    90 RedAO= T EigKep=  3.37D-03  NBF=    33    13    17    27
 NBsUse=    90 1.00D-06 EigRej= -1.00D+00 NBFU=    33    13    17    27
 ExpMin= 1.72D-01 ExpMax= 1.53D+04 ExpMxC= 5.22D+02 IAcc=1 IRadAn=         1 AccDes= 0.00D+00
 Harris functional with IExCor=  205 and IRadAn=       1 diagonalized for initial guess.
 HarFok:  IExCor=  205 AccDes= 0.00D+00 IRadAn=         1 IDoV= 1 UseB2=F ITyADJ=14
 ICtDFT=  3500011 ScaDFX=  1.000000  1.000000  1.000000  1.000000
 FoFCou: FMM=F IPFlag=           0 FMFlag=      100000 FMFlg1=           0
         NFxFlg=           0 DoJE=T BraDBF=F KetDBF=T FulRan=T
         wScrn=  0.000000 ICntrl=     500 IOpCl=  0 I1Cent=   200000004 NGrid=           0
         NMat0=    1 NMatS0=      1 NMatT0=    0 NMatD0=    1 NMtDS0=    0 NMtDT0=    0
 Petite list used in FoFCou.
 Initial guess orbital symmetries:
 Alpha Orbitals:
       Occupied  (B2) (A1) (A1) (A1) (B2) (A1) (B2) (A1) (B1) (A2)
                 (B2)
       Virtual   (A1) (B1) (A1) (B2) (A1) (B1) (A1) (B2) (A1) (B2)
                 (A2) (A1) (B1) (B2) (A1) (B1) (A2) (A1) (B2) (B2)
                 (A2) (A1) (B1) (B2) (A1) (B1) (B2) (B2) (A2) (A1)
                 (A1) (B1) (A1) (B2) (A2) (B1) (B2) (A1) (A1) (B1)
                 (A1) (B2) (A2) (B1) (B2) (A1) (A1) (B1) (A2) (A1)
                 (B2) (B2) (A2) (B2) (B1) (A1) (A2) (B1) (A1) (B2)
                 (A1) (A2) (B2) (B1) (A1) (A2) (B2) (A1) (B2) (B1)
                 (A2) (A1) (B2) (B1) (A1) (B2) (A1) (B2) (A1)
 Beta  Orbitals:
       Occupied  (B2) (A1) (A1) (A1) (B2) (A1) (B2) (A1) (B1) (A2)
       Virtual   (B2) (A1) (B1) (A1) (B2) (A1) (B1) (A1) (B2) (A1)
                 (B2) (A2) (A1) (B1) (B2) (A1) (B1) (A2) (A1) (B2)
                 (B2) (A2) (A1) (B1) (B2) (A1) (B1) (B2) (B2) (A2)
                 (A1) (A1) (B1) (A1) (B2) (A2) (B1) (B2) (A1) (A1)
                 (B1) (A1) (B2) (A2) (B1) (B2) (A1) (A1) (B1) (A2)
                 (A1) (B2) (B2) (A2) (B2) (B1) (A1) (A2) (B1) (A1)
                 (B2) (A1) (A2) (B2) (B1) (A1) (A2) (B2) (A1) (B2)
                 (B1) (A2) (A1) (B2) (B1) (A1) (B2) (A1) (B2) (A1)
 The electronic state of the initial guess is 2-B2.
 Initial guess <Sx>= 0.0000 <Sy>= 0.0000 <Sz>= 0.5000 <S**2>= 0.7500 S= 0.5000
 Keep R1 and R2 ints in memory in symmetry-blocked form, NReq=10567833.
 Requested convergence on RMS density matrix=1.00D-08 within  64 cycles.
 Requested convergence on MAX density matrix=1.00D-06.
 Requested convergence on             energy=1.00D-06.
 No special actions if energy rises.
 SCF Done:  E(UHF) =  -202.898140953     A.U. after   18 cycles
            NFock= 18  Conv=0.69D-08     -V/T= 2.0020
 <Sx>= 0.0000 <Sy>= 0.0000 <Sz>= 0.5000 <S**2>= 1.3425 S= 0.7620
 <L.S>= 0.000000000000E+00
 Annihilation of the first spin contaminant:
 S**2 before annihilation     1.3425,   after     0.8528
 QCSCF skips out because SCF is already converged.
 ExpMin= 1.72D-01 ExpMax= 1.53D+04 ExpMxC= 5.22D+02 IAcc=3 IRadAn=         5 AccDes= 0.00D+00
 HarFok:  IExCor=  205 AccDes= 0.00D+00 IRadAn=         5 IDoV=-2 UseB2=F ITyADJ=14
 ICtDFT= 12500011 ScaDFX=  1.000000  1.000000  1.000000  1.000000
 Range of M.O.s used for correlation:     4    90
 NBasis=    90 NAE=    11 NBE=    10 NFC=     3 NFV=     0
 NROrb=     87 NOA=     8 NOB=     7 NVA=    79 NVB=    80
 Semi-Direct transformation.
 ModeAB=           4 MOrb=             8 LenV=    1048178386
 LASXX=       620409 LTotXX=      620409 LenRXX=     1270421
 LTotAB=      650012 MaxLAS=     2342736 LenRXY=           0
 NonZer=     1890830 LenScr=     3543040 LnRSAI=     2342736
 LnScr1=     4214784 LExtra=           0 Total=     11370981
 MaxDsk=          -1 SrtSym=           T ITran=            4
 JobTyp=1 Pass  1:  I=   1 to   8.
 (rs|ai) integrals will be sorted in core.
 ModeAB=           4 MOrb=             7 LenV=    1048178386
 LASXX=       546268 LTotXX=      546268 LenRXX=     1017148
 LTotAB=      470880 MaxLAS=     2049894 LenRXY=           0
 NonZer=     1563416 LenScr=     3125248 LnRSAI=     2049894
 LnScr1=     3842560 LExtra=           0 Total=     10034850
 MaxDsk=          -1 SrtSym=           T ITran=            4
 JobTyp=2 Pass  1:  I=   1 to   7.
 (rs|ai) integrals will be sorted in core.
 Spin components of T(2) and E(2):
     alpha-alpha T2 =       0.2169351120D-01 E2=     -0.8188745873D-01
     alpha-beta  T2 =       0.1084399745D+00 E2=     -0.4043775201D+00
     beta-beta   T2 =       0.1990509197D-01 E2=     -0.6521398122D-01
 ANorm=    0.1072398516D+01
 E2 =    -0.5514789601D+00 EUMP2 =    -0.20344961991339D+03
 (S**2,0)=  0.13425D+01           (S**2,1)=  0.12444D+01
 E(PUHF)=      -0.20293973830D+03        E(PMP2)=      -0.20348809826D+03
 Keep R2 and R3 ints in memory in symmetry-blocked form, NReq=10528716.
 Iterations= 100 Convergence= 0.100D-06
 Iteration Nr.   1
 **********************
 DD1Dir will call FoFMem   1 times, MxPair=       162
 NAB=    56 NAA=    28 NBB=    21.
 E(PMP3)=      -0.20348480455D+03
 MP4(R+Q)=  0.16230957D-01
 E3=       -0.28720347D-02        EUMP3=      -0.20345249195D+03
 E4(DQ)=    0.15473246D-02        UMP4(DQ)=   -0.20345094462D+03
 E4(SDQ)=  -0.20419199D-01        UMP4(SDQ)=  -0.20347291115D+03
 DE(Corr)= -0.53783479     E(Corr)=     -203.43597574    
 NORM(A)=   0.10758424D+01
 Iteration Nr.   2
 **********************
 DD1Dir will call FoFMem   1 times, MxPair=       162
 NAB=    56 NAA=    28 NBB=    21.
 DE(Corr)= -0.56994988     E(CORR)=     -203.46809083     Delta=-3.21D-02
 NORM(A)=   0.10956536D+01
 Iteration Nr.   3
 **********************
 DD1Dir will call FoFMem   1 times, MxPair=       162
 NAB=    56 NAA=    28 NBB=    21.
 DE(Corr)= -0.57161302     E(CORR)=     -203.46975398     Delta=-1.66D-03
 NORM(A)=   0.11259811D+01
 Iteration Nr.   4
 **********************
 DD1Dir will call FoFMem   1 times, MxPair=       162
 NAB=    56 NAA=    28 NBB=    21.
 DE(Corr)= -0.58538557     E(CORR)=     -203.48352653     Delta=-1.38D-02
 NORM(A)=   0.11503835D+01
 Iteration Nr.   5
 **********************
 DD1Dir will call FoFMem   1 times, MxPair=       162
 NAB=    56 NAA=    28 NBB=    21.
 DE(Corr)= -0.59131517     E(CORR)=     -203.48945612     Delta=-5.93D-03
 NORM(A)=   0.11594555D+01
 Iteration Nr.   6
 **********************
 DD1Dir will call FoFMem   1 times, MxPair=       162
 NAB=    56 NAA=    28 NBB=    21.
 DE(Corr)= -0.59298664     E(CORR)=     -203.49112759     Delta=-1.67D-03
 NORM(A)=   0.11608888D+01
 Iteration Nr.   7
 **********************
 DD1Dir will call FoFMem   1 times, MxPair=       162
 NAB=    56 NAA=    28 NBB=    21.
 DE(Corr)= -0.59327062     E(CORR)=     -203.49141157     Delta=-2.84D-04
 NORM(A)=   0.11614521D+01
 Iteration Nr.   8
 **********************
 DD1Dir will call FoFMem   1 times, MxPair=       162
 NAB=    56 NAA=    28 NBB=    21.
 DE(Corr)= -0.59327694     E(CORR)=     -203.49141789     Delta=-6.32D-06
 NORM(A)=   0.11612927D+01
 Iteration Nr.   9
 **********************
 DD1Dir will call FoFMem   1 times, MxPair=       162
 NAB=    56 NAA=    28 NBB=    21.
 DE(Corr)= -0.59333212     E(CORR)=     -203.49147308     Delta=-5.52D-05
 NORM(A)=   0.11613690D+01
 Iteration Nr.  10
 **********************
 DD1Dir will call FoFMem   1 times, MxPair=       162
 NAB=    56 NAA=    28 NBB=    21.
 DE(Corr)= -0.59330035     E(CORR)=     -203.49144130     Delta= 3.18D-05
 NORM(A)=   0.11614096D+01
 Iteration Nr.  11
 **********************
 DD1Dir will call FoFMem   1 times, MxPair=       162
 NAB=    56 NAA=    28 NBB=    21.
 DE(Corr)= -0.59333519     E(CORR)=     -203.49147615     Delta=-3.48D-05
 NORM(A)=   0.11614989D+01
 Iteration Nr.  12
 **********************
 DD1Dir will call FoFMem   1 times, MxPair=       162
 NAB=    56 NAA=    28 NBB=    21.
 DE(Corr)= -0.59334441     E(CORR)=     -203.49148536     Delta=-9.21D-06
 NORM(A)=   0.11615708D+01
 Iteration Nr.  13
 **********************
 DD1Dir will call FoFMem   1 times, MxPair=       162
 NAB=    56 NAA=    28 NBB=    21.
 DE(Corr)= -0.59336204     E(CORR)=     -203.49150300     Delta=-1.76D-05
 NORM(A)=   0.11616254D+01
 Iteration Nr.  14
 **********************
 DD1Dir will call FoFMem   1 times, MxPair=       162
 NAB=    56 NAA=    28 NBB=    21.
 DE(Corr)= -0.59337264     E(CORR)=     -203.49151359     Delta=-1.06D-05
 NORM(A)=   0.11616630D+01
 Iteration Nr.  15
 **********************
 DD1Dir will call FoFMem   1 times, MxPair=       162
 NAB=    56 NAA=    28 NBB=    21.
 DE(Corr)= -0.59337785     E(CORR)=     -203.49151880     Delta=-5.21D-06
 NORM(A)=   0.11616729D+01
 Iteration Nr.  16
 **********************
 DD1Dir will call FoFMem   1 times, MxPair=       162
 NAB=    56 NAA=    28 NBB=    21.
 DE(Corr)= -0.59338164     E(CORR)=     -203.49152259     Delta=-3.79D-06
 NORM(A)=   0.11616797D+01
 Iteration Nr.  17
 **********************
 DD1Dir will call FoFMem   1 times, MxPair=       162
 NAB=    56 NAA=    28 NBB=    21.
 DE(Corr)= -0.59338152     E(CORR)=     -203.49152248     Delta= 1.17D-07
 NORM(A)=   0.11616793D+01
 Iteration Nr.  18
 **********************
 DD1Dir will call FoFMem   1 times, MxPair=       162
 NAB=    56 NAA=    28 NBB=    21.
 DE(Corr)= -0.59338200     E(CORR)=     -203.49152296     Delta=-4.79D-07
 NORM(A)=   0.11616796D+01
 Iteration Nr.  19
 **********************
 DD1Dir will call FoFMem   1 times, MxPair=       162
 NAB=    56 NAA=    28 NBB=    21.
 DE(Corr)= -0.59338185     E(CORR)=     -203.49152280     Delta= 1.56D-07
 NORM(A)=   0.11616797D+01
 Iteration Nr.  20
 **********************
 DD1Dir will call FoFMem   1 times, MxPair=       162
 NAB=    56 NAA=    28 NBB=    21.
 DE(Corr)= -0.59338187     E(CORR)=     -203.49152283     Delta=-2.81D-08
 NORM(A)=   0.11616802D+01
 Iteration Nr.  21
 **********************
 DD1Dir will call FoFMem   1 times, MxPair=       162
 NAB=    56 NAA=    28 NBB=    21.
 DE(Corr)= -0.59338201     E(CORR)=     -203.49152297     Delta=-1.39D-07
 NORM(A)=   0.11616807D+01
 Iteration Nr.  22
 **********************
 DD1Dir will call FoFMem   1 times, MxPair=       162
 NAB=    56 NAA=    28 NBB=    21.
 DE(Corr)= -0.59338202     E(CORR)=     -203.49152297     Delta=-2.48D-09
 NORM(A)=   0.11616809D+01
 Dominant configurations:
 ***********************
 Spin Case        I    J    A    B          Value
    AA            7        12            0.203454D+00
    AA            9        13            0.140329D+00
    BB            8        13           -0.211251D+00
   ABAB          10    8   12   11       0.105448D+00
 Largest amplitude= 2.11D-01
 Time for triples=       20.73 seconds.
 T4(CCSD)= -0.45741392D-01
 T5(CCSD)=  0.82436194D-02
 CCSD(T)= -0.20352902074D+03

 S**2, projected HF & approx projected MPn energies after annihilation of
 unwanted spin states (see manual for definitions):

 spins       (S**2,0) (S**2,1)    PUHF        PMP2        PMP3        PMP4
 annihilated
 s+1         0.68847  0.72337 -202.939738 -203.488098 -203.484804
 s+1,s+2     0.75086  0.74972 -202.934353 -203.483055 -203.480273
 s+1 to s+3  0.75000  0.75001 -202.934470 -203.483155 -203.480346
 s+1 to s+4  0.75000  0.75000 -202.934469 -203.483154 -203.480346
 s+1 to s+5  0.75000  0.75000 -202.934469
 s+1 to s+6  0.75000  0.75000 -202.934469

 Discarding MO integrals.

 **********************************************************************

            Population analysis using the SCF density.

 **********************************************************************

 Orbital symmetries:
 Alpha Orbitals:
       Occupied  (B2) (A1) (A1) (A1) (B2) (A1) (A1) (B2) (B1) (B2)
                 (A2)
       Virtual   (A1) (B1) (A1) (B2) (A1) (B1) (A1) (B2) (A1) (B2)
                 (A2) (A1) (B2) (B1) (A1) (B1) (A2) (B2) (A1) (B2)
                 (A2) (A1) (B2) (B1) (A1) (B1) (B2) (A2) (B2) (A1)
                 (A1) (B1) (A1) (B2) (A2) (B2) (B1) (A1) (B1) (A1)
                 (A1) (B2) (A2) (B1) (B2) (A1) (A1) (B1) (A2) (A1)
                 (B2) (B2) (A2) (B1) (A1) (B2) (A2) (B1) (A1) (B2)
                 (A1) (A2) (B2) (B1) (A1) (A2) (A1) (B2) (B2) (B1)
                 (A2) (A1) (B2) (B1) (A1) (B2) (A1) (B2) (A1)
 Beta  Orbitals:
       Occupied  (B2) (A1) (A1) (A1) (B2) (A1) (B1) (A1) (B2) (A2)
       Virtual   (B2) (B1) (A1) (A1) (B2) (A1) (A1) (B1) (B2) (A1)
                 (B2) (A2) (A1) (B1) (B2) (A1) (B1) (A2) (A1) (B2)
                 (B2) (A2) (A1) (B1) (B2) (A1) (B1) (B2) (A2) (B2)
                 (A1) (A1) (B1) (A1) (B2) (A2) (B1) (A1) (B1) (B2)
                 (A1) (A1) (B2) (A2) (B1) (B2) (A1) (A1) (B1) (A2)
                 (A1) (B2) (B2) (A2) (B2) (B1) (A1) (A2) (B1) (B2)
                 (A1) (A1) (A2) (B2) (B1) (A1) (A2) (A1) (B2) (B2)
                 (B1) (A2) (A1) (B2) (B1) (A1) (B2) (A1) (B2) (A1)
 The electronic state is 2-B2.
 Alpha  occ. eigenvalues --  -21.57430 -21.57423 -16.66294  -2.46261  -2.32593
 Alpha  occ. eigenvalues --   -1.68235  -1.56556  -1.55486  -1.51993  -1.45240
 Alpha  occ. eigenvalues --   -1.36540
 Alpha virt. eigenvalues --   -0.72092  -0.62916  -0.31102  -0.13800  -0.06372
 Alpha virt. eigenvalues --   -0.01815  -0.00879   0.00865   0.12442   0.16607
 Alpha virt. eigenvalues --    0.17991   0.19833   0.23104   0.24477   0.44347
 Alpha virt. eigenvalues --    0.45733   0.58367   0.84042   0.85964   0.88420
 Alpha virt. eigenvalues --    0.97069   1.01341   1.10334   1.10423   1.27656
 Alpha virt. eigenvalues --    1.53174   1.60737   1.77152   1.77652   1.79127
 Alpha virt. eigenvalues --    1.92932   2.47656   2.54351   2.82179   3.18974
 Alpha virt. eigenvalues --    3.21808   3.24381   3.28126   3.30103   3.38524
 Alpha virt. eigenvalues --    3.46221   3.54036   3.57195   3.78881   3.85230
 Alpha virt. eigenvalues --    3.89683   4.00555   4.08111   4.14338   4.19788
 Alpha virt. eigenvalues --    4.25955   4.68315   4.68921   4.70897   4.71486
 Alpha virt. eigenvalues --    4.72151   5.00187   5.09049   5.12723   5.13405
 Alpha virt. eigenvalues --    5.51584   5.80455   5.82085   5.86198   5.86270
 Alpha virt. eigenvalues --    5.94963   6.07730   6.08941   6.18546   6.20710
 Alpha virt. eigenvalues --    6.52170   6.52224   6.60568   6.64308   6.86900
 Alpha virt. eigenvalues --    7.12123   7.44053  11.51696  13.09880
  Beta  occ. eigenvalues --  -21.52996 -21.52992 -16.70782  -2.41866  -2.19215
  Beta  occ. eigenvalues --   -1.67047  -1.52421  -1.51460  -1.50502  -1.24874
  Beta virt. eigenvalues --   -0.67691  -0.67679  -0.64330  -0.27030  -0.12212
  Beta virt. eigenvalues --   -0.06950  -0.04524  -0.03371   0.00793   0.15509
  Beta virt. eigenvalues --    0.17862   0.19936   0.24827   0.25422   0.29601
  Beta virt. eigenvalues --    0.43066   0.43136   0.57870   0.88466   0.89777
  Beta virt. eigenvalues --    0.91157   1.03939   1.04131   1.14728   1.16435
  Beta virt. eigenvalues --    1.30737   1.54125   1.63204   1.77546   1.78680
  Beta virt. eigenvalues --    1.80034   1.95371   2.43581   2.47599   2.81162
  Beta virt. eigenvalues --    3.20414   3.25602   3.25707   3.27914   3.32045
  Beta virt. eigenvalues --    3.39909   3.51475   3.54802   3.57229   3.75673
  Beta virt. eigenvalues --    3.87309   3.88457   3.96262   4.03095   4.12820
  Beta virt. eigenvalues --    4.19875   4.25001   4.72983   4.74831   4.75571
  Beta virt. eigenvalues --    4.76793   4.77397   5.02413   5.13015   5.16837
  Beta virt. eigenvalues --    5.16964   5.55981   5.89818   5.92064   5.95480
  Beta virt. eigenvalues --    5.96051   5.98266   6.09192   6.13776   6.23784
  Beta virt. eigenvalues --    6.24057   6.53526   6.58408   6.62762   6.64489
  Beta virt. eigenvalues --    6.88453   7.14078   7.47079  11.54596  13.10143
          Condensed to atoms (all electrons):
               1          2          3
     1  N    5.227773   0.413441   0.413441
     2  O    0.413441   7.087554  -0.028323
     3  O    0.413441  -0.028323   7.087554
          Atomic-Atomic Spin Densities.
               1          2          3
     1  N   -1.070553   0.013362   0.013362
     2  O    0.013362   1.014653  -0.006101
     3  O    0.013362  -0.006101   1.014653
 Mulliken charges and spin densities:
               1          2
     1  N    0.945345  -1.043828
     2  O    0.527328   1.021914
     3  O    0.527328   1.021914
 Sum of Mulliken charges =   2.00000   1.00000
 Mulliken charges and spin densities with hydrogens summed into heavy atoms:
               1          2
     1  N    0.945345  -1.043828
     2  O    0.527328   1.021914
     3  O    0.527328   1.021914
 Electronic spatial extent (au):  <R**2>=             93.1176
 Charge=              2.0000 electrons
 Dipole moment (field-independent basis, Debye):
    X=              0.0000    Y=              0.0000    Z=              0.8896  Tot=              0.8896
 Quadrupole moment (field-independent basis, Debye-Ang):
   XX=            -11.6630   YY=             -4.4735   ZZ=             -9.7570
   XY=              0.0000   XZ=              0.0000   YZ=              0.0000
 Traceless Quadrupole moment (field-independent basis, Debye-Ang):
   XX=             -3.0318   YY=              4.1577   ZZ=             -1.1258
   XY=              0.0000   XZ=              0.0000   YZ=              0.0000
 Octapole moment (field-independent basis, Debye-Ang**2):
  XXX=              0.0000  YYY=              0.0000  ZZZ=              0.0066  XYY=              0.0000
  XXY=              0.0000  XXZ=              0.1225  XZZ=              0.0000  YZZ=              0.0000
  YYZ=             -0.9558  XYZ=              0.0000
 Hexadecapole moment (field-independent basis, Debye-Ang**3):
 XXXX=             -6.9648 YYYY=            -52.8432 ZZZZ=             -8.5610 XXXY=              0.0000
 XXXZ=              0.0000 YYYX=              0.0000 YYYZ=              0.0000 ZZZX=              0.0000
 ZZZY=              0.0000 XXYY=            -12.3204 XXZZ=             -2.5918 YYZZ=            -11.1046
 XXYZ=              0.0000 YYXZ=              0.0000 ZZXY=              0.0000
 N-N= 6.456023651581D+01 E-N=-5.918379200089D+02  KE= 2.025032380273D+02
 Symmetry A1   KE= 1.195043040507D+02
 Symmetry A2   KE= 5.422280446252D+00
 Symmetry B1   KE= 4.353190126716D+00
 Symmetry B2   KE= 7.322346340367D+01
 1\1\GINC-GAMBA\SP\UCCSD(T)-FC\Gen\N1O2(2+,2)\IRIKURA\17-May-2017\0\\# 
 CCSD(T,maxcyc=100)/GEN gfinput geom=check scf=xqc\\BEB step 10: low-sp
 in CCSD(T) for dication of no2\\2,2\N,0,0.,0.,-0.3309564098\O,0,0.,-1.
 1068398818,0.1406818249\O,0,0.,1.1068398818,0.1406818249\\Version=ES64
 L-G09RevD.01\State=2-B2\HF=-202.898141\MP2=-203.4496199\MP3=-203.45249
 19\MP4D=-203.4671756\MP4DQ=-203.4509446\PUHF=-202.9397383\PMP2-0=-203.
 4880983\PMP3-0=-203.4848046\MP4SDQ=-203.4729111\CCSD=-203.491523\CCSD(
 T)=-203.5290207\S2=1.342524\S2-1=1.244441\S2A=0.852764\RMSD=6.873e-09\
 PG=C02V [C2(N1),SGV(O2)]\\@


 HE THAT WALD REACHE THE SWEITE ROSE
 SULD NOW AND THEN BE SCRATCHED WT THE SCHARPE BREERES.
 -- PROVERBS AND REASONS OF THE YEAR 1585
           AS REPRINTED IN PAISLEY MAGAZINE 1828.
 Job cpu time:       0 days  0 hours  2 minutes 23.0 seconds.
 File lengths (MBytes):  RWF=     98 Int=      0 D2E=      0 Chk=      2 Scr=      1
 Normal termination of Gaussian 09 at Wed May 17 13:48:15 2017.
