 Entering Gaussian System, Link 0=g09
 Initial command:
 /usr/local/apps/g09/l1.exe "/wrk/irikura/Gau-31929.inp" -scrdir="/wrk/irikura/"
 Entering Link 1 = /usr/local/apps/g09/l1.exe PID=     31931.
  
 Copyright (c) 1988,1990,1992,1993,1995,1998,2003,2009,2013,
            Gaussian, Inc.  All Rights Reserved.
  
 This is part of the Gaussian(R) 09 program.  It is based on
 the Gaussian(R) 03 system (copyright 2003, Gaussian, Inc.),
 the Gaussian(R) 98 system (copyright 1998, Gaussian, Inc.),
 the Gaussian(R) 94 system (copyright 1995, Gaussian, Inc.),
 the Gaussian 92(TM) system (copyright 1992, Gaussian, Inc.),
 the Gaussian 90(TM) system (copyright 1990, Gaussian, Inc.),
 the Gaussian 88(TM) system (copyright 1988, Gaussian, Inc.),
 the Gaussian 86(TM) system (copyright 1986, Carnegie Mellon
 University), and the Gaussian 82(TM) system (copyright 1983,
 Carnegie Mellon University). Gaussian is a federally registered
 trademark of Gaussian, Inc.
  
 This software contains proprietary and confidential information,
 including trade secrets, belonging to Gaussian, Inc.
  
 This software is provided under written license and may be
 used, copied, transmitted, or stored only in accord with that
 written license.
  
 The following legend is applicable only to US Government
 contracts under FAR:
  
                    RESTRICTED RIGHTS LEGEND
  
 Use, reproduction and disclosure by the US Government is
 subject to restrictions as set forth in subparagraphs (a)
 and (c) of the Commercial Computer Software - Restricted
 Rights clause in FAR 52.227-19.
  
 Gaussian, Inc.
 340 Quinnipiac St., Bldg. 40, Wallingford CT 06492
  
  
 ---------------------------------------------------------------
 Warning -- This program may not be used in any manner that
 competes with the business of Gaussian, Inc. or will provide
 assistance to any competitor of Gaussian, Inc.  The licensee
 of this program is prohibited from giving any competitor of
 Gaussian, Inc. access to this program.  By using this program,
 the user acknowledges that Gaussian, Inc. is engaged in the
 business of creating and licensing software in the field of
 computational chemistry and represents and warrants to the
 licensee that it is not a competitor of Gaussian, Inc. and that
 it will not use this program in any manner prohibited above.
 ---------------------------------------------------------------
  

 Cite this work as:
 Gaussian 09, Revision D.01,
 M. J. Frisch, G. W. Trucks, H. B. Schlegel, G. E. Scuseria, 
 M. A. Robb, J. R. Cheeseman, G. Scalmani, V. Barone, B. Mennucci, 
 G. A. Petersson, H. Nakatsuji, M. Caricato, X. Li, H. P. Hratchian, 
 A. F. Izmaylov, J. Bloino, G. Zheng, J. L. Sonnenberg, M. Hada, 
 M. Ehara, K. Toyota, R. Fukuda, J. Hasegawa, M. Ishida, T. Nakajima, 
 Y. Honda, O. Kitao, H. Nakai, T. Vreven, J. A. Montgomery, Jr., 
 J. E. Peralta, F. Ogliaro, M. Bearpark, J. J. Heyd, E. Brothers, 
 K. N. Kudin, V. N. Staroverov, T. Keith, R. Kobayashi, J. Normand, 
 K. Raghavachari, A. Rendell, J. C. Burant, S. S. Iyengar, J. Tomasi, 
 M. Cossi, N. Rega, J. M. Millam, M. Klene, J. E. Knox, J. B. Cross, 
 V. Bakken, C. Adamo, J. Jaramillo, R. Gomperts, R. E. Stratmann, 
 O. Yazyev, A. J. Austin, R. Cammi, C. Pomelli, J. W. Ochterski, 
 R. L. Martin, K. Morokuma, V. G. Zakrzewski, G. A. Voth, 
 P. Salvador, J. J. Dannenberg, S. Dapprich, A. D. Daniels, 
 O. Farkas, J. B. Foresman, J. V. Ortiz, J. Cioslowski, 
 and D. J. Fox, Gaussian, Inc., Wallingford CT, 2013.
 
 ******************************************
 Gaussian 09:  ES64L-G09RevD.01 24-Apr-2013
                17-May-2017 
 ******************************************
 %chk=no2.chk
 %nprocs=6
 Will use up to    6 processors via shared memory.
 %mem=1000mw
 ----------------------------------------------------------------------
 # EPT(OVGF+P3,ReadOrbitals)/GEN gfinput geom=check guess=check scf=xqc
  pop(all,thresh=1)
 ----------------------------------------------------------------------
 1/29=2,38=1/1;
 2/12=2,40=1/2;
 3/5=7,11=9,14=-4,16=1,24=10,25=1,30=1,116=-2/1,2,3;
 4/5=1/1;
 5/5=2,8=3,13=1,38=6/2,8;
 8/6=4,9=120000,10=1/1,4;
 9/11=30100/8;
 6/7=2,8=2,9=2,10=2,87=-1,88=1/1;
 99/5=1,9=1/99;
 ---------------------------------------
 BEB step 5: cation EPT for VIE2 for no2
 ---------------------------------------
 Structure from the checkpoint file:  "no2.chk"
 Charge =  1 Multiplicity = 3
 Redundant internal coordinates found in file.
 N,0,0.,0.,-0.3309564098
 O,0,0.,-1.1068398818,0.1406818249
 O,0,0.,1.1068398818,0.1406818249
 Recover connectivity data from disk.
                          Input orientation:                          
 ---------------------------------------------------------------------
 Center     Atomic      Atomic             Coordinates (Angstroms)
 Number     Number       Type             X           Y           Z
 ---------------------------------------------------------------------
      1          7           0        0.000000    0.000000   -0.330956
      2          8           0        0.000000   -1.106840    0.140682
      3          8           0        0.000000    1.106840    0.140682
 ---------------------------------------------------------------------
                    Distance matrix (angstroms):
                    1          2          3
     1  N    0.000000
     2  O    1.203136   0.000000
     3  O    1.203136   2.213680   0.000000
 Stoichiometry    NO2(1+,3)
 Framework group  C2V[C2(N),SGV(O2)]
 Deg. of freedom     2
 Full point group                 C2V     NOp   4
 Largest Abelian subgroup         C2V     NOp   4
 Largest concise Abelian subgroup C2      NOp   2
                         Standard orientation:                         
 ---------------------------------------------------------------------
 Center     Atomic      Atomic             Coordinates (Angstroms)
 Number     Number       Type             X           Y           Z
 ---------------------------------------------------------------------
      1          7           0        0.000000    0.000000    0.328096
      2          8           0        0.000000    1.106840   -0.143542
      3          8           0        0.000000   -1.106840   -0.143542
 ---------------------------------------------------------------------
 Rotational constants (GHZ):    233.2677521     12.8954254     12.2198898
 General basis read from cards:  (5D, 7F)
 AO basis set in the form of general basis input (Overlap normalization):
      1 0
 S   6 1.00       0.000000000000
      0.6293480000D+04  0.1969788147D-02
      0.9490440000D+03  0.1496128592D-01
      0.2187760000D+03  0.7350053084D-01
      0.6369160000D+02  0.2489367658D+00
      0.1882820000D+02  0.6024594331D+00
      0.2720230000D+01  0.2562017589D+00
 SP   3 1.00       0.000000000000
      0.3063310000D+02  0.1119060795D+00  0.3831191864D-01
      0.7026140000D+01  0.9216666549D+00  0.2374031155D+00
      0.2112050000D+01 -0.2569191826D-02  0.8175923978D+00
 SP   1 1.00       0.000000000000
      0.6840090000D+00  0.1000000000D+01  0.1000000000D+01
 SP   1 1.00       0.000000000000
      0.2008780000D+00  0.1000000000D+01  0.1000000000D+01
 SP   1 1.00       0.000000000000
      0.6390000000D-01  0.1000000000D+01  0.1000000000D+01
 D   1 1.00       0.000000000000
      0.9130000000D+00  0.1000000000D+01
 ****
      2 0
 S   6 1.00       0.000000000000
      0.8588500000D+04  0.1895150083D-02
      0.1297230000D+04  0.1438590063D-01
      0.2992960000D+03  0.7073200310D-01
      0.8737710000D+02  0.2400010105D+00
      0.2567890000D+02  0.5947970261D+00
      0.3740040000D+01  0.2808020123D+00
 SP   3 1.00       0.000000000000
      0.4211750000D+02  0.1138890124D+00  0.3651139738D-01
      0.9628370000D+01  0.9208111006D+00  0.2371529830D+00
      0.2853320000D+01 -0.3274470358D-02  0.8197019412D+00
 SP   1 1.00       0.000000000000
      0.9056610000D+00  0.1000000000D+01  0.1000000000D+01
 SP   1 1.00       0.000000000000
      0.2556110000D+00  0.1000000000D+01  0.1000000000D+01
 SP   1 1.00       0.000000000000
      0.8450000000D-01  0.1000000000D+01  0.1000000000D+01
 D   1 1.00       0.000000000000
      0.1292000000D+01  0.1000000000D+01
 ****
      3 0
 S   6 1.00       0.000000000000
      0.8588500000D+04  0.1895150083D-02
      0.1297230000D+04  0.1438590063D-01
      0.2992960000D+03  0.7073200310D-01
      0.8737710000D+02  0.2400010105D+00
      0.2567890000D+02  0.5947970261D+00
      0.3740040000D+01  0.2808020123D+00
 SP   3 1.00       0.000000000000
      0.4211750000D+02  0.1138890124D+00  0.3651139738D-01
      0.9628370000D+01  0.9208111006D+00  0.2371529830D+00
      0.2853320000D+01 -0.3274470358D-02  0.8197019412D+00
 SP   1 1.00       0.000000000000
      0.9056610000D+00  0.1000000000D+01  0.1000000000D+01
 SP   1 1.00       0.000000000000
      0.2556110000D+00  0.1000000000D+01  0.1000000000D+01
 SP   1 1.00       0.000000000000
      0.8450000000D-01  0.1000000000D+01  0.1000000000D+01
 D   1 1.00       0.000000000000
      0.1292000000D+01  0.1000000000D+01
 ****

 There are    29 symmetry adapted cartesian basis functions of A1  symmetry.
 There are     7 symmetry adapted cartesian basis functions of A2  symmetry.
 There are    11 symmetry adapted cartesian basis functions of B1  symmetry.
 There are    22 symmetry adapted cartesian basis functions of B2  symmetry.
 There are    27 symmetry adapted basis functions of A1  symmetry.
 There are     7 symmetry adapted basis functions of A2  symmetry.
 There are    11 symmetry adapted basis functions of B1  symmetry.
 There are    21 symmetry adapted basis functions of B2  symmetry.
    66 basis functions,   108 primitive gaussians,    69 cartesian basis functions
    12 alpha electrons       10 beta electrons
       nuclear repulsion energy        64.5602365158 Hartrees.
 NAtoms=    3 NActive=    3 NUniq=    2 SFac= 2.25D+00 NAtFMM=   60 NAOKFM=F Big=F
 Integral buffers will be    131072 words long.
 Raffenetti 2 integral format.
 Two-electron integral symmetry is turned on.
 One-electron integrals computed using PRISM.
 NBasis=    66 RedAO= T EigKep=  2.20D-03  NBF=    27     7    11    21
 NBsUse=    66 1.00D-06 EigRej= -1.00D+00 NBFU=    27     7    11    21
 Initial guess from the checkpoint file:  "no2.chk"
 B after Tr=     0.000000    0.000000    0.000000
         Rot=    1.000000    0.000000    0.000000    0.000000 Ang=   0.00 deg.
 Initial guess orbital symmetries:
 Alpha Orbitals:
       Occupied  (B2) (A1) (A1) (A1) (B2) (A1) (A1) (B2) (B1) (B2)
                 (A2) (A1)
       Virtual   (B1) (A1) (B2) (A1) (B1) (A1) (B2) (A2) (A1) (B1)
                 (B2) (A1) (B2) (A1) (B2) (A1) (B1) (B2) (A1) (A1)
                 (A2) (A1) (B2) (B1) (B2) (A1) (B2) (A2) (B1) (A1)
                 (B2) (A1) (A2) (B2) (B1) (A1) (B1) (B2) (A1) (A2)
                 (B2) (A1) (B1) (A1) (B2) (B2) (A2) (B1) (A1) (A1)
                 (B2) (A1) (A1) (B2)
 Beta  Orbitals:
       Occupied  (B2) (A1) (A1) (A1) (B2) (A1) (B2) (B1) (A1) (A2)
       Virtual   (B2) (A1) (B1) (A1) (B2) (A1) (B1) (A1) (B2) (A2)
                 (A1) (B1) (B2) (A1) (B2) (A1) (B2) (B1) (A1) (B2)
                 (A1) (A2) (A1) (A1) (B1) (B2) (B2) (A1) (B2) (A2)
                 (B1) (A1) (B2) (A1) (A2) (B2) (B1) (A1) (B1) (B2)
                 (A1) (A2) (B2) (A1) (B1) (A1) (B2) (A2) (B1) (B2)
                 (A1) (A1) (B2) (A1) (A1) (B2)
 Initial guess <Sx>= 0.0000 <Sy>= 0.0000 <Sz>= 1.0000 <S**2>= 2.0098 S= 1.0033
 Keep R1 and R2 ints in memory in symmetry-blocked form, NReq=3308273.
 Requested convergence on RMS density matrix=1.00D-08 within  64 cycles.
 Requested convergence on MAX density matrix=1.00D-06.
 Requested convergence on             energy=1.00D-06.
 No special actions if energy rises.
 SCF Done:  E(UHF) =  -203.673606552     A.U. after   16 cycles
            NFock= 16  Conv=0.90D-08     -V/T= 2.0008
 <Sx>= 0.0000 <Sy>= 0.0000 <Sz>= 1.0000 <S**2>= 2.0310 S= 1.0103
 <L.S>= 0.000000000000E+00
 Annihilation of the first spin contaminant:
 S**2 before annihilation     2.0310,   after     2.0005
 QCSCF skips out because SCF is already converged.
 ExpMin= 6.39D-02 ExpMax= 8.59D+03 ExpMxC= 1.30D+03 IAcc=3 IRadAn=         5 AccDes= 0.00D+00
 HarFok:  IExCor=  205 AccDes= 0.00D+00 IRadAn=         5 IDoV=-2 UseB2=F ITyADJ=14
 ICtDFT= 12500011 ScaDFX=  1.000000  1.000000  1.000000  1.000000
 Range of M.O.s used for correlation:     4    66
 NBasis=    66 NAE=    12 NBE=    10 NFC=     3 NFV=     0
 NROrb=     63 NOA=     9 NOB=     7 NVA=    54 NVB=    56

 **** Warning!!: The largest alpha MO coefficient is  0.10960583D+02


 **** Warning!!: The largest beta MO coefficient is  0.10510002D+02

 Semi-Direct transformation.
 ModeAB=           4 MOrb=             9 LenV=    1048340898
 LASXX=       259988 LTotXX=      259988 LenRXX=      540459
 LTotAB=      280471 MaxLAS=      835191 LenRXY=           0
 NonZer=      800447 LenScr=     1800192 LnRSAI=      835191
 LnScr1=     1878528 LExtra=           0 Total=      5054370
 MaxDsk=          -1 SrtSym=           T ITran=            4
 JobTyp=1 Pass  1:  I=   1 to   9.
 (rs|ai) integrals will be sorted in core.
 ModeAB=           4 MOrb=             7 LenV=    1048340898
 LASXX=       205642 LTotXX=      205642 LenRXX=      367151
 LTotAB=      161509 MaxLAS=      649593 LenRXY=           0
 NonZer=      572793 LenScr=     1571840 LnRSAI=      649593
 LnScr1=     1571840 LExtra=           0 Total=      4160424
 MaxDsk=          -1 SrtSym=           T ITran=            4
 JobTyp=2 Pass  1:  I=   1 to   7.
 (rs|ai) integrals will be sorted in core.
 Spin components of T(2) and E(2):
     alpha-alpha T2 =       0.1810276384D-01 E2=     -0.7406567401D-01
     alpha-beta  T2 =       0.9739953349D-01 E2=     -0.3545493548D+00
     beta-beta   T2 =       0.2073343822D-01 E2=     -0.6166426115D-01
 ANorm=    0.1065943589D+01
 E2 =    -0.4902792900D+00 EUMP2 =    -0.20416388584215D+03
 (S**2,0)=  0.20310D+01           (S**2,1)=  0.20106D+01
 E(PUHF)=      -0.20368119212D+03        E(PMP2)=      -0.20416900360D+03
 GREENY: Electron Propagator Program
 FoFJK:  IHMeth= 0 ICntrl=     200 DoSepK=F KAlg= 0 I1Cent=   0 FoldK=F
 IRaf= 990000000 NMat=   1 IRICut=       1 DoRegI=T DoRafI=F ISym2E=-1.
 FoFCou: FMM=F IPFlag=           0 FMFlag=           0 FMFlg1=           0
         NFxFlg=           0 DoJE=F BraDBF=F KetDBF=F FulRan=T
         wScrn=  0.000000 ICntrl=     200 IOpCl=  1 I1Cent=           0 NGrid=           0
         NMat0=    1 NMatS0=      1 NMatT0=    0 NMatD0=    1 NMtDS0=    0 NMtDT0=    0
 Petite list used in FoFCou.

 Summary of results for alpha spin-orbital   9  OVGF: 
 Koopmans theorem:            -0.88317D+00 au  -24.032 eV
 Converged second order pole: -0.77688D+00 au  -21.140 eV  0.888 (PS)
 Converged third  order pole: -0.81077D+00 au  -22.062 eV  0.922 (PS)
 Outer Valence Approximation: -0.79737D+00 au  -21.697 eV  0.911 (PS)

 Summary of results for alpha spin-orbital   9    P3: 
 Koopmans theorem:            -0.88317D+00 au  -24.032 eV
 Converged second order pole: -0.77688D+00 au  -21.140 eV  0.888 (PS)
 Converged 3rd order P3 pole: -0.80553D+00 au  -21.920 eV  0.903 (PS)

 Summary of results for beta  spin-orbital   7  OVGF: 
 Koopmans theorem:            -0.89864D+00 au  -24.453 eV
 Converged second order pole: -0.84632D+00 au  -23.029 eV  0.891 (PS)
 Converged third  order pole: -0.86382D+00 au  -23.506 eV  0.913 (PS)
 Outer Valence Approximation: -0.85646D+00 au  -23.305 eV  0.908 (PS)

 Summary of results for beta  spin-orbital   7    P3: 
 Koopmans theorem:            -0.89864D+00 au  -24.453 eV
 Converged second order pole: -0.84632D+00 au  -23.029 eV  0.891 (PS)
 Converged 3rd order P3 pole: -0.86329D+00 au  -23.491 eV  0.900 (PS)

 **********************************************************************

            Population analysis using the SCF density.

 **********************************************************************

 Orbital symmetries:
 Alpha Orbitals:
       Occupied  (B2) (A1) (A1) (A1) (B2) (A1) (A1) (B2) (B1) (B2)
                 (A2) (A1)
       Virtual   (B1) (A1) (B2) (A1) (B1) (A1) (B2) (A2) (A1) (B1)
                 (A1) (B2) (A1) (B2) (B2) (A1) (B1) (B2) (A1) (A1)
                 (A2) (B2) (A1) (B1) (B2) (A1) (B2) (A2) (B1) (A1)
                 (B2) (A1) (A2) (B2) (B1) (A1) (B1) (B2) (A1) (A2)
                 (B2) (A1) (B1) (A1) (B2) (B2) (A1) (A2) (B1) (A1)
                 (B2) (A1) (A1) (B2)
 Beta  Orbitals:
       Occupied  (B2) (A1) (A1) (A1) (B2) (A1) (B2) (B1) (A1) (A2)
       Virtual   (B2) (B1) (A1) (A1) (B1) (B2) (A1) (A1) (B2) (A2)
                 (A1) (B1) (B2) (A1) (A1) (B2) (B2) (B1) (A1) (B2)
                 (A1) (A2) (A1) (B2) (B1) (A1) (B2) (A1) (B2) (A2)
                 (B1) (A1) (B2) (A1) (A2) (B2) (B1) (A1) (B1) (B2)
                 (A1) (A2) (B2) (A1) (B1) (A1) (B2) (A2) (B1) (B2)
                 (A1) (A1) (B2) (A1) (A1) (B2)
 The electronic state is 3-B2.
 Alpha  occ. eigenvalues --  -21.14432 -21.14427 -16.19877  -2.08211  -1.93299
 Alpha  occ. eigenvalues --   -1.34751  -1.24038  -1.20613  -1.13394  -1.07955
 Alpha  occ. eigenvalues --   -0.97272  -0.88317
 Alpha virt. eigenvalues --   -0.26623  -0.10658  -0.04735  -0.04364  -0.04119
 Alpha virt. eigenvalues --    0.02883   0.05041   0.06500   0.07583   0.10141
 Alpha virt. eigenvalues --    0.10387   0.13012   0.17951   0.23296   0.31001
 Alpha virt. eigenvalues --    0.59840   0.61879   0.67329   0.84129   0.90588
 Alpha virt. eigenvalues --    0.90704   0.92176   0.93111   0.97308   0.99097
 Alpha virt. eigenvalues --    1.41928   1.45354   1.62109   1.69327   1.69581
 Alpha virt. eigenvalues --    2.08613   2.30139   2.63985   2.64302   2.67322
 Alpha virt. eigenvalues --    2.72854   2.98727   3.16661   3.26161   3.43514
 Alpha virt. eigenvalues --    3.53699   3.76448   3.85568   4.01239   4.57287
 Alpha virt. eigenvalues --    5.02080   5.04717   5.06549   5.07556   5.62718
 Alpha virt. eigenvalues --    6.28048  36.39562  51.04519  51.10008
  Beta  occ. eigenvalues --  -21.09730 -21.09727 -16.19453  -1.99296  -1.78545
  Beta  occ. eigenvalues --   -1.23940  -1.11493  -1.10433  -0.99992  -0.89864
  Beta virt. eigenvalues --   -0.33733  -0.25082  -0.24920  -0.08680  -0.04098
  Beta virt. eigenvalues --   -0.03841  -0.03292   0.04070   0.06394   0.06821
  Beta virt. eigenvalues --    0.08722   0.10539   0.13692   0.16844   0.19180
  Beta virt. eigenvalues --    0.24914   0.38006   0.61324   0.62075   0.68376
  Beta virt. eigenvalues --    0.86910   0.92859   0.93744   0.99174   0.99282
  Beta virt. eigenvalues --    1.01255   1.05351   1.45321   1.49414   1.62081
  Beta virt. eigenvalues --    1.71021   1.74248   2.14496   2.33925   2.75938
  Beta virt. eigenvalues --    2.76564   2.78387   2.85650   3.01849   3.25445
  Beta virt. eigenvalues --    3.32798   3.46016   3.57784   3.82243   3.85453
  Beta virt. eigenvalues --    4.04468   4.59108   5.09622   5.10548   5.15665
  Beta virt. eigenvalues --    5.17474   5.66501   6.30597  36.39999  51.07237
  Beta virt. eigenvalues --   51.12714
          Condensed to atoms (all electrons):
               1          2          3
     1  N    6.391488   0.245200   0.245200
     2  O    0.245200   7.339880  -0.026024
     3  O    0.245200  -0.026024   7.339880
          Atomic-Atomic Spin Densities.
               1          2          3
     1  N    0.225468  -0.126302  -0.126302
     2  O   -0.126302   1.142922  -0.003052
     3  O   -0.126302  -0.003052   1.142922
 Mulliken charges and spin densities:
               1          2
     1  N    0.118111  -0.027135
     2  O    0.440944   1.013568
     3  O    0.440944   1.013568
 Sum of Mulliken charges =   1.00000   2.00000
 Mulliken charges and spin densities with hydrogens summed into heavy atoms:
               1          2
     1  N    0.118111  -0.027135
     2  O    0.440944   1.013568
     3  O    0.440944   1.013568
 Electronic spatial extent (au):  <R**2>=            101.1811
 Charge=              1.0000 electrons
 Dipole moment (field-independent basis, Debye):
    X=              0.0000    Y=              0.0000    Z=             -0.0512  Tot=              0.0512
 Quadrupole moment (field-independent basis, Debye-Ang):
   XX=            -13.1522   YY=            -10.5398   ZZ=            -13.0471
   XY=              0.0000   XZ=              0.0000   YZ=              0.0000
 Traceless Quadrupole moment (field-independent basis, Debye-Ang):
   XX=             -0.9058   YY=              1.7066   ZZ=             -0.8008
   XY=              0.0000   XZ=              0.0000   YZ=              0.0000
 Octapole moment (field-independent basis, Debye-Ang**2):
  XXX=              0.0000  YYY=              0.0000  ZZZ=             -1.6043  XYY=              0.0000
  XXY=              0.0000  XXZ=             -0.0423  XZZ=              0.0000  YZZ=              0.0000
  YYZ=              0.1445  XYZ=              0.0000
 Hexadecapole moment (field-independent basis, Debye-Ang**3):
 XXXX=             -8.6123 YYYY=            -69.1070 ZZZZ=            -13.2995 XXXY=              0.0000
 XXXZ=              0.0000 YYYX=              0.0000 YYYZ=              0.0000 ZZZX=              0.0000
 ZZZY=              0.0000 XXYY=            -14.4123 XXZZ=             -3.5478 YYZZ=            -13.6934
 XXYZ=              0.0000 YYXZ=              0.0000 ZZXY=              0.0000
 N-N= 6.456023651581D+01 E-N=-6.020847979101D+02  KE= 2.035076985958D+02
 Symmetry A1   KE= 1.213765679481D+02
 Symmetry A2   KE= 5.179261059991D+00
 Symmetry B1   KE= 4.145298776720D+00
 Symmetry B2   KE= 7.280657081101D+01

 Atomic contributions to Alpha molecular orbitals:
 Alpha occ 1 OE=-21.144 is O2-s=0.50 O3-s=0.50
 Alpha occ 2 OE=-21.144 is O3-s=0.50 O2-s=0.50
 Alpha occ 3 OE=-16.199 is N1-s=1.00
 Alpha occ 4 OE=-2.082 is N1-s=0.41 O2-s=0.24 O3-s=0.24 O2-p=0.03 O3-p=0.03 N1-p=0.03
 Alpha occ 5 OE=-1.933 is O2-s=0.37 O3-s=0.37 N1-p=0.20 O2-p=0.03 O3-p=0.03
 Alpha occ 6 OE=-1.348 is N1-s=0.32 O2-s=0.19 O3-s=0.19 O2-p=0.14 O3-p=0.14 N1-p=0.01
 Alpha occ 7 OE=-1.240 is O3-p=0.33 O2-p=0.33 N1-p=0.29 O2-s=0.02 O3-s=0.02
 Alpha occ 8 OE=-1.206 is O3-p=0.31 O2-p=0.31 N1-p=0.18 O3-s=0.10 O2-s=0.10
 Alpha occ 9 OE=-1.134 is O2-p=0.34 O3-p=0.34 N1-p=0.31
 Alpha occ 10 OE=-1.080 is O3-p=0.47 O2-p=0.47 N1-p=0.04 N1-d=0.01
 Alpha occ 11 OE=-0.973 is O2-p=0.49 O3-p=0.49 N1-d=0.02
 Alpha occ 12 OE=-0.883 is N1-p=0.41 O3-p=0.21 O2-p=0.21 N1-s=0.15 N1-d=0.01
 Alpha vir 13 OE=-0.266 is N1-p=0.72 O2-p=0.14 O3-p=0.14
 Alpha vir 14 OE=-0.107 is N1-s=3.36 O3-s=-1.21 O2-s=-1.21 N1-p=0.20 O3-p=-0.07 O2-p=-0.07
 Alpha vir 15 OE=-0.047 is N1-p=2.68 O3-s=-1.14 O2-s=-1.14 O2-p=0.30 O3-p=0.30
 Alpha vir 16 OE=-0.044 is N1-p=1.27 N1-s=-0.17 O3-p=-0.05 O2-p=-0.05
 Alpha vir 17 OE=-0.041 is N1-p=1.16 O2-p=-0.08 O3-p=-0.08
 Alpha vir 18 OE=0.029 is O2-p=0.41 O3-p=0.41 N1-s=0.09 N1-p=0.05 O3-s=0.02 O2-s=0.02
 Alpha vir 19 OE=0.050 is O2-p=0.46 O3-p=0.46 O2-s=0.03 O3-s=0.03 N1-p=0.03
 Alpha vir 20 OE=0.065 is O2-p=0.50 O3-p=0.50
 Alpha vir 21 OE=0.076 is O2-p=0.45 O3-p=0.45 N1-s=0.14 N1-p=-0.03 O3-s=-0.02 O2-s=-0.02 N1-d=0.01
 Alpha vir 22 OE=0.101 is O3-p=0.61 O2-p=0.61 N1-p=-0.22
 Alpha vir 23 OE=0.104 is O3-p=0.46 O2-p=0.46 N1-s=-0.39 O2-s=0.25 O3-s=0.25 N1-p=-0.04 N1-d=0.02
 Alpha vir 24 OE=0.130 is O2-p=0.44 O3-p=0.44 N1-p=0.14
 Alpha vir 25 OE=0.180 is N1-s=-2.70 O3-s=1.88 O2-s=1.88 N1-p=-0.27 O3-p=0.10 O2-p=0.10
 Alpha vir 26 OE=0.233 is N1-p=-2.13 O2-s=1.71 O3-s=1.71 O3-p=-0.15 O2-p=-0.15
 Alpha vir 27 OE=0.310 is N1-p=0.40 O2-s=0.22 O3-s=0.22 O3-p=0.06 O2-p=0.06 N1-d=0.02
 Alpha vir 28 OE=0.598 is N1-p=1.15 N1-s=-0.16 O2-s=0.01 O3-s=0.01 O3-p=-0.01 O2-p=-0.01
 Alpha vir 29 OE=0.619 is N1-p=1.03 O2-p=-0.02 O3-p=-0.02
 Alpha vir 30 OE=0.673 is N1-p=1.32 O2-p=-0.13 O3-p=-0.13 O3-s=-0.05 O2-s=-0.05 O2-d=0.01 O3-d=0.01
 Alpha vir 31 OE=0.841 is O2-p=0.49 O3-p=0.49 N1-p=-0.02 N1-d=0.02 N1-s=0.02
 Alpha vir 32 OE=0.906 is O3-p=0.51 O2-p=0.51 O2-s=-0.07 O3-s=-0.07 N1-s=0.07 N1-p=0.06
 Alpha vir 33 OE=0.907 is O3-p=0.50 O2-p=0.50
 Alpha vir 34 OE=0.922 is O2-p=0.61 O3-p=0.61 O3-s=-0.12 O2-s=-0.12
 Alpha vir 35 OE=0.931 is N1-s=1.46 O3-s=-0.21 O2-s=-0.21 N1-p=-0.10 O2-p=0.02 O3-p=0.02
 Alpha vir 36 OE=0.973 is O2-p=0.50 O3-p=0.50
 Alpha vir 37 OE=0.991 is O2-p=0.57 O3-p=0.57 O3-s=-0.14 O2-s=-0.14 N1-p=0.13 N1-d=0.02
 Alpha vir 38 OE=1.419 is O2-s=0.39 O3-s=0.39 N1-s=0.27 O3-p=-0.04 O2-p=-0.04 N1-d=0.03 N1-p=-0.01
 Alpha vir 39 OE=1.454 is O2-s=0.50 O3-s=0.50 N1-p=-0.06 O3-p=0.02 O2-p=0.02
 Alpha vir 40 OE=1.621 is N1-d=0.73 O2-d=0.12 O3-d=0.12 O2-p=0.01 O3-p=0.01
 Alpha vir 41 OE=1.693 is N1-d=0.87 O3-d=0.06 O2-d=0.06
 Alpha vir 42 OE=1.696 is N1-d=0.78 O3-d=0.08 O2-d=0.08 O3-s=0.02 O2-s=0.02 N1-s=-0.02 O2-p=0.01 O3-p=0.01
 Alpha vir 43 OE=2.086 is N1-d=0.58 O2-d=0.16 O3-d=0.16 N1-p=0.10 O2-p=0.01 O3-p=0.01 O3-s=-0.01 O2-s=-0.01
 Alpha vir 44 OE=2.301 is N1-d=0.63 O3-d=0.13 O2-d=0.13 N1-s=0.12 N1-p=0.02 O2-s=-0.02 O3-s=-0.02
 Alpha vir 45 OE=2.640 is O3-d=0.50 O2-d=0.50
 Alpha vir 46 OE=2.643 is O3-d=0.50 O2-d=0.50
 Alpha vir 47 OE=2.673 is O2-d=0.49 O3-d=0.49 N1-p=0.01 N1-d=0.01
 Alpha vir 48 OE=2.729 is O2-d=0.45 O3-d=0.45 N1-d=0.08
 Alpha vir 49 OE=2.987 is O3-d=0.39 O2-d=0.39 N1-p=0.11 N1-d=0.10
 Alpha vir 50 OE=3.167 is O2-d=0.39 O3-d=0.39 N1-d=0.18 O2-s=0.01 O3-s=0.01
 Alpha vir 51 OE=3.262 is O3-d=0.35 O2-d=0.35 N1-p=0.13 N1-d=0.12 O2-s=0.02 O3-s=0.02
 Alpha vir 52 OE=3.435 is O3-d=0.37 O2-d=0.37 N1-d=0.25
 Alpha vir 53 OE=3.537 is O2-d=0.30 O3-d=0.30 N1-p=0.20 N1-d=0.09 O2-s=0.03 O3-s=0.03 O3-p=0.02 O2-p=0.02
 Alpha vir 54 OE=3.764 is O3-d=0.29 O2-d=0.29 N1-d=0.18 N1-p=0.17 O2-p=0.02 O3-p=0.02 N1-s=0.02
 Alpha vir 55 OE=3.856 is N1-p=0.87 O3-d=0.06 O2-d=0.06
 Alpha vir 56 OE=4.012 is N1-p=0.66 O2-d=0.13 O3-d=0.13 N1-d=0.07 O2-p=0.01 O3-p=0.01
 Alpha vir 57 OE=4.573 is N1-p=0.59 O3-p=0.14 O2-p=0.14 O3-d=0.05 O2-d=0.05 N1-d=0.04
 Alpha vir 58 OE=5.021 is O3-p=0.49 O2-p=0.49
 Alpha vir 59 OE=5.047 is O3-p=0.49 O2-p=0.49 N1-p=0.02
 Alpha vir 60 OE=5.065 is O3-p=0.50 O2-p=0.50
 Alpha vir 61 OE=5.076 is O2-p=0.49 O3-p=0.49 N1-p=0.01
 Alpha vir 62 OE=5.627 is O2-p=0.47 O3-p=0.47 O2-d=0.03 O3-d=0.03
 Alpha vir 63 OE=6.280 is O2-p=0.35 O3-p=0.35 N1-p=0.17 O3-d=0.06 O2-d=0.06 N1-d=0.02
 Alpha vir 64 OE=36.396 is N1-s=1.00
 Alpha vir 65 OE=51.045 is O3-s=0.50 O2-s=0.50
 Alpha vir 66 OE=51.100 is O3-s=0.50 O2-s=0.50

 Atomic contributions to Beta  molecular orbitals:
 Beta  occ 1 OE=-21.097 is O3-s=0.50 O2-s=0.50
 Beta  occ 2 OE=-21.097 is O3-s=0.50 O2-s=0.50
 Beta  occ 3 OE=-16.195 is N1-s=1.00
 Beta  occ 4 OE=-1.993 is N1-s=0.55 O2-s=0.17 O3-s=0.17 N1-p=0.05 O2-p=0.03 O3-p=0.03
 Beta  occ 5 OE=-1.785 is O2-s=0.32 O3-s=0.32 N1-p=0.28 O2-p=0.03 O3-p=0.03
 Beta  occ 6 OE=-1.239 is O2-s=0.24 O3-s=0.24 N1-s=0.20 O2-p=0.15 O3-p=0.15
 Beta  occ 7 OE=-1.115 is O2-p=0.26 O3-p=0.26 N1-p=0.20 O2-s=0.13 O3-s=0.13
 Beta  occ 8 OE=-1.104 is N1-p=0.40 O2-p=0.30 O3-p=0.30
 Beta  occ 9 OE=-1.000 is N1-p=0.66 O3-p=0.12 O2-p=0.12 N1-s=0.08
 Beta  occ 10 OE=-0.899 is O3-p=0.49 O2-p=0.49 N1-d=0.02
 Beta  vir 11 OE=-0.337 is O2-p=0.46 O3-p=0.46 N1-p=0.10 O3-s=-0.02 O2-s=-0.02 N1-d=0.02
 Beta  vir 12 OE=-0.251 is N1-p=0.62 O2-p=0.19 O3-p=0.19
 Beta  vir 13 OE=-0.249 is N1-s=0.35 O2-p=0.33 O3-p=0.33 N1-p=0.07 O3-s=-0.05 O2-s=-0.05 N1-d=0.02
 Beta  vir 14 OE=-0.087 is N1-s=3.23 O2-s=-1.12 O3-s=-1.12 N1-p=-0.04 O2-p=0.02 O3-p=0.02
 Beta  vir 15 OE=-0.041 is N1-p=1.21 O2-p=-0.10 O3-p=-0.10
 Beta  vir 16 OE=-0.038 is N1-p=2.62 O3-s=-1.15 O2-s=-1.15 O2-p=0.34 O3-p=0.34
 Beta  vir 17 OE=-0.033 is N1-p=1.64 N1-s=-0.33 O3-p=-0.10 O2-p=-0.10 O2-s=-0.06 O3-s=-0.06
 Beta  vir 18 OE=0.041 is O3-p=0.40 O2-p=0.40 N1-s=0.09 O2-s=0.05 O3-s=0.05
 Beta  vir 19 OE=0.064 is O2-p=0.39 O3-p=0.39 N1-p=0.11 O3-s=0.05 O2-s=0.05
 Beta  vir 20 OE=0.068 is O2-p=0.50 O3-p=0.50
 Beta  vir 21 OE=0.087 is O3-p=0.51 O2-p=0.51 N1-s=0.12 N1-p=-0.10 O2-s=-0.03 O3-s=-0.03 N1-d=0.01
 Beta  vir 22 OE=0.105 is O2-p=0.63 O3-p=0.63 N1-p=-0.25
 Beta  vir 23 OE=0.137 is O3-p=0.45 O2-p=0.45 N1-p=0.12 O3-s=-0.01 O2-s=-0.01
 Beta  vir 24 OE=0.168 is N1-s=-1.51 O2-s=0.95 O3-s=0.95 O2-p=0.46 O3-p=0.46 N1-p=-0.31 N1-d=0.01
 Beta  vir 25 OE=0.192 is N1-s=-1.58 O2-s=1.22 O3-s=1.22 O3-p=0.09 O2-p=0.09 N1-p=-0.07
 Beta  vir 26 OE=0.249 is N1-p=-2.55 O3-s=1.96 O2-s=1.96 O3-p=-0.18 O2-p=-0.18
 Beta  vir 27 OE=0.380 is N1-p=0.61 O2-p=0.18 O3-p=0.18 N1-d=0.02
 Beta  vir 28 OE=0.613 is N1-p=1.03 O2-p=-0.02 O3-p=-0.02
 Beta  vir 29 OE=0.621 is N1-p=1.18 N1-s=-0.14 O2-p=-0.02 O3-p=-0.02
 Beta  vir 30 OE=0.684 is N1-p=1.41 O2-p=-0.13 O3-p=-0.13 O2-s=-0.08 O3-s=-0.08
 Beta  vir 31 OE=0.869 is O2-p=0.43 O3-p=0.43 N1-s=0.11 N1-d=0.03
 Beta  vir 32 OE=0.929 is O3-p=0.50 O2-p=0.50
 Beta  vir 33 OE=0.937 is N1-s=1.43 O2-s=-0.28 O3-s=-0.28 O2-p=0.10 O3-p=0.10 N1-p=-0.08
 Beta  vir 34 OE=0.992 is O2-p=0.68 O3-p=0.68 O2-s=-0.24 O3-s=-0.24 N1-p=0.09 N1-d=0.01
 Beta  vir 35 OE=0.993 is O3-p=0.50 O2-p=0.50
 Beta  vir 36 OE=1.013 is O2-p=0.49 O3-p=0.49
 Beta  vir 37 OE=1.054 is O2-p=0.47 O3-p=0.47 N1-p=0.04 N1-d=0.02
 Beta  vir 38 OE=1.453 is O2-s=0.38 O3-s=0.38 N1-s=0.27 O2-p=-0.04 O3-p=-0.04 N1-d=0.04 N1-p=-0.01
 Beta  vir 39 OE=1.494 is O2-s=0.50 O3-s=0.50 N1-p=-0.06 O3-p=0.02 O2-p=0.02 N1-d=0.01
 Beta  vir 40 OE=1.621 is N1-d=0.74 O2-d=0.12 O3-d=0.12 O3-p=0.01 O2-p=0.01
 Beta  vir 41 OE=1.710 is N1-d=0.88 O3-d=0.05 O2-d=0.05
 Beta  vir 42 OE=1.742 is N1-d=0.80 O2-d=0.07 O3-d=0.07 O2-s=0.02 O3-s=0.02
 Beta  vir 43 OE=2.145 is N1-d=0.61 O2-d=0.14 O3-d=0.14 N1-p=0.08 O2-p=0.02 O3-p=0.02
 Beta  vir 44 OE=2.339 is N1-d=0.63 O3-d=0.13 O2-d=0.13 N1-s=0.11 N1-p=0.03 O2-s=-0.01 O3-s=-0.01
 Beta  vir 45 OE=2.759 is O3-d=0.50 O2-d=0.50
 Beta  vir 46 OE=2.766 is O2-d=0.50 O3-d=0.50
 Beta  vir 47 OE=2.784 is O2-d=0.49 O3-d=0.49 N1-p=0.02
 Beta  vir 48 OE=2.857 is O3-d=0.46 O2-d=0.46 N1-d=0.08
 Beta  vir 49 OE=3.018 is O2-d=0.39 O3-d=0.39 N1-p=0.11 N1-d=0.10
 Beta  vir 50 OE=3.254 is O2-d=0.41 O3-d=0.41 N1-d=0.15 O2-s=0.01 O3-s=0.01
 Beta  vir 51 OE=3.328 is O3-d=0.34 O2-d=0.34 N1-p=0.15 N1-d=0.10 O3-s=0.02 O2-s=0.02
 Beta  vir 52 OE=3.460 is O3-d=0.38 O2-d=0.38 N1-d=0.24
 Beta  vir 53 OE=3.578 is O2-d=0.30 O3-d=0.30 N1-p=0.22 N1-d=0.08 O2-p=0.02 O3-p=0.02 O3-s=0.02 O2-s=0.02
 Beta  vir 54 OE=3.822 is O3-d=0.30 O2-d=0.30 N1-d=0.17 N1-p=0.17 O2-p=0.02 O3-p=0.02 N1-s=0.01
 Beta  vir 55 OE=3.855 is N1-p=0.86 O3-d=0.06 O2-d=0.06
 Beta  vir 56 OE=4.045 is N1-p=0.64 O3-d=0.13 O2-d=0.13 N1-d=0.06 O3-p=0.01 O2-p=0.01
 Beta  vir 57 OE=4.591 is N1-p=0.58 O3-p=0.14 O2-p=0.14 O3-d=0.06 O2-d=0.06 N1-d=0.04
 Beta  vir 58 OE=5.096 is O2-p=0.50 O3-p=0.50
 Beta  vir 59 OE=5.105 is O2-p=0.49 O3-p=0.49 N1-p=0.01
 Beta  vir 60 OE=5.157 is O2-p=0.49 O3-p=0.49
 Beta  vir 61 OE=5.175 is O3-p=0.49 O2-p=0.49 N1-p=0.01
 Beta  vir 62 OE=5.665 is O3-p=0.47 O2-p=0.47 O3-d=0.03 O2-d=0.03
 Beta  vir 63 OE=6.306 is O3-p=0.35 O2-p=0.35 N1-p=0.17 O2-d=0.06 O3-d=0.06 N1-d=0.02
 Beta  vir 64 OE=36.400 is N1-s=1.00
 Beta  vir 65 OE=51.072 is O3-s=0.50 O2-s=0.50
 Beta  vir 66 OE=51.127 is O3-s=0.50 O2-s=0.50
 
 1\1\GINC-GAMBA\SP\UOVGF-FC\Gen\N1O2(1+,3)\IRIKURA\17-May-2017\0\\# EPT
 (OVGF+P3,ReadOrbitals)/GEN gfinput geom=check guess=check scf=xqc pop(
 all,thresh=1)\\BEB step 5: cation EPT for VIE2 for no2\\1,3\N,0,0.,0.,
 -0.3309564098\O,0,0.,-1.1068398818,0.1406818249\O,0,0.,1.1068398818,0.
 1406818249\\Version=ES64L-G09RevD.01\State=3-B2\HF=-203.6736066\MP2=-2
 04.1638858\PUHF=-203.6811921\PMP2-0=-204.1690036\S2=2.031014\S2-1=2.01
 0608\S2A=2.000525\RMSD=9.007e-09\PG=C02V [C2(N1),SGV(O2)]\\@


 YOU CANNOT THROW TO THE GROUND THE LETTERS OF
 THE GREEK ALPHABET AND PICK UP THE ILIAD.
        - RUFUS CHOATE, 1799-1859
 Job cpu time:       0 days  0 hours  0 minutes 27.7 seconds.
 File lengths (MBytes):  RWF=     47 Int=      0 D2E=      0 Chk=      1 Scr=      1
 Normal termination of Gaussian 09 at Wed May 17 13:46:30 2017.
