 Entering Gaussian System, Link 0=g09
 Initial command:
 /usr/local/apps/g09/l1.exe "/wrk/irikura/Gau-27761.inp" -scrdir="/wrk/irikura/"
 Entering Link 1 = /usr/local/apps/g09/l1.exe PID=     27763.
  
 Copyright (c) 1988,1990,1992,1993,1995,1998,2003,2009,2013,
            Gaussian, Inc.  All Rights Reserved.
  
 This is part of the Gaussian(R) 09 program.  It is based on
 the Gaussian(R) 03 system (copyright 2003, Gaussian, Inc.),
 the Gaussian(R) 98 system (copyright 1998, Gaussian, Inc.),
 the Gaussian(R) 94 system (copyright 1995, Gaussian, Inc.),
 the Gaussian 92(TM) system (copyright 1992, Gaussian, Inc.),
 the Gaussian 90(TM) system (copyright 1990, Gaussian, Inc.),
 the Gaussian 88(TM) system (copyright 1988, Gaussian, Inc.),
 the Gaussian 86(TM) system (copyright 1986, Carnegie Mellon
 University), and the Gaussian 82(TM) system (copyright 1983,
 Carnegie Mellon University). Gaussian is a federally registered
 trademark of Gaussian, Inc.
  
 This software contains proprietary and confidential information,
 including trade secrets, belonging to Gaussian, Inc.
  
 This software is provided under written license and may be
 used, copied, transmitted, or stored only in accord with that
 written license.
  
 The following legend is applicable only to US Government
 contracts under FAR:
  
                    RESTRICTED RIGHTS LEGEND
  
 Use, reproduction and disclosure by the US Government is
 subject to restrictions as set forth in subparagraphs (a)
 and (c) of the Commercial Computer Software - Restricted
 Rights clause in FAR 52.227-19.
  
 Gaussian, Inc.
 340 Quinnipiac St., Bldg. 40, Wallingford CT 06492
  
  
 ---------------------------------------------------------------
 Warning -- This program may not be used in any manner that
 competes with the business of Gaussian, Inc. or will provide
 assistance to any competitor of Gaussian, Inc.  The licensee
 of this program is prohibited from giving any competitor of
 Gaussian, Inc. access to this program.  By using this program,
 the user acknowledges that Gaussian, Inc. is engaged in the
 business of creating and licensing software in the field of
 computational chemistry and represents and warrants to the
 licensee that it is not a competitor of Gaussian, Inc. and that
 it will not use this program in any manner prohibited above.
 ---------------------------------------------------------------
  

 Cite this work as:
 Gaussian 09, Revision D.01,
 M. J. Frisch, G. W. Trucks, H. B. Schlegel, G. E. Scuseria, 
 M. A. Robb, J. R. Cheeseman, G. Scalmani, V. Barone, B. Mennucci, 
 G. A. Petersson, H. Nakatsuji, M. Caricato, X. Li, H. P. Hratchian, 
 A. F. Izmaylov, J. Bloino, G. Zheng, J. L. Sonnenberg, M. Hada, 
 M. Ehara, K. Toyota, R. Fukuda, J. Hasegawa, M. Ishida, T. Nakajima, 
 Y. Honda, O. Kitao, H. Nakai, T. Vreven, J. A. Montgomery, Jr., 
 J. E. Peralta, F. Ogliaro, M. Bearpark, J. J. Heyd, E. Brothers, 
 K. N. Kudin, V. N. Staroverov, T. Keith, R. Kobayashi, J. Normand, 
 K. Raghavachari, A. Rendell, J. C. Burant, S. S. Iyengar, J. Tomasi, 
 M. Cossi, N. Rega, J. M. Millam, M. Klene, J. E. Knox, J. B. Cross, 
 V. Bakken, C. Adamo, J. Jaramillo, R. Gomperts, R. E. Stratmann, 
 O. Yazyev, A. J. Austin, R. Cammi, C. Pomelli, J. W. Ochterski, 
 R. L. Martin, K. Morokuma, V. G. Zakrzewski, G. A. Voth, 
 P. Salvador, J. J. Dannenberg, S. Dapprich, A. D. Daniels, 
 O. Farkas, J. B. Foresman, J. V. Ortiz, J. Cioslowski, 
 and D. J. Fox, Gaussian, Inc., Wallingford CT, 2013.
 
 ******************************************
 Gaussian 09:  ES64L-G09RevD.01 24-Apr-2013
                17-May-2017 
 ******************************************
 %chk=ch3.chk
 %nprocs=4
 Will use up to    4 processors via shared memory.
 %mem=1000mw
 ----------------------------------------------------------------------
 # EPT(OVGF+P3,ReadOrbitals)/GEN gfinput geom=check guess=check scf=xqc
  pop(all,thresh=1)
 ----------------------------------------------------------------------
 1/29=2,38=1/1;
 2/12=2,40=1/2;
 3/5=7,11=9,14=-4,16=1,24=10,25=1,30=1,116=-2/1,2,3;
 4/5=1/1;
 5/5=2,8=3,13=1,38=6/2,8;
 8/6=4,9=120000,10=1/1,4;
 9/11=30100/8;
 6/7=2,8=2,9=2,10=2,87=-1,88=1/1;
 99/5=1,9=1/99;
 -------------------------
 BEB step 4: EPT B for ch3
 -------------------------
 Structure from the checkpoint file:  "ch3.chk"
 Charge =  0 Multiplicity = 2
 Redundant internal coordinates found in file.
 C,0,0.,-0.0000000011,0.
 H,0,0.000000002,-1.0827517802,0.
 H,0,-0.9376905476,0.5413758867,0.
 H,0,0.9376905457,0.5413758901,0.
 Recover connectivity data from disk.
                          Input orientation:                          
 ---------------------------------------------------------------------
 Center     Atomic      Atomic             Coordinates (Angstroms)
 Number     Number       Type             X           Y           Z
 ---------------------------------------------------------------------
      1          6           0        0.000000    0.000000    0.000000
      2          1           0        0.000000   -1.082752    0.000000
      3          1           0       -0.937691    0.541376    0.000000
      4          1           0        0.937691    0.541376    0.000000
 ---------------------------------------------------------------------
                    Distance matrix (angstroms):
                    1          2          3          4
     1  C    0.000000
     2  H    1.082752   0.000000
     3  H    1.082752   1.875381   0.000000
     4  H    1.082752   1.875381   1.875381   0.000000
 Stoichiometry    CH3(2)
 Framework group  D3H[O(C),3C2(H)]
 Deg. of freedom     1
 Full point group                 D3H     NOp  12
 Largest Abelian subgroup         C2V     NOp   4
 Largest concise Abelian subgroup C2      NOp   2
                         Standard orientation:                         
 ---------------------------------------------------------------------
 Center     Atomic      Atomic             Coordinates (Angstroms)
 Number     Number       Type             X           Y           Z
 ---------------------------------------------------------------------
      1          6           0        0.000000    0.000000    0.000000
      2          1           0        0.000000    1.082752    0.000000
      3          1           0       -0.937691   -0.541376    0.000000
      4          1           0        0.937691   -0.541376    0.000000
 ---------------------------------------------------------------------
 Rotational constants (GHZ):    285.1563071    285.1563071    142.5781536
 General basis read from cards:  (5D, 7F)
 AO basis set in the form of general basis input (Overlap normalization):
      1 0
 S   6 1.00       0.000000000000
      0.4563240000D+04  0.1966650249D-02
      0.6820240000D+03  0.1523060193D-01
      0.1549730000D+03  0.7612690966D-01
      0.4445530000D+02  0.2608010331D+00
      0.1302900000D+02  0.6164620782D+00
      0.1827730000D+01  0.2210060280D+00
 SP   3 1.00       0.000000000000
      0.2096420000D+02  0.1146600807D+00  0.4024869267D-01
      0.4803310000D+01  0.9199996477D+00  0.2375939567D+00
      0.1459330000D+01 -0.3030682134D-02  0.8158538515D+00
 SP   1 1.00       0.000000000000
      0.4834560000D+00  0.1000000000D+01  0.1000000000D+01
 SP   1 1.00       0.000000000000
      0.1455850000D+00  0.1000000000D+01  0.1000000000D+01
 SP   1 1.00       0.000000000000
      0.4380000000D-01  0.1000000000D+01  0.1000000000D+01
 D   1 1.00       0.000000000000
      0.6260000000D+00  0.1000000000D+01
 ****
      2 0
 S   3 1.00       0.000000000000
      0.3386500000D+02  0.2549381454D-01
      0.5094790000D+01  0.1903731086D+00
      0.1158790000D+01  0.8521614860D+00
 S   1 1.00       0.000000000000
      0.3258400000D+00  0.1000000000D+01
 S   1 1.00       0.000000000000
      0.1027410000D+00  0.1000000000D+01
 P   1 1.00       0.000000000000
      0.7500000000D+00  0.1000000000D+01
 ****
      3 0
 S   3 1.00       0.000000000000
      0.3386500000D+02  0.2549381454D-01
      0.5094790000D+01  0.1903731086D+00
      0.1158790000D+01  0.8521614860D+00
 S   1 1.00       0.000000000000
      0.3258400000D+00  0.1000000000D+01
 S   1 1.00       0.000000000000
      0.1027410000D+00  0.1000000000D+01
 P   1 1.00       0.000000000000
      0.7500000000D+00  0.1000000000D+01
 ****
      4 0
 S   3 1.00       0.000000000000
      0.3386500000D+02  0.2549381454D-01
      0.5094790000D+01  0.1903731086D+00
      0.1158790000D+01  0.8521614860D+00
 S   1 1.00       0.000000000000
      0.3258400000D+00  0.1000000000D+01
 S   1 1.00       0.000000000000
      0.1027410000D+00  0.1000000000D+01
 P   1 1.00       0.000000000000
      0.7500000000D+00  0.1000000000D+01
 ****

 There are    21 symmetry adapted cartesian basis functions of A1  symmetry.
 There are     2 symmetry adapted cartesian basis functions of A2  symmetry.
 There are    11 symmetry adapted cartesian basis functions of B1  symmetry.
 There are     7 symmetry adapted cartesian basis functions of B2  symmetry.
 There are    20 symmetry adapted basis functions of A1  symmetry.
 There are     2 symmetry adapted basis functions of A2  symmetry.
 There are    11 symmetry adapted basis functions of B1  symmetry.
 There are     7 symmetry adapted basis functions of B2  symmetry.
    40 basis functions,    60 primitive gaussians,    41 cartesian basis functions
     5 alpha electrons        4 beta electrons
       nuclear repulsion energy         9.6437168407 Hartrees.
 NAtoms=    4 NActive=    4 NUniq=    2 SFac= 4.00D+00 NAtFMM=   60 NAOKFM=F Big=F
 Integral buffers will be    131072 words long.
 Raffenetti 2 integral format.
 Two-electron integral symmetry is turned on.
 One-electron integrals computed using PRISM.
 NBasis=    40 RedAO= T EigKep=  1.95D-02  NBF=    20     2    11     7
 NBsUse=    40 1.00D-06 EigRej= -1.00D+00 NBFU=    20     2    11     7
 Initial guess from the checkpoint file:  "ch3.chk"
 B after Tr=     0.000000    0.000000    0.000000
         Rot=    1.000000    0.000000    0.000000    0.000000 Ang=   0.00 deg.
 Initial guess orbital symmetries:
 Alpha Orbitals:
       Occupied  (?A) (?A) (?A) (?A) (A2")
       Virtual   (?A) (?A) (?A) (?A) (?A) (?A) (A2") (?A) (?A)
                 (?A) (?B) (?B) (?A) (?A) (?A) (?A) (A2") (?A)
                 (?A) (?B) (?B) (?A) (?A) (?A) (?A) (?A) (?A) (A2")
                 (?A) (?A) (?A) (?A) (?A) (?A) (A2")
 Beta  Orbitals:
       Occupied  (?A) (?A) (?A) (?A)
       Virtual   (A2") (?A) (?A) (?A) (?A) (?A) (?A) (A2") (?A)
                 (?A) (?A) (?B) (?B) (?A) (?A) (?A) (?A) (A2")
                 (?A) (?A) (?B) (?B) (?A) (?A) (?A) (?A) (?A) (?A)
                 (A2") (?A) (?A) (?A) (?A) (?A) (?A) (A2")
 Initial guess <Sx>= 0.0000 <Sy>= 0.0000 <Sz>= 0.5000 <S**2>= 0.7617 S= 0.5058
 Keep R1 and R2 ints in memory in symmetry-blocked form, NReq=1185204.
 Requested convergence on RMS density matrix=1.00D-08 within  64 cycles.
 Requested convergence on MAX density matrix=1.00D-06.
 Requested convergence on             energy=1.00D-06.
 No special actions if energy rises.
 SCF Done:  E(UHF) =  -39.5734615482     A.U. after   10 cycles
            NFock= 10  Conv=0.56D-08     -V/T= 2.0014
 <Sx>= 0.0000 <Sy>= 0.0000 <Sz>= 0.5000 <S**2>= 0.7613 S= 0.5057
 <L.S>= 0.000000000000E+00
 Annihilation of the first spin contaminant:
 S**2 before annihilation     0.7613,   after     0.7501
 QCSCF skips out because SCF is already converged.
 ExpMin= 4.38D-02 ExpMax= 4.56D+03 ExpMxC= 6.82D+02 IAcc=3 IRadAn=         5 AccDes= 0.00D+00
 HarFok:  IExCor=  205 AccDes= 0.00D+00 IRadAn=         5 IDoV=-2 UseB2=F ITyADJ=14
 ICtDFT= 12500011 ScaDFX=  1.000000  1.000000  1.000000  1.000000
 Range of M.O.s used for correlation:     2    40
 NBasis=    40 NAE=     5 NBE=     4 NFC=     1 NFV=     0
 NROrb=     39 NOA=     4 NOB=     3 NVA=    35 NVB=    36
 Semi-Direct transformation.
 ModeAB=           4 MOrb=             4 LenV=    1048380862
 LASXX=        29109 LTotXX=       29109 LenRXX=       61567
 LTotAB=       32458 MaxLAS=      109044 LenRXY=           0
 NonZer=       90676 LenScr=      785920 LnRSAI=      109044
 LnScr1=      785920 LExtra=           0 Total=      1742451
 MaxDsk=          -1 SrtSym=           T ITran=            4
 JobTyp=1 Pass  1:  I=   1 to   4.
 (rs|ai) integrals will be sorted in core.
 ModeAB=           4 MOrb=             3 LenV=    1048380862
 LASXX=        23483 LTotXX=       23483 LenRXX=       44703
 LTotAB=       21220 MaxLAS=       81783 LenRXY=           0
 NonZer=       68186 LenScr=      785920 LnRSAI=       81783
 LnScr1=      785920 LExtra=           0 Total=      1698326
 MaxDsk=          -1 SrtSym=           T ITran=            4
 JobTyp=2 Pass  1:  I=   1 to   3.
 (rs|ai) integrals will be sorted in core.
 Spin components of T(2) and E(2):
     alpha-alpha T2 =       0.6660940447D-02 E2=     -0.1948294231D-01
     alpha-beta  T2 =       0.3492107773D-01 E2=     -0.1088000168D+00
     beta-beta   T2 =       0.2292599754D-02 E2=     -0.6759764946D-02
 ANorm=    0.1021701824D+01
 E2 =    -0.1350427240D+00 EUMP2 =    -0.39708504272220D+02
 (S**2,0)=  0.76134D+00           (S**2,1)=  0.75321D+00
 E(PUHF)=      -0.39576408543D+02        E(PMP2)=      -0.39710399122D+02
 GREENY: Electron Propagator Program
 FoFJK:  IHMeth= 0 ICntrl=     200 DoSepK=F KAlg= 0 I1Cent=   0 FoldK=F
 IRaf= 990000000 NMat=   1 IRICut=       1 DoRegI=T DoRafI=F ISym2E=-1.
 FoFCou: FMM=F IPFlag=           0 FMFlag=           0 FMFlg1=           0
         NFxFlg=           0 DoJE=F BraDBF=F KetDBF=F FulRan=T
         wScrn=  0.000000 ICntrl=     200 IOpCl=  1 I1Cent=           0 NGrid=           0
         NMat0=    1 NMatS0=      1 NMatT0=    0 NMatD0=    1 NMtDS0=    0 NMtDT0=    0
 Petite list used in FoFCou.

 Summary of results for alpha spin-orbital   1  OVGF: 
 Koopmans theorem:            -0.94711D+00 au  -25.772 eV
 Converged second order pole: -0.86771D+00 au  -23.612 eV  0.890 (PS)
 Converged third  order pole: -0.86537D+00 au  -23.548 eV  0.859 (PS)
 Outer Valence Approximation: -0.86603D+00 au  -23.566 eV  0.842 (PS)

 Summary of results for alpha spin-orbital   1    P3: 
 Koopmans theorem:            -0.94711D+00 au  -25.772 eV
 Converged second order pole: -0.86771D+00 au  -23.612 eV  0.890 (PS)
 Converged 3rd order P3 pole: -0.85538D+00 au  -23.276 eV  0.855 (PS)

 Summary of results for alpha spin-orbital   2  OVGF: 
 Koopmans theorem:            -0.58032D+00 au  -15.791 eV
 Converged second order pole: -0.55070D+00 au  -14.985 eV  0.924 (PS)
 Converged third  order pole: -0.56297D+00 au  -15.319 eV  0.928 (PS)
 Outer Valence Approximation: -0.55746D+00 au  -15.169 eV  0.925 (PS)

 Summary of results for alpha spin-orbital   2    P3: 
 Koopmans theorem:            -0.58032D+00 au  -15.791 eV
 Converged second order pole: -0.55070D+00 au  -14.985 eV  0.924 (PS)
 Converged 3rd order P3 pole: -0.55340D+00 au  -15.059 eV  0.926 (PS)
 Orbitals  3 and  2 are degenerate.  Skipping orbital  3


 Summary of results for alpha spin-orbital   4  OVGF: 
 Koopmans theorem:            -0.38377D+00 au  -10.443 eV
 Converged second order pole: -0.34659D+00 au   -9.431 eV  0.934 (PS)
 Converged third  order pole: -0.35416D+00 au   -9.637 eV  0.936 (PS)
 Outer Valence Approximation: -0.35314D+00 au   -9.609 eV  0.934 (PS)

 Summary of results for alpha spin-orbital   4    P3: 
 Koopmans theorem:            -0.38377D+00 au  -10.443 eV
 Converged second order pole: -0.34659D+00 au   -9.431 eV  0.934 (PS)
 Converged 3rd order P3 pole: -0.34820D+00 au   -9.475 eV  0.932 (PS)

 Summary of results for beta  spin-orbital   1  OVGF: 
 Koopmans theorem:            -0.85586D+00 au  -23.289 eV
 Converged second order pole: -0.79290D+00 au  -21.576 eV  0.900 (PS)
 Converged third  order pole: -0.80371D+00 au  -21.870 eV  0.897 (PS)
 Outer Valence Approximation: -0.80007D+00 au  -21.771 eV  0.893 (PS)

 Summary of results for beta  spin-orbital   1    P3: 
 Koopmans theorem:            -0.85586D+00 au  -23.289 eV
 Converged second order pole: -0.79290D+00 au  -21.576 eV  0.900 (PS)
 Converged 3rd order P3 pole: -0.79107D+00 au  -21.526 eV  0.893 (PS)

 Summary of results for beta  spin-orbital   2  OVGF: 
 Koopmans theorem:            -0.56559D+00 au  -15.391 eV
 Converged second order pole: -0.53425D+00 au  -14.538 eV  0.925 (PS)
 Converged third  order pole: -0.54579D+00 au  -14.852 eV  0.930 (PS)
 Outer Valence Approximation: -0.54586D+00 au  -14.854 eV  0.927 (PS)

 Summary of results for beta  spin-orbital   2    P3: 
 Koopmans theorem:            -0.56559D+00 au  -15.391 eV
 Converged second order pole: -0.53425D+00 au  -14.538 eV  0.925 (PS)
 Converged 3rd order P3 pole: -0.53692D+00 au  -14.610 eV  0.928 (PS)
 Orbitals  3 and  2 are degenerate.  Skipping orbital  3


 **********************************************************************

            Population analysis using the SCF density.

 **********************************************************************

 Orbital symmetries:
 Alpha Orbitals:
       Occupied  (?A) (?A) (?B) (?B) (A2")
       Virtual   (?A) (?B) (?B) (A2") (?A) (?B) (?B) (?B) (?B)
                 (?A) (A2") (?B) (?B) (?A) (?C) (?C) (?A) (?B)
                 (?B) (?A) (A2") (?B) (?B) (?C) (?C) (?A) (?B)
                 (?B) (?B) (?B) (?A) (A2") (?B) (?B) (?A)
 Beta  Orbitals:
       Occupied  (?A) (?A) (?B) (?B)
       Virtual   (A2") (?A) (?B) (?B) (A2") (?B) (?B) (?A) (?B)
                 (?B) (?A) (A2") (?B) (?B) (?A) (?C) (?C) (?A)
                 (?B) (?B) (?A) (A2") (?B) (?B) (?C) (?C) (?A)
                 (?B) (?B) (?B) (?B) (?A) (A2") (?B) (?B) (?A)
 Unable to determine electronic state:  an orbital has unidentified symmetry.
 Alpha  occ. eigenvalues --  -11.23682  -0.94711  -0.58032  -0.58032  -0.38377
 Alpha virt. eigenvalues --    0.08148   0.10672   0.10672   0.12745   0.26453
 Alpha virt. eigenvalues --    0.27617   0.27617   0.54160   0.54160   0.60055
 Alpha virt. eigenvalues --    0.70375   0.82420   0.82420   0.90786   1.27140
 Alpha virt. eigenvalues --    1.27140   1.65871   1.67379   1.67379   1.76876
 Alpha virt. eigenvalues --    1.92041   2.22337   2.22337   2.23132   2.23132
 Alpha virt. eigenvalues --    2.73474   2.75649   2.75649   2.99289   2.99289
 Alpha virt. eigenvalues --    3.03355   3.11811   4.11812   4.11812  25.07198
  Beta  occ. eigenvalues --  -11.21347  -0.85586  -0.56559  -0.56559
  Beta virt. eigenvalues --    0.07094   0.08793   0.10786   0.10786   0.21497
  Beta virt. eigenvalues --    0.28127   0.28127   0.28357   0.54601   0.54601
  Beta virt. eigenvalues --    0.63699   0.81742   0.83985   0.83985   0.94234
  Beta virt. eigenvalues --    1.33181   1.33181   1.65385   1.67908   1.67908
  Beta virt. eigenvalues --    1.85246   1.93326   2.22248   2.22248   2.27035
  Beta virt. eigenvalues --    2.27035   2.73439   2.75971   2.75971   3.00076
  Beta virt. eigenvalues --    3.00076   3.04148   3.20131   4.13879   4.13879
  Beta virt. eigenvalues --   25.08778
          Condensed to atoms (all electrons):
               1          2          3          4
     1  C    5.170015   0.403486   0.403486   0.403486
     2  H    0.403486   0.522176  -0.026244  -0.026244
     3  H    0.403486  -0.026244   0.522176  -0.026244
     4  H    0.403486  -0.026244  -0.026244   0.522176
          Atomic-Atomic Spin Densities.
               1          2          3          4
     1  C    1.322067  -0.010349  -0.010349  -0.010349
     2  H   -0.010349  -0.088118   0.000730   0.000730
     3  H   -0.010349   0.000730  -0.088118   0.000730
     4  H   -0.010349   0.000730   0.000730  -0.088118
 Mulliken charges and spin densities:
               1          2
     1  C   -0.380474   1.291021
     2  H    0.126825  -0.097007
     3  H    0.126825  -0.097007
     4  H    0.126825  -0.097007
 Sum of Mulliken charges =   0.00000   1.00000
 Mulliken charges and spin densities with hydrogens summed into heavy atoms:
               1          2
     1  C    0.000000   1.000000
 Electronic spatial extent (au):  <R**2>=             30.0487
 Charge=              0.0000 electrons
 Dipole moment (field-independent basis, Debye):
    X=              0.0000    Y=              0.0000    Z=              0.0000  Tot=              0.0000
 Quadrupole moment (field-independent basis, Debye-Ang):
   XX=             -7.2178   YY=             -7.2178   ZZ=             -9.0879
   XY=              0.0000   XZ=              0.0000   YZ=              0.0000
 Traceless Quadrupole moment (field-independent basis, Debye-Ang):
   XX=              0.6234   YY=              0.6234   ZZ=             -1.2467
   XY=              0.0000   XZ=              0.0000   YZ=              0.0000
 Octapole moment (field-independent basis, Debye-Ang**2):
  XXX=              0.0000  YYY=              0.9248  ZZZ=              0.0000  XYY=              0.0000
  XXY=             -0.9248  XXZ=              0.0000  XZZ=              0.0000  YZZ=              0.0000
  YYZ=              0.0000  XYZ=              0.0000
 Hexadecapole moment (field-independent basis, Debye-Ang**3):
 XXXX=            -14.6349 YYYY=            -14.6349 ZZZZ=            -11.4304 XXXY=              0.0000
 XXXZ=              0.0000 YYYX=              0.0000 YYYZ=              0.0000 ZZZX=              0.0000
 ZZZY=              0.0000 XXYY=             -4.8783 XXZZ=             -4.7492 YYZZ=             -4.7492
 XXYZ=              0.0000 YYXZ=              0.0000 ZZXY=              0.0000
 N-N= 9.643716840664D+00 E-N=-1.110217513533D+02  KE= 3.951626094265D+01
 Symmetry A1   KE= 3.648941123545D+01
 Symmetry A2   KE= 5.142682597398D-20
 Symmetry B1   KE= 1.932275430286D+00
 Symmetry B2   KE= 1.094574276912D+00

 Atomic contributions to Alpha molecular orbitals:
 Alpha occ 1 OE=-11.237 is C1-s=1.00
 Alpha occ 2 OE=-0.947 is C1-s=0.74 H4-s=0.08 H3-s=0.08 H2-s=0.08
 Alpha occ 3 OE=-0.580 is C1-p=0.55 H4-s=0.22 H3-s=0.22
 Alpha occ 4 OE=-0.580 is C1-p=0.55 H2-s=0.29 H3-s=0.07 H4-s=0.07
 Alpha occ 5 OE=-0.384 is C1-p=0.98
 Alpha vir 6 OE=0.081 is C1-s=1.63 H4-s=-0.21 H3-s=-0.21 H2-s=-0.21
 Alpha vir 7 OE=0.107 is C1-p=1.32 H4-s=-0.16 H3-s=-0.16
 Alpha vir 8 OE=0.107 is C1-p=1.32 H2-s=-0.21 H3-s=-0.05 H4-s=-0.05
 Alpha vir 9 OE=0.127 is C1-p=1.00
 Alpha vir 10 OE=0.265 is C1-s=-0.63 H3-s=0.54 H4-s=0.54 H2-s=0.54
 Alpha vir 11 OE=0.276 is H2-s=0.79 C1-p=-0.21 H4-s=0.20 H3-s=0.20
 Alpha vir 12 OE=0.276 is H4-s=0.59 H3-s=0.59 C1-p=-0.21
 Alpha vir 13 OE=0.542 is C1-p=0.51 H3-s=0.24 H4-s=0.24 C1-d=-0.02 H2-p=0.01
 Alpha vir 14 OE=0.542 is C1-p=0.51 H2-s=0.33 H3-s=0.08 H4-s=0.08 C1-d=-0.02 H4-p=0.01 H3-p=0.01
 Alpha vir 15 OE=0.601 is H2-s=0.34 H3-s=0.34 H4-s=0.34 C1-s=-0.01
 Alpha vir 16 OE=0.704 is C1-p=1.00
 Alpha vir 17 OE=0.824 is C1-p=0.81 H2-s=0.09 H3-s=0.02 H4-s=0.02 C1-d=0.02 H2-p=0.02
 Alpha vir 18 OE=0.824 is C1-p=0.81 H4-s=0.07 H3-s=0.07 C1-d=0.02 H4-p=0.01 H3-p=0.01
 Alpha vir 19 OE=0.908 is C1-s=1.16 H2-s=-0.09 H3-s=-0.09 H4-s=-0.09 H2-p=0.04 H4-p=0.04 H3-p=0.04
 Alpha vir 20 OE=1.271 is C1-d=0.49 H3-p=0.25 H4-p=0.25
 Alpha vir 21 OE=1.271 is C1-d=0.49 H2-p=0.34 H3-p=0.08 H4-p=0.08
 Alpha vir 22 OE=1.659 is H4-p=0.33 H3-p=0.33 H2-p=0.33
 Alpha vir 23 OE=1.674 is C1-d=0.41 H2-p=0.27 H4-p=0.12 H3-p=0.12 H3-s=0.06 H4-s=0.06 C1-p=-0.04
 Alpha vir 24 OE=1.674 is C1-d=0.41 H4-p=0.22 H3-p=0.22 H2-s=0.07 H2-p=0.07 C1-p=-0.04 H3-s=0.02 H4-s=0.02
 Alpha vir 25 OE=1.769 is C1-d=0.85 H2-s=0.03 H3-s=0.03 H4-s=0.03 H2-p=0.02 H3-p=0.02 H4-p=0.02 C1-s=-0.02
 Alpha vir 26 OE=1.920 is H2-p=0.33 H3-p=0.33 H4-p=0.33 C1-p=0.01
 Alpha vir 27 OE=2.223 is C1-d=0.28 H2-p=0.25 H4-s=0.18 H3-s=0.18 H4-p=0.03 H3-p=0.03 C1-p=0.03
 Alpha vir 28 OE=2.223 is C1-d=0.28 H2-s=0.24 H4-p=0.18 H3-p=0.18 H3-s=0.06 H4-s=0.06 H2-p=-0.04 C1-p=0.03
 Alpha vir 29 OE=2.231 is C1-d=0.51 H2-p=0.33 H4-p=0.08 H3-p=0.08
 Alpha vir 30 OE=2.231 is C1-d=0.51 H3-p=0.25 H4-p=0.25
 Alpha vir 31 OE=2.735 is H3-s=0.26 H4-s=0.26 H2-s=0.26 C1-s=0.10 C1-d=0.09 H2-p=0.01 H4-p=0.01 H3-p=0.01
 Alpha vir 32 OE=2.756 is H4-p=0.48 H3-p=0.48 C1-p=-0.13 H3-s=0.10 H4-s=0.10 C1-d=-0.07 H2-p=0.04
 Alpha vir 33 OE=2.756 is H2-p=0.62 H4-p=0.19 H3-p=0.19 H2-s=0.13 C1-p=-0.13 C1-d=-0.07 H4-s=0.03 H3-s=0.03
 Alpha vir 34 OE=2.993 is C1-p=0.43 C1-d=0.16 H3-s=0.15 H4-s=0.15 H2-p=0.07 H3-p=0.02 H4-p=0.02
 Alpha vir 35 OE=2.993 is C1-p=0.43 H2-s=0.20 C1-d=0.16 H4-p=0.05 H3-p=0.05 H3-s=0.05 H4-s=0.05
 Alpha vir 36 OE=3.034 is H2-p=0.26 H4-p=0.26 H3-p=0.26 H2-s=0.05 H4-s=0.05 H3-s=0.05 C1-s=0.04 C1-d=0.03
 Alpha vir 37 OE=3.118 is C1-p=1.00
 Alpha vir 38 OE=4.118 is C1-p=0.73 C1-d=0.19 H2-s=0.07 H2-p=-0.02 H4-s=0.02 H3-s=0.02
 Alpha vir 39 OE=4.118 is C1-p=0.73 C1-d=0.19 H3-s=0.05 H4-s=0.05 H3-p=-0.01 H4-p=-0.01
 Alpha vir 40 OE=25.072 is C1-s=0.99

 Atomic contributions to Beta  molecular orbitals:
 Beta  occ 1 OE=-11.213 is C1-s=1.00
 Beta  occ 2 OE=-0.856 is C1-s=0.57 H3-s=0.14 H4-s=0.14 H2-s=0.14
 Beta  occ 3 OE=-0.566 is C1-p=0.48 H4-s=0.25 H3-s=0.25
 Beta  occ 4 OE=-0.566 is C1-p=0.48 H2-s=0.34 H3-s=0.08 H4-s=0.08
 Beta  vir 5 OE=0.071 is C1-p=0.99
 Beta  vir 6 OE=0.088 is C1-s=1.64 H4-s=-0.21 H3-s=-0.21 H2-s=-0.21
 Beta  vir 7 OE=0.108 is C1-p=1.32 H2-s=-0.21 H3-s=-0.05 H4-s=-0.05
 Beta  vir 8 OE=0.108 is C1-p=1.32 H4-s=-0.16 H3-s=-0.16
 Beta  vir 9 OE=0.215 is C1-p=0.99
 Beta  vir 10 OE=0.281 is H2-s=0.76 H4-s=0.19 H3-s=0.19 C1-p=-0.17 H2-p=0.01
 Beta  vir 11 OE=0.281 is H3-s=0.57 H4-s=0.57 C1-p=-0.17
 Beta  vir 12 OE=0.284 is C1-s=-0.51 H2-s=0.50 H3-s=0.50 H4-s=0.50
 Beta  vir 13 OE=0.546 is C1-p=0.50 H3-s=0.25 H4-s=0.25 C1-d=-0.02 H2-p=0.01
 Beta  vir 14 OE=0.546 is C1-p=0.50 H2-s=0.33 H3-s=0.08 H4-s=0.08 C1-d=-0.02 H3-p=0.01 H4-p=0.01
 Beta  vir 15 OE=0.637 is H2-s=0.32 H4-s=0.32 H3-s=0.32 C1-s=0.06 C1-d=-0.01
 Beta  vir 16 OE=0.817 is C1-p=1.00
 Beta  vir 17 OE=0.840 is C1-p=0.83 H2-s=0.07 H2-p=0.02 C1-d=0.02 H4-s=0.02 H3-s=0.02 H4-p=0.01 H3-p=0.01
 Beta  vir 18 OE=0.840 is C1-p=0.83 H3-s=0.06 H4-s=0.06 C1-d=0.02 H4-p=0.02 H3-p=0.02
 Beta  vir 19 OE=0.942 is C1-s=1.14 H2-s=-0.09 H4-s=-0.09 H3-s=-0.09 H2-p=0.04 H4-p=0.04 H3-p=0.04
 Beta  vir 20 OE=1.332 is C1-d=0.44 H4-p=0.28 H3-p=0.28
 Beta  vir 21 OE=1.332 is C1-d=0.44 H2-p=0.37 H3-p=0.09 H4-p=0.09
 Beta  vir 22 OE=1.654 is H4-p=0.33 H3-p=0.33 H2-p=0.33
 Beta  vir 23 OE=1.679 is C1-d=0.40 H2-p=0.28 H4-p=0.12 H3-p=0.12 H3-s=0.05 H4-s=0.05 C1-p=-0.03
 Beta  vir 24 OE=1.679 is C1-d=0.40 H4-p=0.23 H3-p=0.23 H2-p=0.07 H2-s=0.07 C1-p=-0.03 H4-s=0.02 H3-s=0.02
 Beta  vir 25 OE=1.852 is C1-d=0.86 H3-s=0.04 H4-s=0.04 H2-s=0.04 C1-s=-0.03 H2-p=0.02 H4-p=0.02 H3-p=0.02
 Beta  vir 26 OE=1.933 is H2-p=0.32 H3-p=0.32 H4-p=0.32 C1-p=0.03
 Beta  vir 27 OE=2.222 is C1-d=0.29 H2-p=0.24 H3-s=0.19 H4-s=0.19 H3-p=0.03 H4-p=0.03 C1-p=0.03
 Beta  vir 28 OE=2.222 is C1-d=0.29 H2-s=0.25 H4-p=0.17 H3-p=0.17 H4-s=0.06 H3-s=0.06 H2-p=-0.04 C1-p=0.03
 Beta  vir 29 OE=2.270 is C1-d=0.56 H2-p=0.29 H4-p=0.07 H3-p=0.07
 Beta  vir 30 OE=2.270 is C1-d=0.56 H3-p=0.22 H4-p=0.22
 Beta  vir 31 OE=2.734 is H3-s=0.26 H4-s=0.26 H2-s=0.26 C1-d=0.11 C1-s=0.09 H2-p=0.01 H3-p=0.01 H4-p=0.01
 Beta  vir 32 OE=2.760 is H4-p=0.47 H3-p=0.47 C1-p=-0.13 H3-s=0.10 H4-s=0.10 C1-d=-0.07 H2-p=0.04
 Beta  vir 33 OE=2.760 is H2-p=0.62 H4-p=0.19 H3-p=0.19 H2-s=0.14 C1-p=-0.13 C1-d=-0.07 H4-s=0.03 H3-s=0.03
 Beta  vir 34 OE=3.001 is C1-p=0.43 C1-d=0.18 H3-s=0.14 H4-s=0.14 H2-p=0.07 H3-p=0.02 H4-p=0.02
 Beta  vir 35 OE=3.001 is C1-p=0.43 H2-s=0.19 C1-d=0.18 H4-p=0.05 H3-p=0.05 H3-s=0.05 H4-s=0.05
 Beta  vir 36 OE=3.041 is H2-p=0.26 H4-p=0.26 H3-p=0.26 H2-s=0.05 H4-s=0.05 H3-s=0.05 C1-s=0.04 C1-d=0.03
 Beta  vir 37 OE=3.201 is C1-p=1.00
 Beta  vir 38 OE=4.139 is C1-p=0.74 C1-d=0.20 H2-s=0.06 H2-p=-0.02 H3-s=0.02 H4-s=0.02
 Beta  vir 39 OE=4.139 is C1-p=0.74 C1-d=0.20 H3-s=0.05 H4-s=0.05 H3-p=-0.02 H4-p=-0.02
 Beta  vir 40 OE=25.088 is C1-s=0.99
 
 1\1\GINC-GAMBA\SP\UOVGF-FC\Gen\C1H3(2)\IRIKURA\17-May-2017\0\\# EPT(OV
 GF+P3,ReadOrbitals)/GEN gfinput geom=check guess=check scf=xqc pop(all
 ,thresh=1)\\BEB step 4: EPT B for ch3\\0,2\C,0,0.,-0.0000000011,0.\H,0
 ,0.000000002,-1.0827517802,0.\H,0,-0.9376905476,0.5413758867,0.\H,0,0.
 9376905457,0.5413758901,0.\\Version=ES64L-G09RevD.01\HF=-39.5734615\MP
 2=-39.7085043\PUHF=-39.5764085\PMP2-0=-39.7103991\S2=0.761343\S2-1=0.7
 53213\S2A=0.750071\RMSD=5.636e-09\PG=D03H [O(C1),3C2(H1)]\\@


 MICHAEL FARADAY, ASKED BY A POLITICIAN WHAT GOOD
 HIS ELECTRICAL DISCOVERIES WERE, REPLIED 
 "AT PRESENT I DO NOT KNOW, BUT ONE DAY YOU WILL BE
 ABLE TO TAX THEM."
 Job cpu time:       0 days  0 hours  0 minutes 21.5 seconds.
 File lengths (MBytes):  RWF=     20 Int=      0 D2E=      0 Chk=      1 Scr=      1
 Normal termination of Gaussian 09 at Wed May 17 12:59:48 2017.
