 Entering Gaussian System, Link 0=g09
 Initial command:
 /usr/local/apps/g09/l1.exe "/wrk/irikura/Gau-30911.inp" -scrdir="/wrk/irikura/"
 Entering Link 1 = /usr/local/apps/g09/l1.exe PID=     30913.
  
 Copyright (c) 1988,1990,1992,1993,1995,1998,2003,2009,2013,
            Gaussian, Inc.  All Rights Reserved.
  
 This is part of the Gaussian(R) 09 program.  It is based on
 the Gaussian(R) 03 system (copyright 2003, Gaussian, Inc.),
 the Gaussian(R) 98 system (copyright 1998, Gaussian, Inc.),
 the Gaussian(R) 94 system (copyright 1995, Gaussian, Inc.),
 the Gaussian 92(TM) system (copyright 1992, Gaussian, Inc.),
 the Gaussian 90(TM) system (copyright 1990, Gaussian, Inc.),
 the Gaussian 88(TM) system (copyright 1988, Gaussian, Inc.),
 the Gaussian 86(TM) system (copyright 1986, Carnegie Mellon
 University), and the Gaussian 82(TM) system (copyright 1983,
 Carnegie Mellon University). Gaussian is a federally registered
 trademark of Gaussian, Inc.
  
 This software contains proprietary and confidential information,
 including trade secrets, belonging to Gaussian, Inc.
  
 This software is provided under written license and may be
 used, copied, transmitted, or stored only in accord with that
 written license.
  
 The following legend is applicable only to US Government
 contracts under FAR:
  
                    RESTRICTED RIGHTS LEGEND
  
 Use, reproduction and disclosure by the US Government is
 subject to restrictions as set forth in subparagraphs (a)
 and (c) of the Commercial Computer Software - Restricted
 Rights clause in FAR 52.227-19.
  
 Gaussian, Inc.
 340 Quinnipiac St., Bldg. 40, Wallingford CT 06492
  
  
 ---------------------------------------------------------------
 Warning -- This program may not be used in any manner that
 competes with the business of Gaussian, Inc. or will provide
 assistance to any competitor of Gaussian, Inc.  The licensee
 of this program is prohibited from giving any competitor of
 Gaussian, Inc. access to this program.  By using this program,
 the user acknowledges that Gaussian, Inc. is engaged in the
 business of creating and licensing software in the field of
 computational chemistry and represents and warrants to the
 licensee that it is not a competitor of Gaussian, Inc. and that
 it will not use this program in any manner prohibited above.
 ---------------------------------------------------------------
  

 Cite this work as:
 Gaussian 09, Revision D.01,
 M. J. Frisch, G. W. Trucks, H. B. Schlegel, G. E. Scuseria, 
 M. A. Robb, J. R. Cheeseman, G. Scalmani, V. Barone, B. Mennucci, 
 G. A. Petersson, H. Nakatsuji, M. Caricato, X. Li, H. P. Hratchian, 
 A. F. Izmaylov, J. Bloino, G. Zheng, J. L. Sonnenberg, M. Hada, 
 M. Ehara, K. Toyota, R. Fukuda, J. Hasegawa, M. Ishida, T. Nakajima, 
 Y. Honda, O. Kitao, H. Nakai, T. Vreven, J. A. Montgomery, Jr., 
 J. E. Peralta, F. Ogliaro, M. Bearpark, J. J. Heyd, E. Brothers, 
 K. N. Kudin, V. N. Staroverov, T. Keith, R. Kobayashi, J. Normand, 
 K. Raghavachari, A. Rendell, J. C. Burant, S. S. Iyengar, J. Tomasi, 
 M. Cossi, N. Rega, J. M. Millam, M. Klene, J. E. Knox, J. B. Cross, 
 V. Bakken, C. Adamo, J. Jaramillo, R. Gomperts, R. E. Stratmann, 
 O. Yazyev, A. J. Austin, R. Cammi, C. Pomelli, J. W. Ochterski, 
 R. L. Martin, K. Morokuma, V. G. Zakrzewski, G. A. Voth, 
 P. Salvador, J. J. Dannenberg, S. Dapprich, A. D. Daniels, 
 O. Farkas, J. B. Foresman, J. V. Ortiz, J. Cioslowski, 
 and D. J. Fox, Gaussian, Inc., Wallingford CT, 2013.
 
 ******************************************
 Gaussian 09:  ES64L-G09RevD.01 24-Apr-2013
                17-May-2017 
 ******************************************
 %chk=h2s.chk
 %nprocs=4
 Will use up to    4 processors via shared memory.
 %mem=1000mw
 ----------------------------------------------------------------------
 # EPT(OVGF+P3,ReadOrbitals)/GEN gfinput geom=check guess=check scf=xqc
  pop(all,thresh=1)
 ----------------------------------------------------------------------
 1/29=2,38=1/1;
 2/12=2,40=1/2;
 3/5=7,11=9,14=-4,16=1,24=10,25=1,30=1,116=-2/1,2,3;
 4/5=1/1;
 5/5=2,8=3,13=1,38=6/2,8;
 8/6=4,9=120000,10=1/1,4;
 9/11=30100/8;
 6/7=2,8=2,9=2,10=2,87=-1,88=1/1;
 99/5=1,9=1/99;
 ---------------------------------------
 BEB step 5: cation EPT for VIE2 for h2s
 ---------------------------------------
 Structure from the checkpoint file:  "h2s.chk"
 Charge =  1 Multiplicity = 2
 Redundant internal coordinates found in file.
 S,0,0.,0.,-0.2002863446
 H,0,0.,-0.9771538186,0.7301933373
 H,0,0.,0.9771538186,0.7301933373
 Recover connectivity data from disk.
                          Input orientation:                          
 ---------------------------------------------------------------------
 Center     Atomic      Atomic             Coordinates (Angstroms)
 Number     Number       Type             X           Y           Z
 ---------------------------------------------------------------------
      1         16           0        0.000000    0.000000   -0.200286
      2          1           0        0.000000   -0.977154    0.730193
      3          1           0        0.000000    0.977154    0.730193
 ---------------------------------------------------------------------
                    Distance matrix (angstroms):
                    1          2          3
     1  S    0.000000
     2  H    1.349304   0.000000
     3  H    1.349304   1.954308   0.000000
 Stoichiometry    H2S(1+,2)
 Framework group  C2V[C2(S),SGV(H2)]
 Deg. of freedom     2
 Full point group                 C2V     NOp   4
 Largest Abelian subgroup         C2V     NOp   4
 Largest concise Abelian subgroup C2      NOp   2
                         Standard orientation:                         
 ---------------------------------------------------------------------
 Center     Atomic      Atomic             Coordinates (Angstroms)
 Number     Number       Type             X           Y           Z
 ---------------------------------------------------------------------
      1         16           0        0.000000    0.000000    0.103387
      2          1           0        0.000000    0.977154   -0.827093
      3          1           0        0.000000   -0.977154   -0.827093
 ---------------------------------------------------------------------
 Rotational constants (GHZ):    307.8502742    262.5887949    141.7119494
 General basis read from cards:  (5D, 7F)
 AO basis set in the form of general basis input (Overlap normalization):
      1 0
 S   6 1.00       0.000000000000
      0.9341340000D+05  0.7429999567D-03
      0.1396170000D+05  0.5792999662D-02
      0.3169910000D+04  0.2995399825D-01
      0.9024560000D+03  0.1190279931D+00
      0.2971580000D+03  0.3684319785D+00
      0.1087020000D+03  0.5772989663D+00
 S   3 1.00       0.000000000000
      0.1087020000D+03  0.1431860600D+00
      0.4315530000D+02  0.6244652619D+00
      0.1810790000D+02  0.2833661188D+00
 S   1 1.00       0.000000000000
      0.5560090000D+01  0.1000000000D+01
 S   1 1.00       0.000000000000
      0.2131830000D+01  0.1000000000D+01
 S   1 1.00       0.000000000000
      0.4204030000D+00  0.1000000000D+01
 S   1 1.00       0.000000000000
      0.1360450000D+00  0.1000000000D+01
 SP   1 1.00       0.000000000000
      0.4050000000D-01  0.1000000000D+01  0.1000000000D+01
 P   4 1.00       0.000000000000
      0.4950400000D+03  0.8309002513D-02
      0.1172210000D+03  0.6402401937D-01
      0.3777490000D+02  0.2776140840D+00
      0.1405840000D+02  0.7450762254D+00
 P   2 1.00       0.000000000000
      0.5565740000D+01  0.6137116720D+00
      0.2262970000D+01  0.4438177628D+00
 P   1 1.00       0.000000000000
      0.8079940000D+00  0.1000000000D+01
 P   1 1.00       0.000000000000
      0.2774600000D+00  0.1000000000D+01
 P   1 1.00       0.000000000000
      0.7714100000D-01  0.1000000000D+01
 D   1 1.00       0.000000000000
      0.6500000000D+00  0.1000000000D+01
 ****
      2 0
 S   3 1.00       0.000000000000
      0.3386500000D+02  0.2549381454D-01
      0.5094790000D+01  0.1903731086D+00
      0.1158790000D+01  0.8521614860D+00
 S   1 1.00       0.000000000000
      0.3258400000D+00  0.1000000000D+01
 S   1 1.00       0.000000000000
      0.1027410000D+00  0.1000000000D+01
 P   1 1.00       0.000000000000
      0.7500000000D+00  0.1000000000D+01
 ****
      3 0
 S   3 1.00       0.000000000000
      0.3386500000D+02  0.2549381454D-01
      0.5094790000D+01  0.1903731086D+00
      0.1158790000D+01  0.8521614860D+00
 S   1 1.00       0.000000000000
      0.3258400000D+00  0.1000000000D+01
 S   1 1.00       0.000000000000
      0.1027410000D+00  0.1000000000D+01
 P   1 1.00       0.000000000000
      0.7500000000D+00  0.1000000000D+01
 ****

 There are    21 symmetry adapted cartesian basis functions of A1  symmetry.
 There are     2 symmetry adapted cartesian basis functions of A2  symmetry.
 There are     8 symmetry adapted cartesian basis functions of B1  symmetry.
 There are    12 symmetry adapted cartesian basis functions of B2  symmetry.
 There are    20 symmetry adapted basis functions of A1  symmetry.
 There are     2 symmetry adapted basis functions of A2  symmetry.
 There are     8 symmetry adapted basis functions of B1  symmetry.
 There are    12 symmetry adapted basis functions of B2  symmetry.
    42 basis functions,    66 primitive gaussians,    43 cartesian basis functions
     9 alpha electrons        8 beta electrons
       nuclear repulsion energy        12.8207021715 Hartrees.
 NAtoms=    3 NActive=    3 NUniq=    2 SFac= 2.25D+00 NAtFMM=   60 NAOKFM=F Big=F
 Integral buffers will be    131072 words long.
 Raffenetti 2 integral format.
 Two-electron integral symmetry is turned on.
 One-electron integrals computed using PRISM.
 NBasis=    42 RedAO= T EigKep=  2.19D-02  NBF=    20     2     8    12
 NBsUse=    42 1.00D-06 EigRej= -1.00D+00 NBFU=    20     2     8    12
 Initial guess from the checkpoint file:  "h2s.chk"
 B after Tr=     0.000000    0.000000    0.000000
         Rot=    1.000000    0.000000    0.000000    0.000000 Ang=   0.00 deg.
 Initial guess orbital symmetries:
 Alpha Orbitals:
       Occupied  (A1) (A1) (B2) (A1) (B1) (A1) (B2) (A1) (B1)
       Virtual   (A1) (B2) (A1) (B1) (B2) (A1) (B2) (A1) (B1) (B2)
                 (A1) (A1) (A1) (A2) (B1) (A1) (B2) (B2) (A2) (B1)
                 (A1) (B2) (B1) (A1) (A1) (B2) (B2) (A1) (A1) (B1)
                 (A1) (B2) (A1)
 Beta  Orbitals:
       Occupied  (A1) (A1) (B2) (A1) (B1) (A1) (B2) (A1)
       Virtual   (B1) (A1) (B2) (A1) (B1) (B2) (A1) (B2) (A1) (B1)
                 (B2) (A1) (A1) (A1) (A2) (B1) (A1) (B2) (B2) (A2)
                 (B1) (A1) (B2) (B1) (A1) (A1) (B2) (B2) (A1) (A1)
                 (B1) (A1) (B2) (A1)
 Initial guess <Sx>= 0.0000 <Sy>= 0.0000 <Sz>= 0.5000 <S**2>= 0.7500 S= 0.5000
 Keep R1 and R2 ints in memory in symmetry-blocked form, NReq=1260481.
 Requested convergence on RMS density matrix=1.00D-08 within  64 cycles.
 Requested convergence on MAX density matrix=1.00D-06.
 Requested convergence on             energy=1.00D-06.
 No special actions if energy rises.
 SCF Done:  E(UHF) =  -398.362504607     A.U. after   12 cycles
            NFock= 12  Conv=0.61D-08     -V/T= 2.0000
 <Sx>= 0.0000 <Sy>= 0.0000 <Sz>= 0.5000 <S**2>= 0.7615 S= 0.5057
 <L.S>= 0.000000000000E+00
 Annihilation of the first spin contaminant:
 S**2 before annihilation     0.7615,   after     0.7501
 QCSCF skips out because SCF is already converged.
 ExpMin= 4.05D-02 ExpMax= 9.34D+04 ExpMxC= 3.17D+03 IAcc=3 IRadAn=         5 AccDes= 0.00D+00
 HarFok:  IExCor=  205 AccDes= 0.00D+00 IRadAn=         5 IDoV=-2 UseB2=F ITyADJ=14
 ICtDFT= 12500011 ScaDFX=  1.000000  1.000000  1.000000  1.000000
 Range of M.O.s used for correlation:     6    42
 NBasis=    42 NAE=     9 NBE=     8 NFC=     5 NFV=     0
 NROrb=     37 NOA=     4 NOB=     3 NVA=    33 NVB=    34
 Semi-Direct transformation.
 ModeAB=           4 MOrb=             4 LenV=    1048379508
 LASXX=        24352 LTotXX=       24352 LenRXX=       51643
 LTotAB=       27291 MaxLAS=      113368 LenRXY=           0
 NonZer=       75995 LenScr=      785920 LnRSAI=      113368
 LnScr1=      785920 LExtra=           0 Total=      1736851
 MaxDsk=          -1 SrtSym=           T ITran=            4
 JobTyp=1 Pass  1:  I=   1 to   4.
 (rs|ai) integrals will be sorted in core.
 ModeAB=           4 MOrb=             3 LenV=    1048379508
 LASXX=        19536 LTotXX=       19536 LenRXX=       37036
 LTotAB=       17500 MaxLAS=       85026 LenRXY=           0
 NonZer=       56572 LenScr=      785920 LnRSAI=       85026
 LnScr1=      785920 LExtra=           0 Total=      1693902
 MaxDsk=          -1 SrtSym=           T ITran=            4
 JobTyp=2 Pass  1:  I=   1 to   3.
 (rs|ai) integrals will be sorted in core.
 Spin components of T(2) and E(2):
     alpha-alpha T2 =       0.5924110091D-02 E2=     -0.1598689789D-01
     alpha-beta  T2 =       0.3540579923D-01 E2=     -0.9605687526D-01
     beta-beta   T2 =       0.2405789006D-02 E2=     -0.6455619043D-02
 ANorm=    0.1021633838D+01
 E2 =    -0.1184993922D+00 EUMP2 =    -0.39848100399907D+03
 (S**2,0)=  0.76150D+00           (S**2,1)=  0.75211D+00
 E(PUHF)=      -0.39836570124D+03        E(PMP2)=      -0.39848289845D+03
 GREENY: Electron Propagator Program
 FoFJK:  IHMeth= 0 ICntrl=     200 DoSepK=F KAlg= 0 I1Cent=   0 FoldK=F
 IRaf= 990000000 NMat=   1 IRICut=       1 DoRegI=T DoRafI=F ISym2E=-1.
 FoFCou: FMM=F IPFlag=           0 FMFlag=           0 FMFlg1=           0
         NFxFlg=           0 DoJE=F BraDBF=F KetDBF=F FulRan=T
         wScrn=  0.000000 ICntrl=     200 IOpCl=  1 I1Cent=           0 NGrid=           0
         NMat0=    1 NMatS0=      1 NMatT0=    0 NMatD0=    1 NMtDS0=    0 NMtDT0=    0
 Petite list used in FoFCou.

 Summary of results for alpha spin-orbital   4  OVGF: 
 Koopmans theorem:            -0.80562D+00 au  -21.922 eV
 Converged second order pole: -0.77678D+00 au  -21.137 eV  0.945 (PS)
 Converged third  order pole: -0.77641D+00 au  -21.127 eV  0.936 (PS)
 Outer Valence Approximation: -0.77654D+00 au  -21.131 eV  0.935 (PS)

 Summary of results for alpha spin-orbital   4    P3: 
 Koopmans theorem:            -0.80562D+00 au  -21.922 eV
 Converged second order pole: -0.77678D+00 au  -21.137 eV  0.945 (PS)
 Converged 3rd order P3 pole: -0.77253D+00 au  -21.022 eV  0.935 (PS)

 Summary of results for beta  spin-orbital   3  OVGF: 
 Koopmans theorem:            -0.81660D+00 au  -22.221 eV
 Converged second order pole: -0.80123D+00 au  -21.803 eV  0.942 (PS)
 Converged third  order pole: -0.80485D+00 au  -21.901 eV  0.935 (PS)
 Outer Valence Approximation: -0.80541D+00 au  -21.916 eV  0.933 (PS)

 Summary of results for beta  spin-orbital   3    P3: 
 Koopmans theorem:            -0.81660D+00 au  -22.221 eV
 Converged second order pole: -0.80123D+00 au  -21.803 eV  0.942 (PS)
 Converged 3rd order P3 pole: -0.79912D+00 au  -21.745 eV  0.937 (PS)

 **********************************************************************

            Population analysis using the SCF density.

 **********************************************************************

 Orbital symmetries:
 Alpha Orbitals:
       Occupied  (A1) (A1) (B1) (B2) (A1) (A1) (B2) (A1) (B1)
       Virtual   (A1) (B2) (B2) (B1) (A1) (A1) (B2) (A1) (B1) (B2)
                 (A1) (A1) (A1) (A2) (B1) (A1) (B2) (B2) (A2) (B1)
                 (A1) (B1) (B2) (A1) (A1) (B2) (B2) (A1) (A1) (B1)
                 (A1) (B2) (A1)
 Beta  Orbitals:
       Occupied  (A1) (A1) (B2) (A1) (B1) (A1) (B2) (A1)
       Virtual   (B1) (A1) (B2) (B2) (A1) (B1) (A1) (B2) (A1) (B2)
                 (B1) (A1) (A1) (A1) (A2) (B1) (A1) (B2) (B2) (A2)
                 (B1) (A1) (B2) (B1) (A1) (A1) (B2) (B2) (A1) (A1)
                 (B1) (A1) (B2) (A1)
 The electronic state is 2-B1.
 Alpha  occ. eigenvalues --  -92.36567  -9.36449  -7.06172  -7.04218  -7.04054
 Alpha  occ. eigenvalues --   -1.36776  -0.92214  -0.84301  -0.80562
 Alpha virt. eigenvalues --   -0.13598  -0.12557  -0.07277  -0.06802  -0.06512
 Alpha virt. eigenvalues --   -0.04441   0.16912   0.18176   0.18818   0.22436
 Alpha virt. eigenvalues --    0.28710   0.46329   0.52944   0.54395   0.56188
 Alpha virt. eigenvalues --    0.80347   0.89492   1.31095   1.36238   1.42240
 Alpha virt. eigenvalues --    1.45977   1.61691   1.63812   1.69049   2.03926
 Alpha virt. eigenvalues --    2.17982   2.55269   2.56724   8.08493  17.96411
 Alpha virt. eigenvalues --   18.03183  18.03356 191.92051
  Beta  occ. eigenvalues --  -92.35417  -9.35297  -7.03472  -7.03467  -7.01526
  Beta  occ. eigenvalues --   -1.27392  -0.91126  -0.81660
  Beta virt. eigenvalues --   -0.30163  -0.12751  -0.11905  -0.07203  -0.06406
  Beta virt. eigenvalues --   -0.05422  -0.01811   0.17193   0.18905   0.22910
  Beta virt. eigenvalues --    0.23293   0.31119   0.48559   0.54068   0.63055
  Beta virt. eigenvalues --    0.64762   0.88243   0.90057   1.30758   1.37554
  Beta virt. eigenvalues --    1.44538   1.46247   1.64918   1.68071   1.69826
  Beta virt. eigenvalues --    2.04202   2.18241   2.55138   2.56627   8.10282
  Beta virt. eigenvalues --   18.00543  18.03678  18.03996 191.92710
          Condensed to atoms (all electrons):
               1          2          3
     1  S   14.743508   0.300918   0.300918
     2  H    0.300918   0.537730  -0.011321
     3  H    0.300918  -0.011321   0.537730
          Atomic-Atomic Spin Densities.
               1          2          3
     1  S    1.184464  -0.029210  -0.029210
     2  H   -0.029210  -0.038480   0.004668
     3  H   -0.029210   0.004668  -0.038480
 Mulliken charges and spin densities:
               1          2
     1  S    0.654655   1.126045
     2  H    0.172673  -0.063022
     3  H    0.172673  -0.063022
 Sum of Mulliken charges =   1.00000   1.00000
 Mulliken charges and spin densities with hydrogens summed into heavy atoms:
               1          2
     1  S    1.000000   1.000000
 Electronic spatial extent (au):  <R**2>=             34.7126
 Charge=              1.0000 electrons
 Dipole moment (field-independent basis, Debye):
    X=              0.0000    Y=              0.0000    Z=             -1.6527  Tot=              1.6527
 Quadrupole moment (field-independent basis, Debye-Ang):
   XX=            -11.0644   YY=             -8.7990   ZZ=            -10.2608
   XY=              0.0000   XZ=              0.0000   YZ=              0.0000
 Traceless Quadrupole moment (field-independent basis, Debye-Ang):
   XX=             -1.0230   YY=              1.2423   ZZ=             -0.2194
   XY=              0.0000   XZ=              0.0000   YZ=              0.0000
 Octapole moment (field-independent basis, Debye-Ang**2):
  XXX=              0.0000  YYY=              0.0000  ZZZ=             -2.4676  XYY=              0.0000
  XXY=              0.0000  XXZ=             -0.2510  XZZ=              0.0000  YZZ=              0.0000
  YYZ=             -2.2812  XYZ=              0.0000
 Hexadecapole moment (field-independent basis, Debye-Ang**3):
 XXXX=            -11.0234 YYYY=            -14.3880 ZZZZ=            -16.6516 XXXY=              0.0000
 XXXZ=              0.0000 YYYX=              0.0000 YYYZ=              0.0000 ZZZX=              0.0000
 ZZZY=              0.0000 XXYY=             -4.7964 XXZZ=             -4.9349 YYZZ=             -3.5010
 XXYZ=              0.0000 YYXZ=              0.0000 ZZXY=              0.0000
 N-N= 1.282070217148D+01 E-N=-9.681230380447D+02  KE= 3.983633074783D+02
 Symmetry A1   KE= 3.230985252513D+02
 Symmetry A2   KE= 2.992693327201D-34
 Symmetry B1   KE= 3.717608263409D+01
 Symmetry B2   KE= 3.808869959290D+01

 Atomic contributions to Alpha molecular orbitals:
 Alpha occ 1 OE=-92.366 is S1-s=1.00
 Alpha occ 2 OE=-9.364 is S1-s=1.00
 Alpha occ 3 OE=-7.062 is S1-p=1.00
 Alpha occ 4 OE=-7.042 is S1-p=1.00
 Alpha occ 5 OE=-7.041 is S1-p=1.00
 Alpha occ 6 OE=-1.368 is S1-s=0.86 H2-s=0.05 H3-s=0.05 S1-p=0.02
 Alpha occ 7 OE=-0.922 is S1-p=0.55 H3-s=0.21 H2-s=0.21 S1-d=0.02
 Alpha occ 8 OE=-0.843 is S1-p=0.66 S1-s=0.11 H2-s=0.11 H3-s=0.11
 Alpha occ 9 OE=-0.806 is S1-p=0.99
 Alpha vir 10 OE=-0.136 is S1-s=0.63 H3-s=0.13 H2-s=0.13 S1-p=0.09
 Alpha vir 11 OE=-0.126 is S1-p=0.40 H3-s=0.27 H2-s=0.27 S1-d=0.06
 Alpha vir 12 OE=-0.073 is S1-p=1.01 H2-s=-0.01 H3-s=-0.01
 Alpha vir 13 OE=-0.068 is S1-p=1.00
 Alpha vir 14 OE=-0.065 is S1-p=0.82 S1-s=0.14 H2-s=0.02 H3-s=0.02
 Alpha vir 15 OE=-0.044 is S1-p=0.36 S1-s=0.33 H3-s=0.13 H2-s=0.13 S1-d=0.06
 Alpha vir 16 OE=0.169 is S1-p=0.58 H3-s=0.19 H2-s=0.19 S1-d=0.03
 Alpha vir 17 OE=0.182 is S1-p=0.92 H2-s=0.02 H3-s=0.02 S1-d=0.02 S1-s=0.02
 Alpha vir 18 OE=0.188 is S1-p=1.00
 Alpha vir 19 OE=0.224 is S1-p=0.43 H3-s=0.27 H2-s=0.27 S1-d=0.04
 Alpha vir 20 OE=0.287 is H3-s=0.52 H2-s=0.52 S1-s=-0.29 S1-p=0.15 S1-d=0.10
 Alpha vir 21 OE=0.463 is S1-s=1.09 S1-p=-0.06 H2-s=-0.03 H3-s=-0.03 H2-p=0.01 H3-p=0.01
 Alpha vir 22 OE=0.529 is S1-d=0.76 H2-p=0.11 H3-p=0.11
 Alpha vir 23 OE=0.544 is S1-d=0.85 H2-p=0.08 H3-p=0.08
 Alpha vir 24 OE=0.562 is S1-d=0.87 H2-p=0.06 H3-p=0.06
 Alpha vir 25 OE=0.803 is S1-d=0.72 H2-s=0.07 H3-s=0.07 S1-s=0.06 H2-p=0.03 H3-p=0.03 S1-p=0.01
 Alpha vir 26 OE=0.895 is S1-d=0.61 H3-p=0.10 H2-p=0.10 H3-s=0.07 H2-s=0.07 S1-p=0.03
 Alpha vir 27 OE=1.311 is H3-p=0.46 H2-p=0.46 S1-p=0.07
 Alpha vir 28 OE=1.362 is H3-p=0.42 H2-p=0.42 S1-d=0.15
 Alpha vir 29 OE=1.422 is H2-p=0.36 H3-p=0.36 S1-p=0.18 S1-d=0.10
 Alpha vir 30 OE=1.460 is H3-p=0.28 H2-p=0.28 S1-p=0.26 S1-d=0.18
 Alpha vir 31 OE=1.617 is S1-p=0.83 H2-p=0.08 H3-p=0.08 S1-d=0.02
 Alpha vir 32 OE=1.638 is S1-p=0.91 S1-d=0.03 H3-p=0.02 H2-p=0.02
 Alpha vir 33 OE=1.690 is S1-p=0.76 H3-p=0.09 H2-p=0.09 S1-d=0.07
 Alpha vir 34 OE=2.039 is H2-p=0.34 H3-p=0.34 H3-s=0.09 H2-s=0.09 S1-d=0.07 S1-s=0.05 S1-p=0.03
 Alpha vir 35 OE=2.180 is H3-p=0.28 H2-p=0.28 S1-d=0.20 H3-s=0.11 H2-s=0.11 S1-p=0.02
 Alpha vir 36 OE=2.553 is H2-s=0.38 H3-s=0.38 H3-p=0.13 H2-p=0.13 S1-p=-0.01
 Alpha vir 37 OE=2.567 is H2-s=0.39 H3-s=0.39 H3-p=0.12 H2-p=0.12 S1-p=-0.03
 Alpha vir 38 OE=8.085 is S1-s=1.00
 Alpha vir 39 OE=17.964 is S1-p=1.00
 Alpha vir 40 OE=18.032 is S1-p=1.00
 Alpha vir 41 OE=18.034 is S1-p=1.00
 Alpha vir 42 OE=191.921 is S1-s=1.00

 Atomic contributions to Beta  molecular orbitals:
 Beta  occ 1 OE=-92.354 is S1-s=1.00
 Beta  occ 2 OE=-9.353 is S1-s=1.00
 Beta  occ 3 OE=-7.035 is S1-p=1.00
 Beta  occ 4 OE=-7.035 is S1-p=1.00
 Beta  occ 5 OE=-7.015 is S1-p=1.00
 Beta  occ 6 OE=-1.274 is S1-s=0.74 H2-s=0.11 H3-s=0.11 S1-p=0.02
 Beta  occ 7 OE=-0.911 is S1-p=0.50 H3-s=0.23 H2-s=0.23 S1-d=0.02
 Beta  occ 8 OE=-0.817 is S1-p=0.67 S1-s=0.15 H2-s=0.09 H3-s=0.09
 Beta  vir 9 OE=-0.302 is S1-p=0.99
 Beta  vir 10 OE=-0.128 is S1-s=0.76 S1-p=0.10 H3-s=0.07 H2-s=0.07
 Beta  vir 11 OE=-0.119 is S1-p=0.47 H3-s=0.24 H2-s=0.24 S1-d=0.06
 Beta  vir 12 OE=-0.072 is S1-p=0.99
 Beta  vir 13 OE=-0.064 is S1-p=0.82 S1-s=0.14 H2-s=0.02 H3-s=0.02
 Beta  vir 14 OE=-0.054 is S1-p=1.00
 Beta  vir 15 OE=-0.018 is S1-p=0.30 S1-s=0.30 H2-s=0.19 H3-s=0.19 S1-d=0.03
 Beta  vir 16 OE=0.172 is S1-p=0.51 H2-s=0.22 H3-s=0.22 S1-d=0.03
 Beta  vir 17 OE=0.189 is S1-p=1.00 H2-s=-0.01 H3-s=-0.01
 Beta  vir 18 OE=0.229 is S1-p=0.50 H3-s=0.24 H2-s=0.24 S1-d=0.03
 Beta  vir 19 OE=0.233 is S1-p=1.00
 Beta  vir 20 OE=0.311 is H2-s=0.58 H3-s=0.58 S1-s=-0.33 S1-p=0.09 S1-d=0.07
 Beta  vir 21 OE=0.486 is S1-s=1.14 H3-s=-0.06 H2-s=-0.06 S1-p=-0.05 H2-p=0.01 H3-p=0.01
 Beta  vir 22 OE=0.541 is S1-d=0.76 H2-p=0.12 H3-p=0.12
 Beta  vir 23 OE=0.631 is S1-d=0.82 H2-p=0.09 H3-p=0.09
 Beta  vir 24 OE=0.648 is S1-d=0.85 H2-p=0.07 H3-p=0.07
 Beta  vir 25 OE=0.882 is S1-d=0.77 S1-s=0.05 H3-s=0.05 H2-s=0.05 H2-p=0.04 H3-p=0.04 S1-p=0.01
 Beta  vir 26 OE=0.901 is S1-d=0.61 H2-p=0.11 H3-p=0.11 H2-s=0.07 H3-s=0.07 S1-p=0.03
 Beta  vir 27 OE=1.308 is H3-p=0.47 H2-p=0.47 S1-p=0.07
 Beta  vir 28 OE=1.376 is H3-p=0.41 H2-p=0.41 S1-d=0.18
 Beta  vir 29 OE=1.445 is H2-p=0.38 H3-p=0.38 S1-d=0.13 S1-p=0.11
 Beta  vir 30 OE=1.462 is H3-p=0.28 H2-p=0.28 S1-p=0.24 S1-d=0.19
 Beta  vir 31 OE=1.649 is S1-p=0.91 S1-d=0.03 H3-p=0.02 H2-p=0.02 H3-s=0.01 H2-s=0.01
 Beta  vir 32 OE=1.681 is S1-p=0.90 H2-p=0.04 H3-p=0.04 S1-d=0.01
 Beta  vir 33 OE=1.698 is S1-p=0.77 H2-p=0.08 H3-p=0.08 S1-d=0.07
 Beta  vir 34 OE=2.042 is H3-p=0.33 H2-p=0.33 H3-s=0.09 H2-s=0.09 S1-d=0.08 S1-s=0.04 S1-p=0.04
 Beta  vir 35 OE=2.182 is H2-p=0.27 H3-p=0.27 S1-d=0.20 H2-s=0.12 H3-s=0.12 S1-p=0.03
 Beta  vir 36 OE=2.551 is H2-s=0.37 H3-s=0.37 H2-p=0.13 H3-p=0.13 S1-p=-0.01
 Beta  vir 37 OE=2.566 is H2-s=0.39 H3-s=0.39 H3-p=0.12 H2-p=0.12 S1-p=-0.03 S1-d=0.01
 Beta  vir 38 OE=8.103 is S1-s=1.00
 Beta  vir 39 OE=18.005 is S1-p=1.00
 Beta  vir 40 OE=18.037 is S1-p=1.00
 Beta  vir 41 OE=18.040 is S1-p=1.00
 Beta  vir 42 OE=191.927 is S1-s=1.00
 
 1\1\GINC-GAMBA\SP\UOVGF-FC\Gen\H2S1(1+,2)\IRIKURA\17-May-2017\0\\# EPT
 (OVGF+P3,ReadOrbitals)/GEN gfinput geom=check guess=check scf=xqc pop(
 all,thresh=1)\\BEB step 5: cation EPT for VIE2 for h2s\\1,2\S,0,0.,0.,
 -0.2002863446\H,0,0.,-0.9771538186,0.7301933373\H,0,0.,0.9771538186,0.
 7301933373\\Version=ES64L-G09RevD.01\State=2-B1\HF=-398.3625046\MP2=-3
 98.481004\PUHF=-398.3657012\PMP2-0=-398.4828984\S2=0.761497\S2-1=0.752
 105\S2A=0.750051\RMSD=6.108e-09\PG=C02V [C2(S1),SGV(H2)]\\@


 WE SHOULD BE CAREFUL TO GET OUT OF AN EXPERIENCE ONLY THE WISDOM
 THAT IS IN IT -- AND STOP THERE;
 LEST WE BE LIKE THE CAT THAT SITS DOWN ON A HOT STOVE-LID.
 SHE WILL NEVER SIT DOWN ON A HOT STOVE LID AGAIN;
 BUT ALSO SHE WILL NEVER SIT DOWN ON A COLD ONE ANY MORE.

                                                     -- MARK TWAIN
 Job cpu time:       0 days  0 hours  0 minutes 17.2 seconds.
 File lengths (MBytes):  RWF=     20 Int=      0 D2E=      0 Chk=      1 Scr=      1
 Normal termination of Gaussian 09 at Wed May 17 13:40:22 2017.
