 Entering Gaussian System, Link 0=g09
 Initial command:
 /usr/local/apps/g09/l1.exe "/wrk/irikura/Gau-659.inp" -scrdir="/wrk/irikura/"
 Entering Link 1 = /usr/local/apps/g09/l1.exe PID=       661.
  
 Copyright (c) 1988,1990,1992,1993,1995,1998,2003,2009,2013,
            Gaussian, Inc.  All Rights Reserved.
  
 This is part of the Gaussian(R) 09 program.  It is based on
 the Gaussian(R) 03 system (copyright 2003, Gaussian, Inc.),
 the Gaussian(R) 98 system (copyright 1998, Gaussian, Inc.),
 the Gaussian(R) 94 system (copyright 1995, Gaussian, Inc.),
 the Gaussian 92(TM) system (copyright 1992, Gaussian, Inc.),
 the Gaussian 90(TM) system (copyright 1990, Gaussian, Inc.),
 the Gaussian 88(TM) system (copyright 1988, Gaussian, Inc.),
 the Gaussian 86(TM) system (copyright 1986, Carnegie Mellon
 University), and the Gaussian 82(TM) system (copyright 1983,
 Carnegie Mellon University). Gaussian is a federally registered
 trademark of Gaussian, Inc.
  
 This software contains proprietary and confidential information,
 including trade secrets, belonging to Gaussian, Inc.
  
 This software is provided under written license and may be
 used, copied, transmitted, or stored only in accord with that
 written license.
  
 The following legend is applicable only to US Government
 contracts under FAR:
  
                    RESTRICTED RIGHTS LEGEND
  
 Use, reproduction and disclosure by the US Government is
 subject to restrictions as set forth in subparagraphs (a)
 and (c) of the Commercial Computer Software - Restricted
 Rights clause in FAR 52.227-19.
  
 Gaussian, Inc.
 340 Quinnipiac St., Bldg. 40, Wallingford CT 06492
  
  
 ---------------------------------------------------------------
 Warning -- This program may not be used in any manner that
 competes with the business of Gaussian, Inc. or will provide
 assistance to any competitor of Gaussian, Inc.  The licensee
 of this program is prohibited from giving any competitor of
 Gaussian, Inc. access to this program.  By using this program,
 the user acknowledges that Gaussian, Inc. is engaged in the
 business of creating and licensing software in the field of
 computational chemistry and represents and warrants to the
 licensee that it is not a competitor of Gaussian, Inc. and that
 it will not use this program in any manner prohibited above.
 ---------------------------------------------------------------
  

 Cite this work as:
 Gaussian 09, Revision D.01,
 M. J. Frisch, G. W. Trucks, H. B. Schlegel, G. E. Scuseria, 
 M. A. Robb, J. R. Cheeseman, G. Scalmani, V. Barone, B. Mennucci, 
 G. A. Petersson, H. Nakatsuji, M. Caricato, X. Li, H. P. Hratchian, 
 A. F. Izmaylov, J. Bloino, G. Zheng, J. L. Sonnenberg, M. Hada, 
 M. Ehara, K. Toyota, R. Fukuda, J. Hasegawa, M. Ishida, T. Nakajima, 
 Y. Honda, O. Kitao, H. Nakai, T. Vreven, J. A. Montgomery, Jr., 
 J. E. Peralta, F. Ogliaro, M. Bearpark, J. J. Heyd, E. Brothers, 
 K. N. Kudin, V. N. Staroverov, T. Keith, R. Kobayashi, J. Normand, 
 K. Raghavachari, A. Rendell, J. C. Burant, S. S. Iyengar, J. Tomasi, 
 M. Cossi, N. Rega, J. M. Millam, M. Klene, J. E. Knox, J. B. Cross, 
 V. Bakken, C. Adamo, J. Jaramillo, R. Gomperts, R. E. Stratmann, 
 O. Yazyev, A. J. Austin, R. Cammi, C. Pomelli, J. W. Ochterski, 
 R. L. Martin, K. Morokuma, V. G. Zakrzewski, G. A. Voth, 
 P. Salvador, J. J. Dannenberg, S. Dapprich, A. D. Daniels, 
 O. Farkas, J. B. Foresman, J. V. Ortiz, J. Cioslowski, 
 and D. J. Fox, Gaussian, Inc., Wallingford CT, 2013.
 
 ******************************************
 Gaussian 09:  ES64L-G09RevD.01 24-Apr-2013
                17-May-2017 
 ******************************************
 %chk=o2.chk
 %nprocs=4
 Will use up to    4 processors via shared memory.
 %mem=1000mw
 ----------------------------------------------------------------------
 # EPT(OVGF+P3,ReadOrbitals)/GEN gfinput geom=check guess=check scf=xqc
  pop(all,thresh=1)
 ----------------------------------------------------------------------
 1/29=2,38=1/1;
 2/12=2,40=1/2;
 3/5=7,11=9,14=-4,16=1,24=10,25=1,30=1,116=-2/1,2,3;
 4/5=1/1;
 5/5=2,8=3,13=1,38=6/2,8;
 8/6=4,9=120000,10=1/1,4;
 9/11=30100/8;
 6/7=2,8=2,9=2,10=2,87=-1,88=1/1;
 99/5=1,9=1/99;
 --------------------------------------
 BEB step 5: cation EPT for VIE2 for o2
 --------------------------------------
 Structure from the checkpoint file:  "o2.chk"
 Charge =  1 Multiplicity = 2
 Redundant internal coordinates found in file.
 O,0,-2.024167039,1.50180939,0.
 O,0,-3.238759921,1.50180939,0.
 Recover connectivity data from disk.
                          Input orientation:                          
 ---------------------------------------------------------------------
 Center     Atomic      Atomic             Coordinates (Angstroms)
 Number     Number       Type             X           Y           Z
 ---------------------------------------------------------------------
      1          8           0       -2.024167    1.501809    0.000000
      2          8           0       -3.238760    1.501809    0.000000
 ---------------------------------------------------------------------
 Stoichiometry    O2(1+,2)
 Framework group  D*H[C*(O.O)]
 Deg. of freedom     1
 Full point group                 D*H     NOp   8
 Largest Abelian subgroup         D2H     NOp   8
 Largest concise Abelian subgroup C2      NOp   2
                         Standard orientation:                         
 ---------------------------------------------------------------------
 Center     Atomic      Atomic             Coordinates (Angstroms)
 Number     Number       Type             X           Y           Z
 ---------------------------------------------------------------------
      1          8           0        0.000000    0.000000    0.607296
      2          8           0        0.000000    0.000000   -0.607296
 ---------------------------------------------------------------------
 Rotational constants (GHZ):      0.0000000     42.8354962     42.8354962
 General basis read from cards:  (5D, 7F)
 AO basis set in the form of general basis input (Overlap normalization):
      1 0
 S   6 1.00       0.000000000000
      0.8588500000D+04  0.1895150083D-02
      0.1297230000D+04  0.1438590063D-01
      0.2992960000D+03  0.7073200310D-01
      0.8737710000D+02  0.2400010105D+00
      0.2567890000D+02  0.5947970261D+00
      0.3740040000D+01  0.2808020123D+00
 SP   3 1.00       0.000000000000
      0.4211750000D+02  0.1138890124D+00  0.3651139738D-01
      0.9628370000D+01  0.9208111006D+00  0.2371529830D+00
      0.2853320000D+01 -0.3274470358D-02  0.8197019412D+00
 SP   1 1.00       0.000000000000
      0.9056610000D+00  0.1000000000D+01  0.1000000000D+01
 SP   1 1.00       0.000000000000
      0.2556110000D+00  0.1000000000D+01  0.1000000000D+01
 SP   1 1.00       0.000000000000
      0.8450000000D-01  0.1000000000D+01  0.1000000000D+01
 D   1 1.00       0.000000000000
      0.1292000000D+01  0.1000000000D+01
 ****
      2 0
 S   6 1.00       0.000000000000
      0.8588500000D+04  0.1895150083D-02
      0.1297230000D+04  0.1438590063D-01
      0.2992960000D+03  0.7073200310D-01
      0.8737710000D+02  0.2400010105D+00
      0.2567890000D+02  0.5947970261D+00
      0.3740040000D+01  0.2808020123D+00
 SP   3 1.00       0.000000000000
      0.4211750000D+02  0.1138890124D+00  0.3651139738D-01
      0.9628370000D+01  0.9208111006D+00  0.2371529830D+00
      0.2853320000D+01 -0.3274470358D-02  0.8197019412D+00
 SP   1 1.00       0.000000000000
      0.9056610000D+00  0.1000000000D+01  0.1000000000D+01
 SP   1 1.00       0.000000000000
      0.2556110000D+00  0.1000000000D+01  0.1000000000D+01
 SP   1 1.00       0.000000000000
      0.8450000000D-01  0.1000000000D+01  0.1000000000D+01
 D   1 1.00       0.000000000000
      0.1292000000D+01  0.1000000000D+01
 ****

 There are    12 symmetry adapted cartesian basis functions of AG  symmetry.
 There are     1 symmetry adapted cartesian basis functions of B1G symmetry.
 There are     5 symmetry adapted cartesian basis functions of B2G symmetry.
 There are     5 symmetry adapted cartesian basis functions of B3G symmetry.
 There are     1 symmetry adapted cartesian basis functions of AU  symmetry.
 There are    12 symmetry adapted cartesian basis functions of B1U symmetry.
 There are     5 symmetry adapted cartesian basis functions of B2U symmetry.
 There are     5 symmetry adapted cartesian basis functions of B3U symmetry.
 There are    11 symmetry adapted basis functions of AG  symmetry.
 There are     1 symmetry adapted basis functions of B1G symmetry.
 There are     5 symmetry adapted basis functions of B2G symmetry.
 There are     5 symmetry adapted basis functions of B3G symmetry.
 There are     1 symmetry adapted basis functions of AU  symmetry.
 There are    11 symmetry adapted basis functions of B1U symmetry.
 There are     5 symmetry adapted basis functions of B2U symmetry.
 There are     5 symmetry adapted basis functions of B3U symmetry.
    44 basis functions,    72 primitive gaussians,    46 cartesian basis functions
     8 alpha electrons        7 beta electrons
       nuclear repulsion energy        27.8836981945 Hartrees.
 NAtoms=    2 NActive=    2 NUniq=    1 SFac= 4.00D+00 NAtFMM=   60 NAOKFM=F Big=F
 Integral buffers will be    131072 words long.
 Raffenetti 2 integral format.
 Two-electron integral symmetry is turned on.
 One-electron integrals computed using PRISM.
 NBasis=    44 RedAO= T EigKep=  1.17D-03  NBF=    11     1     5     5     1    11     5     5
 NBsUse=    44 1.00D-06 EigRej= -1.00D+00 NBFU=    11     1     5     5     1    11     5     5
 Initial guess from the checkpoint file:  "o2.chk"
 B after Tr=     0.000000    0.000000    0.000000
         Rot=    1.000000    0.000000    0.000000    0.000000 Ang=   0.00 deg.
 Initial guess orbital symmetries:
 Alpha Orbitals:
       Occupied  (SGG) (SGU) (SGG) (SGU) (PIU) (PIU) (SGG) (PIG)
       Virtual   (PIG) (SGU) (SGG) (PIU) (PIU) (PIG) (PIG) (SGG)
                 (SGU) (SGU) (PIU) (PIU) (SGG) (SGU) (PIG) (PIG)
                 (SGG) (SGU) (PIU) (PIU) (DLTG) (DLTG) (DLTU) (DLTU)
                 (SGG) (PIG) (PIG) (SGU) (PIU) (PIU) (SGG) (PIG)
                 (PIG) (SGU) (SGG) (SGU)
 Beta  Orbitals:
       Occupied  (SGG) (SGU) (SGG) (SGU) (SGG) (PIU) (PIU)
       Virtual   (PIG) (PIG) (SGU) (SGG) (PIU) (PIU) (SGG) (PIG)
                 (PIG) (SGU) (SGU) (SGG) (SGU) (PIU) (PIU) (PIG)
                 (PIG) (SGG) (SGU) (PIU) (PIU) (DLTG) (DLTG) (SGG)
                 (DLTU) (DLTU) (PIG) (PIG) (SGU) (PIU) (PIU) (SGG)
                 (PIG) (PIG) (SGU) (SGG) (SGU)
 Initial guess <Sx>= 0.0000 <Sy>= 0.0000 <Sz>= 0.5000 <S**2>= 0.7956 S= 0.5225
 Keep R1 and R2 ints in memory in symmetry-blocked form, NReq=1337100.
 Requested convergence on RMS density matrix=1.00D-08 within  64 cycles.
 Requested convergence on MAX density matrix=1.00D-06.
 Requested convergence on             energy=1.00D-06.
 No special actions if energy rises.
 SCF Done:  E(UHF) =  -149.156607480     A.U. after   10 cycles
            NFock= 10  Conv=0.45D-08     -V/T= 2.0047
 <Sx>= 0.0000 <Sy>= 0.0000 <Sz>= 0.5000 <S**2>= 0.7641 S= 0.5070
 <L.S>= 0.000000000000E+00
 Annihilation of the first spin contaminant:
 S**2 before annihilation     0.7641,   after     0.7501
 QCSCF skips out because SCF is already converged.
 ExpMin= 8.45D-02 ExpMax= 8.59D+03 ExpMxC= 1.30D+03 IAcc=3 IRadAn=         5 AccDes= 0.00D+00
 HarFok:  IExCor=  205 AccDes= 0.00D+00 IRadAn=         5 IDoV=-2 UseB2=F ITyADJ=14
 ICtDFT= 12500011 ScaDFX=  1.000000  1.000000  1.000000  1.000000
 Range of M.O.s used for correlation:     3    44
 NBasis=    44 NAE=     8 NBE=     7 NFC=     2 NFV=     0
 NROrb=     42 NOA=     6 NOB=     5 NVA=    36 NVB=    37

 **** Warning!!: The largest alpha MO coefficient is  0.20079352D+02


 **** Warning!!: The largest beta MO coefficient is  0.20123916D+02

 Semi-Direct transformation.
 ModeAB=           4 MOrb=             6 LenV=    1048381660
 LASXX=        26085 LTotXX=       26085 LenRXX=       55245
 LTotAB=       29160 MaxLAS=      158760 LenRXY=           0
 NonZer=       81330 LenScr=      785920 LnRSAI=      158760
 LnScr1=      785920 LExtra=           0 Total=      1785845
 MaxDsk=          -1 SrtSym=           T ITran=            4
 JobTyp=1 Pass  1:  I=   1 to   6.
 (rs|ai) integrals will be sorted in core.
 ModeAB=           4 MOrb=             5 LenV=    1048381660
 LASXX=        22433 LTotXX=       22433 LenRXX=       40805
 LTotAB=       18372 MaxLAS=      132300 LenRXY=           0
 NonZer=       63238 LenScr=      785920 LnRSAI=      132300
 LnScr1=      785920 LExtra=           0 Total=      1744945
 MaxDsk=          -1 SrtSym=           T ITran=            4
 JobTyp=2 Pass  1:  I=   1 to   5.
 (rs|ai) integrals will be sorted in core.
 Spin components of T(2) and E(2):
     alpha-alpha T2 =       0.1522927842D-01 E2=     -0.5458128902D-01
     alpha-beta  T2 =       0.1135067688D+00 E2=     -0.3212276789D+00
     beta-beta   T2 =       0.3143103907D-01 E2=     -0.7275354859D-01
 ANorm=    0.1077110526D+01
 E2 =    -0.4485625165D+00 EUMP2 =    -0.14960516999683D+03
 (S**2,0)=  0.76414D+00           (S**2,1)=  0.75148D+00
 E(PUHF)=      -0.14916270024D+03        E(PMP2)=      -0.14960854485D+03
 GREENY: Electron Propagator Program
 FoFJK:  IHMeth= 0 ICntrl=     200 DoSepK=F KAlg= 0 I1Cent=   0 FoldK=F
 IRaf= 990000000 NMat=   1 IRICut=       1 DoRegI=T DoRafI=F ISym2E=-1.
 FoFCou: FMM=F IPFlag=           0 FMFlag=           0 FMFlg1=           0
         NFxFlg=           0 DoJE=F BraDBF=F KetDBF=F FulRan=T
         wScrn=  0.000000 ICntrl=     200 IOpCl=  1 I1Cent=           0 NGrid=           0
         NMat0=    1 NMatS0=      1 NMatT0=    0 NMatD0=    1 NMtDS0=    0 NMtDT0=    0
 Petite list used in FoFCou.

 Summary of results for alpha spin-orbital   6  OVGF: 
 Koopmans theorem:            -0.10335D+01 au  -28.122 eV
 Converged second order pole: -0.86073D+00 au  -23.422 eV  0.856 (PS)
 Converged third  order pole: -0.96739D+00 au  -26.324 eV  0.982 (PS)
 Outer Valence Approximation: -0.91547D+00 au  -24.911 eV  0.931 (PS)

 Summary of results for alpha spin-orbital   6    P3: 
 Koopmans theorem:            -0.10335D+01 au  -28.122 eV
 Converged second order pole: -0.86073D+00 au  -23.422 eV  0.856 (PS)
 Converged 3rd order P3 pole: -0.94769D+00 au  -25.788 eV  0.919 (PS)

 Summary of results for beta  spin-orbital   5  OVGF: 
 Koopmans theorem:            -0.10421D+01 au  -28.357 eV
 Converged second order pole: -0.11016D+01 au  -29.977 eV  0.917 (PS)
 Converged third  order pole: -0.10420D+01 au  -28.353 eV  0.941 (PS)
 Outer Valence Approximation: -0.10469D+01 au  -28.487 eV  0.935 (PS)

 Summary of results for beta  spin-orbital   5    P3: 
 Koopmans theorem:            -0.10421D+01 au  -28.357 eV
 Converged second order pole: -0.11016D+01 au  -29.977 eV  0.917 (PS)
 Converged 3rd order P3 pole: -0.11047D+01 au  -30.061 eV  0.917 (PS)

 **********************************************************************

            Population analysis using the SCF density.

 **********************************************************************

 Orbital symmetries:
 Alpha Orbitals:
       Occupied  (SGG) (SGU) (SGG) (SGU) (PIU) (SGG) (PIU) (?A)
       Virtual   (?A) (SGG) (SGU) (PIU) (PIU) (SGG) (?A) (SGU)
                 (?A) (SGU) (PIU) (PIU) (SGG) (SGU) (?A) (?A) (SGG)
                 (SGU) (PIU) (PIU) (?B) (?B) (DLTU) (DLTU) (?B)
                 (PIG) (PIG) (SGU) (PIU) (PIU) (SGG) (PIG) (PIG)
                 (SGU) (SGG) (SGU)
 Beta  Orbitals:
       Occupied  (SGG) (SGU) (SGG) (SGU) (SGG) (PIU) (PIU)
       Virtual   (PIG) (PIG) (SGG) (SGU) (PIU) (PIU) (SGG) (PIG)
                 (PIG) (SGU) (SGU) (SGG) (PIU) (PIU) (SGU) (PIG)
                 (PIG) (SGG) (SGU) (PIU) (PIU) (?A) (?A) (DLTU)
                 (DLTU) (?A) (PIG) (PIG) (SGU) (PIU) (PIU) (SGG)
                 (PIG) (PIG) (SGU) (SGG) (SGU)
 Unable to determine electronic state:  an orbital has unidentified symmetry.
 Alpha  occ. eigenvalues --  -21.30245 -21.30144  -2.17030  -1.61271  -1.31109
 Alpha  occ. eigenvalues --   -1.21918  -1.11827  -1.03345
 Alpha virt. eigenvalues --   -0.44468  -0.07852  -0.07348  -0.02798  -0.02498
 Alpha virt. eigenvalues --    0.04238   0.06046   0.06085   0.06782   0.19308
 Alpha virt. eigenvalues --    0.76647   0.80255   0.80314   0.83415   0.85686
 Alpha virt. eigenvalues --    0.89365   1.04324   1.35422   2.10496   2.12963
 Alpha virt. eigenvalues --    2.42948   2.42990   2.71216   2.71272   2.75792
 Alpha virt. eigenvalues --    3.35040   3.37245   3.81570   4.74466   4.78177
 Alpha virt. eigenvalues --    4.85681   4.99375   5.02743   6.20305  50.74700
 Alpha virt. eigenvalues --   50.86016
  Beta  occ. eigenvalues --  -21.27262 -21.27131  -2.10258  -1.50511  -1.18705
  Beta  occ. eigenvalues --   -1.09574  -1.04211
  Beta virt. eigenvalues --   -0.41734  -0.36150  -0.07698  -0.05781  -0.02376
  Beta virt. eigenvalues --   -0.01609   0.04157   0.06960   0.07664   0.09017
  Beta virt. eigenvalues --    0.19575   0.80781   0.81070   0.84020   0.84232
  Beta virt. eigenvalues --    0.90178   0.92946   1.05896   1.37612   2.13597
  Beta virt. eigenvalues --    2.17498   2.49281   2.49436   2.79075   2.79084
  Beta virt. eigenvalues --    2.79646   3.38145   3.42392   3.83844   4.79504
  Beta virt. eigenvalues --    4.84280   4.86776   5.04148   5.09061   6.22018
  Beta virt. eigenvalues --   50.76451  50.87753
          Condensed to atoms (all electrons):
               1          2
     1  O    6.950957   0.549043
     2  O    0.549043   6.950957
          Atomic-Atomic Spin Densities.
               1          2
     1  O    0.665800  -0.165800
     2  O   -0.165800   0.665800
 Mulliken charges and spin densities:
               1          2
     1  O    0.500000   0.500000
     2  O    0.500000   0.500000
 Sum of Mulliken charges =   1.00000   1.00000
 Mulliken charges and spin densities with hydrogens summed into heavy atoms:
               1          2
     1  O    0.500000   0.500000
     2  O    0.500000   0.500000
 Electronic spatial extent (au):  <R**2>=             38.1615
 Charge=              1.0000 electrons
 Dipole moment (field-independent basis, Debye):
    X=              0.0000    Y=              0.0000    Z=              0.0000  Tot=              0.0000
 Quadrupole moment (field-independent basis, Debye-Ang):
   XX=             -8.5383   YY=             -7.8605   ZZ=             -6.5863
   XY=              0.0000   XZ=              0.0000   YZ=              0.0000
 Traceless Quadrupole moment (field-independent basis, Debye-Ang):
   XX=             -0.8766   YY=             -0.1988   ZZ=              1.0754
   XY=              0.0000   XZ=              0.0000   YZ=              0.0000
 Octapole moment (field-independent basis, Debye-Ang**2):
  XXX=              0.0000  YYY=              0.0000  ZZZ=              0.0000  XYY=              0.0000
  XXY=              0.0000  XXZ=              0.0000  XZZ=              0.0000  YZZ=              0.0000
  YYZ=              0.0000  XYZ=              0.0000
 Hexadecapole moment (field-independent basis, Debye-Ang**3):
 XXXX=             -5.1197 YYYY=             -4.6626 ZZZZ=            -21.9443 XXXY=              0.0000
 XXXZ=              0.0000 YYYX=              0.0000 YYYZ=              0.0000 ZZZX=              0.0000
 ZZZY=              0.0000 XXYY=             -1.6304 XXZZ=             -4.8528 YYZZ=             -4.3897
 XXYZ=              0.0000 YYXZ=              0.0000 ZZXY=              0.0000
 N-N= 2.788369819452D+01 E-N=-4.019993378154D+02  KE= 1.484641421967D+02
 Symmetry AG   KE= 7.013389344795D+01
 Symmetry B1G  KE= 8.870403189968D-35
 Symmetry B2G  KE= 3.335069616830D+00
 Symmetry B3G  KE= 4.697047292874D-32
 Symmetry AU   KE= 2.766244777347D-34
 Symmetry B1U  KE= 6.554274174773D+01
 Symmetry B2U  KE= 4.589962686297D+00
 Symmetry B3U  KE= 4.862474697887D+00

 Atomic contributions to Alpha molecular orbitals:
 Alpha occ 1 OE=-21.302 is O2-s=0.50 O1-s=0.50
 Alpha occ 2 OE=-21.301 is O1-s=0.50 O2-s=0.50
 Alpha occ 3 OE=-2.170 is O2-s=0.43 O1-s=0.43 O1-p=0.07 O2-p=0.07
 Alpha occ 4 OE=-1.613 is O2-s=0.43 O1-s=0.43 O1-p=0.06 O2-p=0.06
 Alpha occ 5 OE=-1.311 is O2-p=0.50 O1-p=0.50
 Alpha occ 6 OE=-1.219 is O1-p=0.42 O2-p=0.42 O2-s=0.08 O1-s=0.08
 Alpha occ 7 OE=-1.118 is O2-p=0.49 O1-p=0.49
 Alpha occ 8 OE=-1.033 is O2-p=0.50 O1-p=0.50
 Alpha vir 9 OE=-0.445 is O2-p=0.50 O1-p=0.50
 Alpha vir 10 OE=-0.079 is O1-s=0.51 O2-s=0.51
 Alpha vir 11 OE=-0.073 is O2-p=1.25 O1-p=1.25 O1-s=-0.76 O2-s=-0.76
 Alpha vir 12 OE=-0.028 is O2-p=0.50 O1-p=0.50
 Alpha vir 13 OE=-0.025 is O1-p=0.50 O2-p=0.50
 Alpha vir 14 OE=0.042 is O2-p=0.52 O1-p=0.52 O1-s=-0.03 O2-s=-0.03
 Alpha vir 15 OE=0.060 is O1-p=0.50 O2-p=0.50
 Alpha vir 16 OE=0.061 is O2-p=0.68 O1-p=0.68 O1-s=-0.19 O2-s=-0.19
 Alpha vir 17 OE=0.068 is O1-p=0.50 O2-p=0.50
 Alpha vir 18 OE=0.193 is O1-s=1.70 O2-s=1.70 O2-p=-1.20 O1-p=-1.20
 Alpha vir 19 OE=0.766 is O2-p=0.50 O1-p=0.50
 Alpha vir 20 OE=0.803 is O1-p=0.50 O2-p=0.50
 Alpha vir 21 OE=0.803 is O2-p=0.49 O1-p=0.49 O1-d=0.02 O2-d=0.02 O2-s=-0.01 O1-s=-0.01
 Alpha vir 22 OE=0.834 is O1-p=0.69 O2-p=0.69 O2-s=-0.19 O1-s=-0.19
 Alpha vir 23 OE=0.857 is O2-p=0.50 O1-p=0.50
 Alpha vir 24 OE=0.894 is O2-p=0.50 O1-p=0.50
 Alpha vir 25 OE=1.043 is O2-s=0.50 O1-s=0.50 O1-p=-0.02 O2-p=-0.02 O2-d=0.02 O1-d=0.02
 Alpha vir 26 OE=1.354 is O1-s=0.48 O2-s=0.48 O2-p=0.02 O1-p=0.02
 Alpha vir 27 OE=2.105 is O2-d=0.49 O1-d=0.49
 Alpha vir 28 OE=2.130 is O1-d=0.49 O2-d=0.49
 Alpha vir 29 OE=2.429 is O2-d=0.50 O1-d=0.50
 Alpha vir 30 OE=2.430 is O2-d=0.50 O1-d=0.50
 Alpha vir 31 OE=2.712 is O2-d=0.50 O1-d=0.50
 Alpha vir 32 OE=2.713 is O2-d=0.50 O1-d=0.50
 Alpha vir 33 OE=2.758 is O1-d=0.45 O2-d=0.45 O2-p=0.03 O1-p=0.03 O1-s=0.02 O2-s=0.02
 Alpha vir 34 OE=3.350 is O2-d=0.49 O1-d=0.49
 Alpha vir 35 OE=3.372 is O1-d=0.49 O2-d=0.49
 Alpha vir 36 OE=3.816 is O1-d=0.40 O2-d=0.40 O1-p=0.08 O2-p=0.08 O1-s=0.02 O2-s=0.02
 Alpha vir 37 OE=4.745 is O2-p=0.50 O1-p=0.50
 Alpha vir 38 OE=4.782 is O2-p=0.50 O1-p=0.50
 Alpha vir 39 OE=4.857 is O1-p=0.50 O2-p=0.50
 Alpha vir 40 OE=4.994 is O1-p=0.50 O2-p=0.50
 Alpha vir 41 OE=5.027 is O1-p=0.50 O2-p=0.50
 Alpha vir 42 OE=6.203 is O2-p=0.41 O1-p=0.41 O2-d=0.09 O1-d=0.09
 Alpha vir 43 OE=50.747 is O1-s=0.50 O2-s=0.50
 Alpha vir 44 OE=50.860 is O1-s=0.50 O2-s=0.50

 Atomic contributions to Beta  molecular orbitals:
 Beta  occ 1 OE=-21.273 is O2-s=0.50 O1-s=0.50
 Beta  occ 2 OE=-21.271 is O2-s=0.50 O1-s=0.50
 Beta  occ 3 OE=-2.103 is O2-s=0.42 O1-s=0.42 O1-p=0.08 O2-p=0.08
 Beta  occ 4 OE=-1.505 is O2-s=0.41 O1-s=0.41 O1-p=0.09 O2-p=0.09
 Beta  occ 5 OE=-1.187 is O1-p=0.40 O2-p=0.40 O2-s=0.09 O1-s=0.09
 Beta  occ 6 OE=-1.096 is O1-p=0.49 O2-p=0.49
 Beta  occ 7 OE=-1.042 is O2-p=0.49 O1-p=0.49
 Beta  vir 8 OE=-0.417 is O1-p=0.50 O2-p=0.50
 Beta  vir 9 OE=-0.362 is O2-p=0.50 O1-p=0.50
 Beta  vir 10 OE=-0.077 is O2-s=0.51 O1-s=0.51
 Beta  vir 11 OE=-0.058 is O2-p=1.39 O1-p=1.39 O1-s=-0.90 O2-s=-0.90
 Beta  vir 12 OE=-0.024 is O2-p=0.50 O1-p=0.50
 Beta  vir 13 OE=-0.016 is O1-p=0.50 O2-p=0.50
 Beta  vir 14 OE=0.042 is O2-p=0.52 O1-p=0.52 O1-s=-0.03 O2-s=-0.03
 Beta  vir 15 OE=0.070 is O2-p=0.50 O1-p=0.50
 Beta  vir 16 OE=0.077 is O1-p=0.50 O2-p=0.50
 Beta  vir 17 OE=0.090 is O1-p=0.50 O2-p=0.50 O2-s=-0.01 O1-s=-0.01
 Beta  vir 18 OE=0.196 is O2-s=1.69 O1-s=1.69 O2-p=-1.19 O1-p=-1.19
 Beta  vir 19 OE=0.808 is O2-p=0.49 O1-p=0.49 O1-d=0.02 O2-d=0.02 O1-s=-0.01 O2-s=-0.01
 Beta  vir 20 OE=0.811 is O2-p=0.50 O1-p=0.50
 Beta  vir 21 OE=0.840 is O2-p=0.50 O1-p=0.50
 Beta  vir 22 OE=0.842 is O1-p=0.69 O2-p=0.69 O1-s=-0.19 O2-s=-0.19
 Beta  vir 23 OE=0.902 is O1-p=0.50 O2-p=0.50
 Beta  vir 24 OE=0.929 is O1-p=0.50 O2-p=0.50
 Beta  vir 25 OE=1.059 is O1-s=0.50 O2-s=0.50 O2-p=-0.02 O1-p=-0.02 O1-d=0.02 O2-d=0.02
 Beta  vir 26 OE=1.376 is O1-s=0.48 O2-s=0.48 O1-p=0.02 O2-p=0.02
 Beta  vir 27 OE=2.136 is O1-d=0.49 O2-d=0.49
 Beta  vir 28 OE=2.175 is O2-d=0.49 O1-d=0.49
 Beta  vir 29 OE=2.493 is O2-d=0.50 O1-d=0.50
 Beta  vir 30 OE=2.494 is O2-d=0.50 O1-d=0.50
 Beta  vir 31 OE=2.791 is O2-d=0.50 O1-d=0.50
 Beta  vir 32 OE=2.791 is O2-d=0.50 O1-d=0.50
 Beta  vir 33 OE=2.796 is O2-d=0.45 O1-d=0.45 O1-p=0.03 O2-p=0.03 O1-s=0.02 O2-s=0.02
 Beta  vir 34 OE=3.381 is O1-d=0.49 O2-d=0.49
 Beta  vir 35 OE=3.424 is O2-d=0.49 O1-d=0.49
 Beta  vir 36 OE=3.838 is O1-d=0.40 O2-d=0.40 O1-p=0.08 O2-p=0.08 O1-s=0.02 O2-s=0.02
 Beta  vir 37 OE=4.795 is O1-p=0.50 O2-p=0.50
 Beta  vir 38 OE=4.843 is O1-p=0.50 O2-p=0.50
 Beta  vir 39 OE=4.868 is O1-p=0.50 O2-p=0.50
 Beta  vir 40 OE=5.041 is O1-p=0.50 O2-p=0.50
 Beta  vir 41 OE=5.091 is O2-p=0.50 O1-p=0.50
 Beta  vir 42 OE=6.220 is O2-p=0.41 O1-p=0.41 O2-d=0.09 O1-d=0.09
 Beta  vir 43 OE=50.765 is O1-s=0.50 O2-s=0.50
 Beta  vir 44 OE=50.878 is O2-s=0.50 O1-s=0.50
 
 1\1\GINC-GAMBA\SP\UOVGF-FC\Gen\O2(1+,2)\IRIKURA\17-May-2017\0\\# EPT(O
 VGF+P3,ReadOrbitals)/GEN gfinput geom=check guess=check scf=xqc pop(al
 l,thresh=1)\\BEB step 5: cation EPT for VIE2 for o2\\1,2\O,0,-2.024167
 039,1.50180939,0.\O,0,-3.238759921,1.50180939,0.\\Version=ES64L-G09Rev
 D.01\HF=-149.1566075\MP2=-149.60517\PUHF=-149.1627002\PMP2-0=-149.6085
 449\S2=0.764144\S2-1=0.751481\S2A=0.750083\RMSD=4.488e-09\PG=D*H [C*(O
 1.O1)]\\@


 IT CANNOT BE MY BEAUTY, FOR I HAVE NONE; AND IT CANNOT BE MY WIT,
 FOR HE HAS NOT ENOUGH TO KNOW THAT I HAVE ANY.
 -- CATHARINE SEDLEY, PUZZLED ABOUT WHY SHE WAS MISTRESS TO JAMES II
 Job cpu time:       0 days  0 hours  0 minutes 16.9 seconds.
 File lengths (MBytes):  RWF=     21 Int=      0 D2E=      0 Chk=      1 Scr=      1
 Normal termination of Gaussian 09 at Wed May 17 14:06:43 2017.
