 Entering Gaussian System, Link 0=g09
 Initial command:
 /usr/local/apps/g09/l1.exe "/wrk/irikura/Gau-605.inp" -scrdir="/wrk/irikura/"
 Entering Link 1 = /usr/local/apps/g09/l1.exe PID=       607.
  
 Copyright (c) 1988,1990,1992,1993,1995,1998,2003,2009,2013,
            Gaussian, Inc.  All Rights Reserved.
  
 This is part of the Gaussian(R) 09 program.  It is based on
 the Gaussian(R) 03 system (copyright 2003, Gaussian, Inc.),
 the Gaussian(R) 98 system (copyright 1998, Gaussian, Inc.),
 the Gaussian(R) 94 system (copyright 1995, Gaussian, Inc.),
 the Gaussian 92(TM) system (copyright 1992, Gaussian, Inc.),
 the Gaussian 90(TM) system (copyright 1990, Gaussian, Inc.),
 the Gaussian 88(TM) system (copyright 1988, Gaussian, Inc.),
 the Gaussian 86(TM) system (copyright 1986, Carnegie Mellon
 University), and the Gaussian 82(TM) system (copyright 1983,
 Carnegie Mellon University). Gaussian is a federally registered
 trademark of Gaussian, Inc.
  
 This software contains proprietary and confidential information,
 including trade secrets, belonging to Gaussian, Inc.
  
 This software is provided under written license and may be
 used, copied, transmitted, or stored only in accord with that
 written license.
  
 The following legend is applicable only to US Government
 contracts under FAR:
  
                    RESTRICTED RIGHTS LEGEND
  
 Use, reproduction and disclosure by the US Government is
 subject to restrictions as set forth in subparagraphs (a)
 and (c) of the Commercial Computer Software - Restricted
 Rights clause in FAR 52.227-19.
  
 Gaussian, Inc.
 340 Quinnipiac St., Bldg. 40, Wallingford CT 06492
  
  
 ---------------------------------------------------------------
 Warning -- This program may not be used in any manner that
 competes with the business of Gaussian, Inc. or will provide
 assistance to any competitor of Gaussian, Inc.  The licensee
 of this program is prohibited from giving any competitor of
 Gaussian, Inc. access to this program.  By using this program,
 the user acknowledges that Gaussian, Inc. is engaged in the
 business of creating and licensing software in the field of
 computational chemistry and represents and warrants to the
 licensee that it is not a competitor of Gaussian, Inc. and that
 it will not use this program in any manner prohibited above.
 ---------------------------------------------------------------
  

 Cite this work as:
 Gaussian 09, Revision D.01,
 M. J. Frisch, G. W. Trucks, H. B. Schlegel, G. E. Scuseria, 
 M. A. Robb, J. R. Cheeseman, G. Scalmani, V. Barone, B. Mennucci, 
 G. A. Petersson, H. Nakatsuji, M. Caricato, X. Li, H. P. Hratchian, 
 A. F. Izmaylov, J. Bloino, G. Zheng, J. L. Sonnenberg, M. Hada, 
 M. Ehara, K. Toyota, R. Fukuda, J. Hasegawa, M. Ishida, T. Nakajima, 
 Y. Honda, O. Kitao, H. Nakai, T. Vreven, J. A. Montgomery, Jr., 
 J. E. Peralta, F. Ogliaro, M. Bearpark, J. J. Heyd, E. Brothers, 
 K. N. Kudin, V. N. Staroverov, T. Keith, R. Kobayashi, J. Normand, 
 K. Raghavachari, A. Rendell, J. C. Burant, S. S. Iyengar, J. Tomasi, 
 M. Cossi, N. Rega, J. M. Millam, M. Klene, J. E. Knox, J. B. Cross, 
 V. Bakken, C. Adamo, J. Jaramillo, R. Gomperts, R. E. Stratmann, 
 O. Yazyev, A. J. Austin, R. Cammi, C. Pomelli, J. W. Ochterski, 
 R. L. Martin, K. Morokuma, V. G. Zakrzewski, G. A. Voth, 
 P. Salvador, J. J. Dannenberg, S. Dapprich, A. D. Daniels, 
 O. Farkas, J. B. Foresman, J. V. Ortiz, J. Cioslowski, 
 and D. J. Fox, Gaussian, Inc., Wallingford CT, 2013.
 
 ******************************************
 Gaussian 09:  ES64L-G09RevD.01 24-Apr-2013
                17-May-2017 
 ******************************************
 %chk=o2.chk
 %nprocs=4
 Will use up to    4 processors via shared memory.
 %mem=1000mw
 ----------------------------------------------------------------------
 # EPT(OVGF+P3,ReadOrbitals)/GEN gfinput geom=check guess=check scf=xqc
  pop(all,thresh=1)
 ----------------------------------------------------------------------
 1/29=2,38=1/1;
 2/12=2,40=1/2;
 3/5=7,11=9,14=-4,16=1,24=10,25=1,30=1,116=-2/1,2,3;
 4/5=1/1;
 5/5=2,8=3,13=1,38=6/2,8;
 8/6=4,9=120000,10=1/1,4;
 9/11=30100/8;
 6/7=2,8=2,9=2,10=2,87=-1,88=1/1;
 99/5=1,9=1/99;
 ------------------------
 BEB step 4: EPT B for o2
 ------------------------
 Structure from the checkpoint file:  "o2.chk"
 Charge =  0 Multiplicity = 3
 Redundant internal coordinates found in file.
 O,0,-2.024167039,1.50180939,0.
 O,0,-3.238759921,1.50180939,0.
 Recover connectivity data from disk.
                          Input orientation:                          
 ---------------------------------------------------------------------
 Center     Atomic      Atomic             Coordinates (Angstroms)
 Number     Number       Type             X           Y           Z
 ---------------------------------------------------------------------
      1          8           0       -2.024167    1.501809    0.000000
      2          8           0       -3.238760    1.501809    0.000000
 ---------------------------------------------------------------------
 Stoichiometry    O2(3)
 Framework group  D*H[C*(O.O)]
 Deg. of freedom     1
 Full point group                 D*H     NOp   8
 Largest Abelian subgroup         D2H     NOp   8
 Largest concise Abelian subgroup C2      NOp   2
                         Standard orientation:                         
 ---------------------------------------------------------------------
 Center     Atomic      Atomic             Coordinates (Angstroms)
 Number     Number       Type             X           Y           Z
 ---------------------------------------------------------------------
      1          8           0        0.000000    0.000000    0.607296
      2          8           0        0.000000    0.000000   -0.607296
 ---------------------------------------------------------------------
 Rotational constants (GHZ):      0.0000000     42.8354962     42.8354962
 General basis read from cards:  (5D, 7F)
 AO basis set in the form of general basis input (Overlap normalization):
      1 0
 S   6 1.00       0.000000000000
      0.8588500000D+04  0.1895150083D-02
      0.1297230000D+04  0.1438590063D-01
      0.2992960000D+03  0.7073200310D-01
      0.8737710000D+02  0.2400010105D+00
      0.2567890000D+02  0.5947970261D+00
      0.3740040000D+01  0.2808020123D+00
 SP   3 1.00       0.000000000000
      0.4211750000D+02  0.1138890124D+00  0.3651139738D-01
      0.9628370000D+01  0.9208111006D+00  0.2371529830D+00
      0.2853320000D+01 -0.3274470358D-02  0.8197019412D+00
 SP   1 1.00       0.000000000000
      0.9056610000D+00  0.1000000000D+01  0.1000000000D+01
 SP   1 1.00       0.000000000000
      0.2556110000D+00  0.1000000000D+01  0.1000000000D+01
 SP   1 1.00       0.000000000000
      0.8450000000D-01  0.1000000000D+01  0.1000000000D+01
 D   1 1.00       0.000000000000
      0.1292000000D+01  0.1000000000D+01
 ****
      2 0
 S   6 1.00       0.000000000000
      0.8588500000D+04  0.1895150083D-02
      0.1297230000D+04  0.1438590063D-01
      0.2992960000D+03  0.7073200310D-01
      0.8737710000D+02  0.2400010105D+00
      0.2567890000D+02  0.5947970261D+00
      0.3740040000D+01  0.2808020123D+00
 SP   3 1.00       0.000000000000
      0.4211750000D+02  0.1138890124D+00  0.3651139738D-01
      0.9628370000D+01  0.9208111006D+00  0.2371529830D+00
      0.2853320000D+01 -0.3274470358D-02  0.8197019412D+00
 SP   1 1.00       0.000000000000
      0.9056610000D+00  0.1000000000D+01  0.1000000000D+01
 SP   1 1.00       0.000000000000
      0.2556110000D+00  0.1000000000D+01  0.1000000000D+01
 SP   1 1.00       0.000000000000
      0.8450000000D-01  0.1000000000D+01  0.1000000000D+01
 D   1 1.00       0.000000000000
      0.1292000000D+01  0.1000000000D+01
 ****

 There are    12 symmetry adapted cartesian basis functions of AG  symmetry.
 There are     1 symmetry adapted cartesian basis functions of B1G symmetry.
 There are     5 symmetry adapted cartesian basis functions of B2G symmetry.
 There are     5 symmetry adapted cartesian basis functions of B3G symmetry.
 There are     1 symmetry adapted cartesian basis functions of AU  symmetry.
 There are    12 symmetry adapted cartesian basis functions of B1U symmetry.
 There are     5 symmetry adapted cartesian basis functions of B2U symmetry.
 There are     5 symmetry adapted cartesian basis functions of B3U symmetry.
 There are    11 symmetry adapted basis functions of AG  symmetry.
 There are     1 symmetry adapted basis functions of B1G symmetry.
 There are     5 symmetry adapted basis functions of B2G symmetry.
 There are     5 symmetry adapted basis functions of B3G symmetry.
 There are     1 symmetry adapted basis functions of AU  symmetry.
 There are    11 symmetry adapted basis functions of B1U symmetry.
 There are     5 symmetry adapted basis functions of B2U symmetry.
 There are     5 symmetry adapted basis functions of B3U symmetry.
    44 basis functions,    72 primitive gaussians,    46 cartesian basis functions
     9 alpha electrons        7 beta electrons
       nuclear repulsion energy        27.8836981945 Hartrees.
 NAtoms=    2 NActive=    2 NUniq=    1 SFac= 4.00D+00 NAtFMM=   60 NAOKFM=F Big=F
 Integral buffers will be    131072 words long.
 Raffenetti 2 integral format.
 Two-electron integral symmetry is turned on.
 One-electron integrals computed using PRISM.
 NBasis=    44 RedAO= T EigKep=  1.17D-03  NBF=    11     1     5     5     1    11     5     5
 NBsUse=    44 1.00D-06 EigRej= -1.00D+00 NBFU=    11     1     5     5     1    11     5     5
 Initial guess from the checkpoint file:  "o2.chk"
 B after Tr=     0.000000    0.000000    0.000000
         Rot=    1.000000    0.000000    0.000000    0.000000 Ang=   0.00 deg.
 Initial guess orbital symmetries:
 Alpha Orbitals:
       Occupied  (SGG) (SGU) (SGG) (SGU) (PIU) (PIU) (SGG) (PIG)
                 (PIG)
       Virtual   (SGU) (PIU) (PIU) (SGG) (SGU) (PIG) (PIG) (SGG)
                 (SGU) (PIU) (PIU) (DLTG) (DLTG) (DLTU) (DLTU)
                 (SGG) (PIG) (PIG) (SGU) (PIU) (PIU) (SGG) (PIG)
                 (PIG) (SGU) (SGG) (SGU) (SGG) (SGG) (PIG) (PIG)
                 (SGU) (SGU) (PIU) (PIU)
 Beta  Orbitals:
       Occupied  (SGG) (SGU) (SGG) (SGU) (SGG) (PIU) (PIU)
       Virtual   (PIG) (PIG) (SGU) (SGG) (PIU) (PIU) (SGU) (SGG)
                 (PIG) (PIG) (SGU) (PIU) (PIU) (DLTG) (DLTG) (SGG)
                 (DLTU) (DLTU) (PIG) (PIG) (SGU) (PIU) (PIU) (SGG)
                 (PIG) (PIG) (SGU) (SGG) (SGU) (SGG) (SGG) (PIG)
                 (PIG) (SGU) (SGU) (PIU) (PIU)
 Initial guess <Sx>= 0.0000 <Sy>= 0.0000 <Sz>= 1.0000 <S**2>= 2.0372 S= 1.0123
 Keep R1 and R2 ints in memory in symmetry-blocked form, NReq=1337100.
 Requested convergence on RMS density matrix=1.00D-08 within  64 cycles.
 Requested convergence on MAX density matrix=1.00D-06.
 Requested convergence on             energy=1.00D-06.
 No special actions if energy rises.
 SCF Done:  E(UHF) =  -149.658228175     A.U. after    9 cycles
            NFock=  9  Conv=0.69D-08     -V/T= 2.0014
 <Sx>= 0.0000 <Sy>= 0.0000 <Sz>= 1.0000 <S**2>= 2.0456 S= 1.0151
 <L.S>= 0.000000000000E+00
 Annihilation of the first spin contaminant:
 S**2 before annihilation     2.0456,   after     2.0010
 QCSCF skips out because SCF is already converged.
 ExpMin= 8.45D-02 ExpMax= 8.59D+03 ExpMxC= 1.30D+03 IAcc=3 IRadAn=         5 AccDes= 0.00D+00
 HarFok:  IExCor=  205 AccDes= 0.00D+00 IRadAn=         5 IDoV=-2 UseB2=F ITyADJ=14
 ICtDFT= 12500011 ScaDFX=  1.000000  1.000000  1.000000  1.000000
 Range of M.O.s used for correlation:     3    44
 NBasis=    44 NAE=     9 NBE=     7 NFC=     2 NFV=     0
 NROrb=     42 NOA=     7 NOB=     5 NVA=    35 NVB=    37

 **** Warning!!: The largest alpha MO coefficient is  0.19813540D+02


 **** Warning!!: The largest beta MO coefficient is  0.19573465D+02

 Semi-Direct transformation.
 ModeAB=           4 MOrb=             7 LenV=    1048381703
 LASXX=        29629 LTotXX=       29629 LenRXX=       62903
 LTotAB=       33274 MaxLAS=      185220 LenRXY=           0
 NonZer=       92532 LenScr=      785920 LnRSAI=      185220
 LnScr1=      785920 LExtra=           0 Total=      1819963
 MaxDsk=          -1 SrtSym=           T ITran=            4
 JobTyp=1 Pass  1:  I=   1 to   7.
 (rs|ai) integrals will be sorted in core.
 ModeAB=           4 MOrb=             5 LenV=    1048381703
 LASXX=        22433 LTotXX=       22433 LenRXX=       39893
 LTotAB=       17460 MaxLAS=      132300 LenRXY=           0
 NonZer=       62326 LenScr=      785920 LnRSAI=      132300
 LnScr1=      785920 LExtra=           0 Total=      1744033
 MaxDsk=          -1 SrtSym=           T ITran=            4
 JobTyp=2 Pass  1:  I=   1 to   5.
 (rs|ai) integrals will be sorted in core.
 Spin components of T(2) and E(2):
     alpha-alpha T2 =       0.9883221541D-02 E2=     -0.4995981040D-01
     alpha-beta  T2 =       0.6550323938D-01 E2=     -0.2577677528D+00
     beta-beta   T2 =       0.2661700528D-01 E2=     -0.6382274334D-01
 ANorm=    0.1049763529D+01
 E2 =    -0.3715503066D+00 EUMP2 =    -0.15002977848132D+03
 (S**2,0)=  0.20456D+01           (S**2,1)=  0.20121D+01
 E(PUHF)=      -0.14966875873D+03        E(PMP2)=      -0.15003649784D+03
 GREENY: Electron Propagator Program
 FoFJK:  IHMeth= 0 ICntrl=     200 DoSepK=F KAlg= 0 I1Cent=   0 FoldK=F
 IRaf= 990000000 NMat=   1 IRICut=       1 DoRegI=T DoRafI=F ISym2E=-1.
 FoFCou: FMM=F IPFlag=           0 FMFlag=           0 FMFlg1=           0
         NFxFlg=           0 DoJE=F BraDBF=F KetDBF=F FulRan=T
         wScrn=  0.000000 ICntrl=     200 IOpCl=  1 I1Cent=           0 NGrid=           0
         NMat0=    1 NMatS0=      1 NMatT0=    0 NMatD0=    1 NMtDS0=    0 NMtDT0=    0
 Petite list used in FoFCou.
 WARNING: Pole strength too low for present methods
 WARNING: Wrong sign for derivative of propagator
 WARNING: Wrong sign for derivative of propagator
 WARNING: Pole strength too low for present methods
  ****WARNING**** : Pole strengh too small - OVGF does not work!!!

 Summary of results for alpha spin-orbital   1  OVGF: 
 Koopmans theorem:            -0.17234D+01 au  -46.896 eV
 Converged second order pole: -0.14522D+01 au  -39.516 eV  0.606 (PS)
 Converged third  order pole: -0.17572D+01 au  -47.816 eV  0.000 (PS)
 Outer Valence Approximation: -0.17572D+01 au  -47.817 eV  0.000 (PS)
 WARNING: Wrong sign for derivative of propagator
 WARNING: Wrong sign for derivative of propagator
 WARNING: Pole strength too low for present methods

 Summary of results for alpha spin-orbital   1    P3: 
 Koopmans theorem:            -0.17234D+01 au  -46.896 eV
 Converged second order pole: -0.14522D+01 au  -39.516 eV  0.606 (PS)
 Converged 3rd order P3 pole: -0.17989D+01 au  -48.952 eV  0.001 (PS)
  ****WARNING**** : Pole strengh too small - OVGF does not work!!!

 Summary of results for alpha spin-orbital   2  OVGF: 
 Koopmans theorem:            -0.12135D+01 au  -33.022 eV
 Converged second order pole: -0.96900D+00 au  -26.368 eV  0.761 (PS)
 Converged third  order pole: -0.10292D+01 au  -28.005 eV  0.745 (PS)
 Outer Valence Approximation: -0.10083D+01 au  -27.437 eV  0.722 (PS)

 Summary of results for alpha spin-orbital   2    P3: 
 Koopmans theorem:            -0.12135D+01 au  -33.022 eV
 Converged second order pole: -0.96900D+00 au  -26.368 eV  0.761 (PS)
 Converged 3rd order P3 pole: -0.99503D+00 au  -27.076 eV  0.724 (PS)
  ****WARNING**** : Pole strengh too small - OVGF does not work!!!

 Summary of results for alpha spin-orbital   3  OVGF: 
 Koopmans theorem:            -0.84797D+00 au  -23.075 eV
 Converged second order pole: -0.62670D+00 au  -17.053 eV  0.776 (PS)
 Converged third  order pole: -0.71409D+00 au  -19.431 eV  0.801 (PS)
 Outer Valence Approximation: -0.67972D+00 au  -18.496 eV  0.766 (PS)

 Summary of results for alpha spin-orbital   3    P3: 
 Koopmans theorem:            -0.84797D+00 au  -23.075 eV
 Converged second order pole: -0.62670D+00 au  -17.053 eV  0.776 (PS)
 Converged 3rd order P3 pole: -0.67293D+00 au  -18.311 eV  0.768 (PS)
 Orbitals  4 and  3 are degenerate.  Skipping orbital  4


 Summary of results for alpha spin-orbital   5  OVGF: 
 Koopmans theorem:            -0.76894D+00 au  -20.924 eV
 Converged second order pole: -0.69961D+00 au  -19.037 eV  0.883 (PS)
 Converged third  order pole: -0.72658D+00 au  -19.771 eV  0.921 (PS)
 Outer Valence Approximation: -0.71425D+00 au  -19.436 eV  0.911 (PS)

 Summary of results for alpha spin-orbital   5    P3: 
 Koopmans theorem:            -0.76894D+00 au  -20.924 eV
 Converged second order pole: -0.69961D+00 au  -19.037 eV  0.883 (PS)
 Converged 3rd order P3 pole: -0.72999D+00 au  -19.864 eV  0.900 (PS)

 Summary of results for alpha spin-orbital   6  OVGF: 
 Koopmans theorem:            -0.56657D+00 au  -15.417 eV
 Converged second order pole: -0.41878D+00 au  -11.395 eV  0.870 (PS)
 Converged third  order pole: -0.47507D+00 au  -12.927 eV  0.916 (PS)
 Outer Valence Approximation: -0.44903D+00 au  -12.219 eV  0.899 (PS)

 Summary of results for alpha spin-orbital   6    P3: 
 Koopmans theorem:            -0.56657D+00 au  -15.417 eV
 Converged second order pole: -0.41878D+00 au  -11.395 eV  0.870 (PS)
 Converged 3rd order P3 pole: -0.45949D+00 au  -12.503 eV  0.889 (PS)
 Orbitals  7 and  6 are degenerate.  Skipping orbital  7

 WARNING: Wrong sign for derivative of propagator
  ****WARNING**** : Pole strengh too small - OVGF does not work!!!

 Summary of results for beta  spin-orbital   1  OVGF: 
 Koopmans theorem:            -0.15873D+01 au  -43.194 eV
 Converged second order pole: -0.14103D+01 au  -38.377 eV  0.714 (PS)
 Converged third  order pole: -0.15644D+01 au  -42.570 eV  1.000 (PS)
 Outer Valence Approximation: -0.15641D+01 au  -42.562 eV  0.000 (PS)
 WARNING: Wrong sign for derivative of propagator
 WARNING: Wrong sign for derivative of propagator
 WARNING: Wrong sign for derivative of propagator

 Summary of results for beta  spin-orbital   1    P3: 
 Koopmans theorem:            -0.15873D+01 au  -43.194 eV
 Converged second order pole: -0.14103D+01 au  -38.377 eV  0.714 (PS)
 Converged 3rd order P3 pole: -0.15630D+01 au  -42.533 eV  1.000 (PS)

 Summary of results for beta  spin-orbital   2  OVGF: 
 Koopmans theorem:            -0.10013D+01 au  -27.246 eV
 Converged second order pole: -0.85945D+00 au  -23.387 eV  0.834 (PS)
 Converged third  order pole: -0.93615D+00 au  -25.474 eV  0.888 (PS)
 Outer Valence Approximation: -0.90416D+00 au  -24.603 eV  0.860 (PS)

 Summary of results for beta  spin-orbital   2    P3: 
 Koopmans theorem:            -0.10013D+01 au  -27.246 eV
 Converged second order pole: -0.85945D+00 au  -23.387 eV  0.834 (PS)
 Converged 3rd order P3 pole: -0.90229D+00 au  -24.553 eV  0.851 (PS)

 Summary of results for beta  spin-orbital   3  OVGF: 
 Koopmans theorem:            -0.70586D+00 au  -19.207 eV
 Converged second order pole: -0.63849D+00 au  -17.374 eV  0.892 (PS)
 Converged third  order pole: -0.67085D+00 au  -18.255 eV  0.939 (PS)
 Outer Valence Approximation: -0.65595D+00 au  -17.849 eV  0.927 (PS)

 Summary of results for beta  spin-orbital   3    P3: 
 Koopmans theorem:            -0.70586D+00 au  -19.207 eV
 Converged second order pole: -0.63849D+00 au  -17.374 eV  0.892 (PS)
 Converged 3rd order P3 pole: -0.67221D+00 au  -18.292 eV  0.918 (PS)

 Summary of results for beta  spin-orbital   4  OVGF: 
 Koopmans theorem:            -0.57441D+00 au  -15.630 eV
 Converged second order pole: -0.59784D+00 au  -16.268 eV  0.921 (PS)
 Converged third  order pole: -0.59153D+00 au  -16.096 eV  0.940 (PS)
 Outer Valence Approximation: -0.59320D+00 au  -16.142 eV  0.933 (PS)

 Summary of results for beta  spin-orbital   4    P3: 
 Koopmans theorem:            -0.57441D+00 au  -15.630 eV
 Converged second order pole: -0.59784D+00 au  -16.268 eV  0.921 (PS)
 Converged 3rd order P3 pole: -0.60660D+00 au  -16.506 eV  0.931 (PS)
 Orbitals  5 and  4 are degenerate.  Skipping orbital  5


 **********************************************************************

            Population analysis using the SCF density.

 **********************************************************************

 Orbital symmetries:
 Alpha Orbitals:
       Occupied  (SGG) (SGU) (SGG) (SGU) (PIU) (PIU) (SGG) (PIG)
                 (PIG)
       Virtual   (SGU) (SGG) (PIU) (PIU) (PIG) (PIG) (SGG) (SGU)
                 (SGU) (PIU) (PIU) (SGG) (SGU) (PIG) (PIG) (SGG)
                 (SGU) (PIU) (PIU) (DLTG) (DLTG) (DLTU) (DLTU)
                 (SGG) (PIG) (PIG) (SGU) (PIU) (PIU) (SGG) (PIG)
                 (PIG) (SGU) (SGG) (SGU)
 Beta  Orbitals:
       Occupied  (SGG) (SGU) (SGG) (SGU) (SGG) (PIU) (PIU)
       Virtual   (PIG) (PIG) (SGU) (SGG) (PIU) (PIU) (SGG) (PIG)
                 (PIG) (SGU) (SGU) (SGG) (SGU) (PIU) (PIU) (PIG)
                 (PIG) (SGG) (SGU) (PIU) (PIU) (DLTG) (DLTG) (SGG)
                 (DLTU) (DLTU) (PIG) (PIG) (SGU) (PIU) (PIU) (SGG)
                 (PIG) (PIG) (SGU) (SGG) (SGU)
 The electronic state is 3-SGG.
 Alpha  occ. eigenvalues --  -20.76357 -20.76292  -1.72339  -1.21353  -0.84797
 Alpha  occ. eigenvalues --   -0.84797  -0.76894  -0.56657  -0.56657
 Alpha virt. eigenvalues --    0.17127   0.17891   0.21341   0.21341   0.28137
 Alpha virt. eigenvalues --    0.28137   0.28578   0.42443   0.46615   1.13635
 Alpha virt. eigenvalues --    1.13635   1.15355   1.19466   1.20912   1.20912
 Alpha virt. eigenvalues --    1.43355   1.73192   2.56174   2.56174   2.86536
 Alpha virt. eigenvalues --    2.86536   3.13560   3.13560   3.20737   3.80470
 Alpha virt. eigenvalues --    3.80470   4.26449   5.22076   5.22076   5.33749
 Alpha virt. eigenvalues --    5.47098   5.47098   6.68235  51.28859  51.40171
  Beta  occ. eigenvalues --  -20.70788 -20.70671  -1.58733  -1.00128  -0.70586
  Beta  occ. eigenvalues --   -0.57441  -0.57441
  Beta virt. eigenvalues --    0.08294   0.08294   0.17933   0.18329   0.22785
  Beta virt. eigenvalues --    0.22785   0.28165   0.31708   0.31708   0.43000
  Beta virt. eigenvalues --    0.54278   1.16600   1.21655   1.22540   1.22540
  Beta virt. eigenvalues --    1.30199   1.30199   1.46669   1.78004   2.64076
  Beta virt. eigenvalues --    2.64076   2.99504   2.99504   3.28180   3.29220
  Beta virt. eigenvalues --    3.29220   3.88718   3.88718   4.30966   5.32732
  Beta virt. eigenvalues --    5.32732   5.35967   5.57705   5.57705   6.71687
  Beta virt. eigenvalues --   51.32156  51.43438
          Condensed to atoms (all electrons):
               1          2
     1  O    7.656320   0.343680
     2  O    0.343680   7.656320
          Atomic-Atomic Spin Densities.
               1          2
     1  O    1.429710  -0.429710
     2  O   -0.429710   1.429710
 Mulliken charges and spin densities:
               1          2
     1  O    0.000000   1.000000
     2  O    0.000000   1.000000
 Sum of Mulliken charges =   0.00000   2.00000
 Mulliken charges and spin densities with hydrogens summed into heavy atoms:
               1          2
     1  O    0.000000   1.000000
     2  O    0.000000   1.000000
 Electronic spatial extent (au):  <R**2>=             44.0093
 Charge=              0.0000 electrons
 Dipole moment (field-independent basis, Debye):
    X=              0.0000    Y=              0.0000    Z=              0.0000  Tot=              0.0000
 Quadrupole moment (field-independent basis, Debye-Ang):
   XX=            -10.0990   YY=            -10.0990   ZZ=            -10.6525
   XY=              0.0000   XZ=              0.0000   YZ=              0.0000
 Traceless Quadrupole moment (field-independent basis, Debye-Ang):
   XX=              0.1845   YY=              0.1845   ZZ=             -0.3690
   XY=              0.0000   XZ=              0.0000   YZ=              0.0000
 Octapole moment (field-independent basis, Debye-Ang**2):
  XXX=              0.0000  YYY=              0.0000  ZZZ=              0.0000  XYY=              0.0000
  XXY=              0.0000  XXZ=              0.0000  XZZ=              0.0000  YZZ=              0.0000
  YYZ=              0.0000  XYZ=              0.0000
 Hexadecapole moment (field-independent basis, Debye-Ang**3):
 XXXX=             -7.2414 YYYY=             -7.2414 ZZZZ=            -29.0353 XXXY=              0.0000
 XXXZ=              0.0000 YYYX=              0.0000 YYYZ=              0.0000 ZZZX=              0.0000
 ZZZY=              0.0000 XXYY=             -2.4138 XXZZ=             -6.3043 YYZZ=             -6.3043
 XXYZ=              0.0000 YYXZ=              0.0000 ZZXY=              0.0000
 N-N= 2.788369819452D+01 E-N=-4.106195980833D+02  KE= 1.494550642069D+02
 Symmetry AG   KE= 6.945257214325D+01
 Symmetry B1G  KE= 9.172973644457D-35
 Symmetry B2G  KE= 3.084252423079D+00
 Symmetry B3G  KE= 3.084252423079D+00
 Symmetry AU   KE= 2.213949176679D-34
 Symmetry B1U  KE= 6.507176036154D+01
 Symmetry B2U  KE= 4.381113427993D+00
 Symmetry B3U  KE= 4.381113427993D+00

 Atomic contributions to Alpha molecular orbitals:
 Alpha occ 1 OE=-20.764 is O2-s=0.50 O1-s=0.50
 Alpha occ 2 OE=-20.763 is O2-s=0.50 O1-s=0.50
 Alpha occ 3 OE=-1.723 is O2-s=0.44 O1-s=0.44 O2-p=0.06 O1-p=0.06
 Alpha occ 4 OE=-1.214 is O2-s=0.45 O1-s=0.45 O1-p=0.05 O2-p=0.05
 Alpha occ 5 OE=-0.848 is O2-p=0.50 O1-p=0.50
 Alpha occ 6 OE=-0.848 is O2-p=0.50 O1-p=0.50
 Alpha occ 7 OE=-0.769 is O2-p=0.42 O1-p=0.42 O1-s=0.07 O2-s=0.07
 Alpha occ 8 OE=-0.567 is O1-p=0.50 O2-p=0.50
 Alpha occ 9 OE=-0.567 is O2-p=0.50 O1-p=0.50
 Alpha vir 10 OE=0.171 is O1-p=1.95 O2-p=1.95 O1-s=-1.45 O2-s=-1.45
 Alpha vir 11 OE=0.179 is O2-s=0.49 O1-s=0.49
 Alpha vir 12 OE=0.213 is O2-p=0.50 O1-p=0.50
 Alpha vir 13 OE=0.213 is O2-p=0.50 O1-p=0.50
 Alpha vir 14 OE=0.281 is O1-p=0.50 O2-p=0.50
 Alpha vir 15 OE=0.281 is O1-p=0.50 O2-p=0.50
 Alpha vir 16 OE=0.286 is O2-p=0.51 O1-p=0.51 O1-s=-0.01 O2-s=-0.01
 Alpha vir 17 OE=0.424 is O1-s=2.19 O2-s=2.19 O1-p=-1.69 O2-p=-1.69
 Alpha vir 18 OE=0.466 is O1-p=0.48 O2-p=0.48 O1-s=0.01 O2-s=0.01
 Alpha vir 19 OE=1.136 is O2-p=0.50 O1-p=0.50
 Alpha vir 20 OE=1.136 is O2-p=0.50 O1-p=0.50
 Alpha vir 21 OE=1.154 is O2-p=0.49 O1-p=0.49 O2-d=0.02 O1-d=0.02
 Alpha vir 22 OE=1.195 is O2-p=0.69 O1-p=0.69 O1-s=-0.19 O2-s=-0.19
 Alpha vir 23 OE=1.209 is O2-p=0.50 O1-p=0.50
 Alpha vir 24 OE=1.209 is O2-p=0.50 O1-p=0.50
 Alpha vir 25 OE=1.434 is O1-s=0.50 O2-s=0.50 O2-d=0.02 O1-d=0.02 O2-p=-0.02 O1-p=-0.02
 Alpha vir 26 OE=1.732 is O1-s=0.47 O2-s=0.47 O1-p=0.03 O2-p=0.03
 Alpha vir 27 OE=2.562 is O2-d=0.49 O1-d=0.49
 Alpha vir 28 OE=2.562 is O2-d=0.49 O1-d=0.49
 Alpha vir 29 OE=2.865 is O2-d=0.50 O1-d=0.50
 Alpha vir 30 OE=2.865 is O2-d=0.50 O1-d=0.50
 Alpha vir 31 OE=3.136 is O2-d=0.50 O1-d=0.50
 Alpha vir 32 OE=3.136 is O2-d=0.50 O1-d=0.50
 Alpha vir 33 OE=3.207 is O2-d=0.46 O1-d=0.46 O1-p=0.03 O2-p=0.03 O2-s=0.02 O1-s=0.02
 Alpha vir 34 OE=3.805 is O2-d=0.49 O1-d=0.49
 Alpha vir 35 OE=3.805 is O2-d=0.49 O1-d=0.49
 Alpha vir 36 OE=4.264 is O2-d=0.40 O1-d=0.40 O1-p=0.08 O2-p=0.08 O2-s=0.02 O1-s=0.02
 Alpha vir 37 OE=5.221 is O1-p=0.50 O2-p=0.50
 Alpha vir 38 OE=5.221 is O2-p=0.50 O1-p=0.50
 Alpha vir 39 OE=5.337 is O1-p=0.50 O2-p=0.50
 Alpha vir 40 OE=5.471 is O2-p=0.50 O1-p=0.50
 Alpha vir 41 OE=5.471 is O2-p=0.50 O1-p=0.50
 Alpha vir 42 OE=6.682 is O2-p=0.41 O1-p=0.41 O1-d=0.09 O2-d=0.09
 Alpha vir 43 OE=51.289 is O2-s=0.50 O1-s=0.50
 Alpha vir 44 OE=51.402 is O1-s=0.50 O2-s=0.50

 Atomic contributions to Beta  molecular orbitals:
 Beta  occ 1 OE=-20.708 is O1-s=0.50 O2-s=0.50
 Beta  occ 2 OE=-20.707 is O2-s=0.50 O1-s=0.50
 Beta  occ 3 OE=-1.587 is O1-s=0.42 O2-s=0.42 O1-p=0.08 O2-p=0.08
 Beta  occ 4 OE=-1.001 is O2-s=0.40 O1-s=0.40 O1-p=0.10 O2-p=0.10
 Beta  occ 5 OE=-0.706 is O2-p=0.40 O1-p=0.40 O1-s=0.10 O2-s=0.10
 Beta  occ 6 OE=-0.574 is O2-p=0.50 O1-p=0.50
 Beta  occ 7 OE=-0.574 is O2-p=0.50 O1-p=0.50
 Beta  vir 8 OE=0.083 is O2-p=0.50 O1-p=0.50
 Beta  vir 9 OE=0.083 is O1-p=0.50 O2-p=0.50
 Beta  vir 10 OE=0.179 is O1-p=1.99 O2-p=1.99 O1-s=-1.49 O2-s=-1.49
 Beta  vir 11 OE=0.183 is O2-s=0.49 O1-s=0.49
 Beta  vir 12 OE=0.228 is O1-p=0.50 O2-p=0.50
 Beta  vir 13 OE=0.228 is O2-p=0.50 O1-p=0.50
 Beta  vir 14 OE=0.282 is O1-p=0.51 O2-p=0.51 O2-s=-0.02 O1-s=-0.02
 Beta  vir 15 OE=0.317 is O1-p=0.50 O2-p=0.50
 Beta  vir 16 OE=0.317 is O2-p=0.50 O1-p=0.50
 Beta  vir 17 OE=0.430 is O2-s=2.24 O1-s=2.24 O1-p=-1.74 O2-p=-1.74
 Beta  vir 18 OE=0.543 is O2-p=0.44 O1-p=0.44 O2-s=0.05 O1-s=0.05
 Beta  vir 19 OE=1.166 is O2-p=0.50 O1-p=0.50 O1-d=0.02 O2-d=0.02 O1-s=-0.01 O2-s=-0.01
 Beta  vir 20 OE=1.217 is O2-p=0.67 O1-p=0.67 O1-s=-0.17 O2-s=-0.17
 Beta  vir 21 OE=1.225 is O1-p=0.50 O2-p=0.50
 Beta  vir 22 OE=1.225 is O2-p=0.50 O1-p=0.50
 Beta  vir 23 OE=1.302 is O1-p=0.50 O2-p=0.50
 Beta  vir 24 OE=1.302 is O1-p=0.50 O2-p=0.50
 Beta  vir 25 OE=1.467 is O1-s=0.50 O2-s=0.50 O2-d=0.02 O1-d=0.02 O2-p=-0.02 O1-p=-0.02
 Beta  vir 26 OE=1.780 is O1-s=0.46 O2-s=0.46 O1-p=0.04 O2-p=0.04
 Beta  vir 27 OE=2.641 is O2-d=0.49 O1-d=0.49
 Beta  vir 28 OE=2.641 is O2-d=0.49 O1-d=0.49
 Beta  vir 29 OE=2.995 is O2-d=0.50 O1-d=0.50
 Beta  vir 30 OE=2.995 is O2-d=0.50 O1-d=0.50
 Beta  vir 31 OE=3.282 is O2-d=0.45 O1-d=0.45 O2-p=0.02 O1-p=0.02 O2-s=0.02 O1-s=0.02
 Beta  vir 32 OE=3.292 is O2-d=0.50 O1-d=0.50
 Beta  vir 33 OE=3.292 is O2-d=0.50 O1-d=0.50
 Beta  vir 34 OE=3.887 is O1-d=0.49 O2-d=0.49
 Beta  vir 35 OE=3.887 is O2-d=0.49 O1-d=0.49
 Beta  vir 36 OE=4.310 is O2-d=0.40 O1-d=0.40 O1-p=0.08 O2-p=0.08 O1-s=0.02 O2-s=0.02
 Beta  vir 37 OE=5.327 is O2-p=0.50 O1-p=0.50
 Beta  vir 38 OE=5.327 is O2-p=0.50 O1-p=0.50
 Beta  vir 39 OE=5.360 is O1-p=0.50 O2-p=0.50
 Beta  vir 40 OE=5.577 is O2-p=0.50 O1-p=0.50
 Beta  vir 41 OE=5.577 is O2-p=0.50 O1-p=0.50
 Beta  vir 42 OE=6.717 is O2-p=0.41 O1-p=0.41 O2-d=0.09 O1-d=0.09
 Beta  vir 43 OE=51.322 is O1-s=0.50 O2-s=0.50
 Beta  vir 44 OE=51.434 is O1-s=0.50 O2-s=0.50
 
 1\1\GINC-GAMBA\SP\UOVGF-FC\Gen\O2(3)\IRIKURA\17-May-2017\0\\# EPT(OVGF
 +P3,ReadOrbitals)/GEN gfinput geom=check guess=check scf=xqc pop(all,t
 hresh=1)\\BEB step 4: EPT B for o2\\0,3\O,0,-2.024167039,1.50180939,0.
 \O,0,-3.238759921,1.50180939,0.\\Version=ES64L-G09RevD.01\State=3-SGG\
 HF=-149.6582282\MP2=-150.0297785\PUHF=-149.6687587\PMP2-0=-150.0364978
 \S2=2.045564\S2-1=2.01208\S2A=2.00105\RMSD=6.943e-09\PG=D*H [C*(O1.O1)
 ]\\@


 ON A CLEAR DISK YOU CAN SEEK FOREVER.
 Job cpu time:       0 days  0 hours  0 minutes 26.5 seconds.
 File lengths (MBytes):  RWF=     21 Int=      0 D2E=      0 Chk=      1 Scr=      1
 Normal termination of Gaussian 09 at Wed May 17 14:06:38 2017.
